05-03 00:38:04.901   310   310 I art     : option[43]=-Duser.locale=en-US
05-03 00:38:04.901   310   310 I art     : option[44]=--cpu-abilist=armeabi-v7a,armeabi
05-03 00:38:04.901   310   310 I art     : option[45]=-Xfingerprint:Fire/full_karnak/karnak:7.1.2/NJH47F/eng.kai.20190429.073351:eng/test-keys
05-03 00:38:04.924   308   308 D NvramDrv: NvramDrv check nvram demon
05-03 00:38:04.950   305   305 I surfaceflinger: type=1400 audit(0.0:31): avc: denied { read write } for path="/dev/mali0" dev="tmpfs" ino=8699 scontext=u:r:surfaceflinger:s0 tcontext=u:object_r:device:s0 tclass=chr_file permissive=1
05-03 00:38:05.000   415   479 D MALI    : osup_constructor:144: osup_constructor
05-03 00:38:05.000   415   479 D libEGL  : loaded /vendor/lib/egl/libGLES_mali.so
05-03 00:38:05.024   308   308 D NvramDrv: NvramDrv check nvram demon
05-03 00:38:05.050   479   479 I BootAnimation: type=1400 audit(0.0:32): avc: denied { read write } for name="mali0" dev="tmpfs" ino=8699 scontext=u:r:bootanim:s0 tcontext=u:object_r:device:s0 tclass=chr_file permissive=1
05-03 00:38:05.050   479   479 I BootAnimation: type=1400 audit(0.0:33): avc: denied { open } for path="/dev/mali0" dev="tmpfs" ino=8699 scontext=u:r:bootanim:s0 tcontext=u:object_r:device:s0 tclass=chr_file permissive=1
05-03 00:38:05.050   479   479 I BootAnimation: type=1400 audit(0.0:34): avc: denied { getattr } for path="/dev/mali0" dev="tmpfs" ino=8699 scontext=u:r:bootanim:s0 tcontext=u:object_r:device:s0 tclass=chr_file permissive=1
05-03 00:38:05.050   479   479 I BootAnimation: type=1400 audit(0.0:35): avc: denied { ioctl } for path="/dev/mali0" dev="tmpfs" ino=8699 ioctlcmd=8000 scontext=u:r:bootanim:s0 tcontext=u:object_r:device:s0 tclass=chr_file permissive=1
05-03 00:38:05.066   415   479 D mali_winsys: EGLint new_window_surface(egl_winsys_display*, void*, EGLSurface, EGLConfig, egl_winsys_surface**, egl_color_buffer_format*, EGLBoolean) returns 0x3000
05-03 00:38:05.069   310   310 D ICU     : No timezone override file found: /data/misc/zoneinfo/current/icu/icu_tzdata.dat
05-03 00:38:05.124   308   308 D NvramDrv: NvramDrv check nvram demon
05-03 00:38:05.197   305   305 D MALI    : eglCreateImageKHR:513: [Crop] 0 0 800 1280  img[800 1280]
05-03 00:38:05.213   305   305 D MALI    : eglCreateImageKHR:513: [Crop] 0 0 800 1280  img[800 1280]
05-03 00:38:05.225   308   308 D NvramDrv: NvramDrv check nvram demon
05-03 00:38:05.259   310   310 W art     : Before Android 4.1, method double java.util.concurrent.ThreadLocalRandom.internalNextDouble(double, double) would have incorrectly overridden the package-private method in java.util.Random
05-03 00:38:05.259   310   310 W art     : Before Android 4.1, method int java.util.concurrent.ThreadLocalRandom.internalNextInt(int, int) would have incorrectly overridden the package-private method in java.util.Random
05-03 00:38:05.259   310   310 W art     : Before Android 4.1, method long java.util.concurrent.ThreadLocalRandom.internalNextLong(long, long) would have incorrectly overridden the package-private method in java.util.Random
05-03 00:38:05.325   308   308 D NvramDrv: NvramDrv check nvram demon
05-03 00:38:05.425   308   308 D NvramDrv: NvramDrv check nvram demon
05-03 00:38:05.525   308   308 D NvramDrv: NvramDrv check nvram demon
05-03 00:38:05.625   308   308 D NvramDrv: NvramDrv check nvram demon
05-03 00:38:05.694   310   310 I Radio-JNI: register_android_hardware_Radio DONE
05-03 00:38:05.725   308   308 D NvramDrv: NvramDrv check nvram demon
05-03 00:38:05.796   310   310 I SamplingProfilerIntegration: Profiling disabled.
05-03 00:38:05.798   310   310 D Zygote  : begin preload
05-03 00:38:05.798   310   310 I Zygote  : Installing ICU cache reference pinning...
05-03 00:38:05.799   310   310 I Zygote  : Preloading ICU data...
05-03 00:38:05.825   308   308 D NvramDrv: NvramDrv check nvram demon
05-03 00:38:05.926   308   308 D NvramDrv: NvramDrv check nvram demon
05-03 00:38:06.026   308   308 D NvramDrv: NvramDrv check nvram demon
05-03 00:38:06.126   308   308 D NvramDrv: NvramDrv check nvram demon
05-03 00:38:06.226   308   308 D NvramDrv: NvramDrv check nvram demon
05-03 00:38:06.240   319   319 V NatController: runCmd(/system/bin/iptables -w -F natctrl_FORWARD) res=0
05-03 00:38:06.252   319   319 V NatController: runCmd(/system/bin/ip6tables -w -F natctrl_FORWARD) res=0
05-03 00:38:06.266   319   319 V NatController: runCmd(/system/bin/iptables -w -A natctrl_FORWARD -j DROP) res=0
05-03 00:38:06.278   319   319 V NatController: runCmd(/system/bin/iptables -w -t nat -F natctrl_nat_POSTROUTING) res=0
05-03 00:38:06.288   310   310 I Zygote  : Preloading classes...
05-03 00:38:06.306   319   319 V NatController: runCmd(/system/bin/ip6tables -w -t raw -F natctrl_raw_PREROUTING) res=0
05-03 00:38:06.308   310   310 W Zygote  : Class not found for preloading: [Landroid.view.Display$ColorTransform;
05-03 00:38:06.320   319   319 V NatController: runCmd(/system/bin/iptables -w -F natctrl_tether_counters) res=1
05-03 00:38:06.326   308   308 D NvramDrv: NvramDrv check nvram demon
05-03 00:38:06.333   319   319 V NatController: runCmd(/system/bin/ip6tables -w -F natctrl_tether_counters) res=1
05-03 00:38:06.346   319   319 V NatController: runCmd(/system/bin/iptables -w -X natctrl_tether_counters) res=1
05-03 00:38:06.359   319   319 V NatController: runCmd(/system/bin/ip6tables -w -X natctrl_tether_counters) res=1
05-03 00:38:06.372   319   319 V NatController: runCmd(/system/bin/iptables -w -N natctrl_tether_counters) res=0
05-03 00:38:06.386   319   319 V NatController: runCmd(/system/bin/ip6tables -w -N natctrl_tether_counters) res=0
05-03 00:38:06.399   319   319 V NatController: runCmd(/system/bin/iptables -w -t mangle -A natctrl_mangle_FORWARD -p tcp --tcp-flags SYN SYN -j TCPMSS --clamp-mss-to-pmtu) res=0
05-03 00:38:06.426   308   308 D NvramDrv: NvramDrv check nvram demon
05-03 00:38:06.526   308   308 D NvramDrv: NvramDrv check nvram demon
05-03 00:38:06.627   308   308 D NvramDrv: NvramDrv check nvram demon
05-03 00:38:06.727   308   308 D NvramDrv: NvramDrv check nvram demon
05-03 00:38:06.770   319   319 I netd    : type=1400 audit(0.0:36): avc: denied { module_request } for kmod="netdev-dummy0" scontext=u:r:netd:s0 tcontext=u:r:kernel:s0 tclass=system permissive=1
05-03 00:38:06.778   319   319 E Netd    : cannot find interface dummy0
05-03 00:38:06.779   319   319 E Netd    : Unable to create netlink socket: Protocol not supported
05-03 00:38:06.779   319   319 W Netd    : Unable to open qlog quota socket, check if xt_quota2 can send via UeventHandler
05-03 00:38:06.780   319   625 D MDnsDS  : MDnsSdListener starting to monitor
05-03 00:38:06.780   319   319 D MDnsDS  : MDnsSdListener::Hander starting up
05-03 00:38:06.780   319   625 D MDnsDS  : Going to poll with pollCount 1
05-03 00:38:06.813   305   305 D MALI    : eglCreateImageKHR:513: [Crop] 0 0 800 1280  img[800 1280]
05-03 00:38:06.827   308   308 D NvramDrv: NvramDrv check nvram demon
05-03 00:38:06.927   308   308 D NvramDrv: NvramDrv check nvram demon
05-03 00:38:07.027   308   308 D NvramDrv: NvramDrv check nvram demon
05-03 00:38:07.127   308   308 D NvramDrv: NvramDrv check nvram demon
05-03 00:38:07.228   308   308 D NvramDrv: NvramDrv check nvram demon
05-03 00:38:07.328   308   308 D NvramDrv: NvramDrv check nvram demon
05-03 00:38:07.428   308   308 D NvramDrv: NvramDrv check nvram demon
05-03 00:38:07.528   308   308 D NvramDrv: NvramDrv check nvram demon
05-03 00:38:07.558   310   310 E Typeface: Error mapping font file /system/fonts/DroidSansFallback.ttf
05-03 00:38:07.628   308   308 D NvramDrv: NvramDrv check nvram demon
05-03 00:38:07.728   308   308 D NvramDrv: NvramDrv check nvram demon
05-03 00:38:07.829   308   308 D NvramDrv: NvramDrv check nvram demon
05-03 00:38:07.929   308   308 D NvramDrv: NvramDrv check nvram demon
05-03 00:38:08.029   308   308 D NvramDrv: NvramDrv check nvram demon
05-03 00:38:08.129   308   308 D NvramDrv: NvramDrv check nvram demon
05-03 00:38:08.229   308   308 D NvramDrv: NvramDrv check nvram demon
05-03 00:38:08.329   308   308 D NvramDrv: NvramDrv check nvram demon
05-03 00:38:08.429   308   308 D NvramDrv: NvramDrv check nvram demon
05-03 00:38:08.530   308   308 D NvramDrv: NvramDrv check nvram demon
05-03 00:38:08.630   308   308 D NvramDrv: NvramDrv check nvram demon
05-03 00:38:08.730   308   308 D NvramDrv: NvramDrv check nvram demon
05-03 00:38:08.831   308   308 D NvramDrv: NvramDrv check nvram demon
05-03 00:38:08.931   308   308 D NvramDrv: NvramDrv check nvram demon
05-03 00:38:09.031   308   308 D NvramDrv: NvramDrv check nvram demon
05-03 00:38:09.131   308   308 D NvramDrv: NvramDrv check nvram demon
05-03 00:38:09.231   308   308 D NvramDrv: NvramDrv check nvram demon
05-03 00:38:09.331   308   308 D NvramDrv: NvramDrv check nvram demon
05-03 00:38:09.431   308   308 D NvramDrv: NvramDrv check nvram demon
05-03 00:38:09.531   308   308 D NvramDrv: NvramDrv check nvram demon
05-03 00:38:09.632   308   308 D NvramDrv: NvramDrv check nvram demon
05-03 00:38:09.732   308   308 D NvramDrv: NvramDrv check nvram demon
05-03 00:38:09.832   308   308 D NvramDrv: NvramDrv check nvram demon
05-03 00:38:09.932   308   308 D NvramDrv: NvramDrv check nvram demon
05-03 00:38:10.032   308   308 D NvramDrv: NvramDrv check nvram demon
05-03 00:38:10.132   308   308 D NvramDrv: NvramDrv check nvram demon
05-03 00:38:10.232   308   308 D NvramDrv: NvramDrv check nvram demon
05-03 00:38:10.332   308   308 D NvramDrv: NvramDrv check nvram demon
05-03 00:38:10.433   308   308 D NvramDrv: NvramDrv check nvram demon
05-03 00:38:10.533   308   308 D NvramDrv: NvramDrv check nvram demon
05-03 00:38:10.633   308   308 D NvramDrv: NvramDrv check nvram demon
05-03 00:38:10.733   308   308 D NvramDrv: NvramDrv check nvram demon
05-03 00:38:10.833   308   308 D NvramDrv: NvramDrv check nvram demon
05-03 00:38:10.933   308   308 D NvramDrv: NvramDrv check nvram demon
05-03 00:38:11.024   310   310 I art     : Thread[1,tid=310,Native,Thread*=0xf4404400,peer=0x12c04f70,"main"] recursive attempt to load library "/system/lib/libmedia_jni.so"
05-03 00:38:11.025   310   310 D MtpDeviceJNI: register_android_mtp_MtpDevice
05-03 00:38:11.028   310   310 I art     : Thread[1,tid=310,Native,Thread*=0xf4404400,peer=0x12c04f70,"main"] recursive attempt to load library "/system/lib/libmedia_jni.so"
05-03 00:38:11.029   310   310 I art     : Thread[1,tid=310,Native,Thread*=0xf4404400,peer=0x12c04f70,"main"] recursive attempt to load library "/system/lib/libmedia_jni.so"
05-03 00:38:11.033   308   308 D NvramDrv: NvramDrv check nvram demon
05-03 00:38:11.132   310   310 E FFMPEGSoftCodec: Failed to load FFMPEG plugin: (null)
05-03 00:38:11.134   308   308 D NvramDrv: NvramDrv check nvram demon
05-03 00:38:11.234   308   308 D NvramDrv: NvramDrv check nvram demon
05-03 00:38:11.334   308   308 D NvramDrv: NvramDrv check nvram demon
05-03 00:38:11.434   308   308 D NvramDrv: NvramDrv check nvram demon
05-03 00:38:11.534   308   308 D NvramDrv: NvramDrv check nvram demon
05-03 00:38:11.634   308   308 D NvramDrv: NvramDrv check nvram demon
05-03 00:38:11.734   308   308 D NvramDrv: NvramDrv check nvram demon
05-03 00:38:11.834   308   308 D NvramDrv: NvramDrv check nvram demon
05-03 00:38:11.935   308   308 D NvramDrv: NvramDrv check nvram demon
05-03 00:38:12.035   308   308 D NvramDrv: NvramDrv check nvram demon
05-03 00:38:12.135   308   308 D NvramDrv: NvramDrv check nvram demon
05-03 00:38:12.235   308   308 D NvramDrv: NvramDrv check nvram demon
05-03 00:38:12.335   308   308 D NvramDrv: NvramDrv check nvram demon
05-03 00:38:12.364   310   310 W Zygote  : Class not found for preloading: android.view.Display$ColorTransform
05-03 00:38:12.365   310   310 W Zygote  : Class not found for preloading: android.view.Display$ColorTransform$1
05-03 00:38:12.435   308   308 D NvramDrv: NvramDrv check nvram demon
05-03 00:38:12.535   308   308 D NvramDrv: NvramDrv check nvram demon
05-03 00:38:12.636   308   308 D NvramDrv: NvramDrv check nvram demon
05-03 00:38:12.736   308   308 D NvramDrv: NvramDrv check nvram demon
05-03 00:38:12.836   308   308 D NvramDrv: NvramDrv check nvram demon
05-03 00:38:12.936   308   308 D NvramDrv: NvramDrv check nvram demon
05-03 00:38:13.036   308   308 D NvramDrv: NvramDrv check nvram demon
05-03 00:38:13.136   308   308 D NvramDrv: NvramDrv check nvram demon
05-03 00:38:13.143   310   310 W System  : ClassLoader referenced unknown path: /system/framework/tcmclient.jar
05-03 00:38:13.236   308   308 D NvramDrv: NvramDrv check nvram demon
05-03 00:38:13.337   308   308 D NvramDrv: NvramDrv check nvram demon
05-03 00:38:13.437   308   308 D NvramDrv: NvramDrv check nvram demon
05-03 00:38:13.537   308   308 D NvramDrv: NvramDrv check nvram demon
05-03 00:38:13.637   308   308 D NvramDrv: NvramDrv check nvram demon
05-03 00:38:13.737   308   308 D NvramDrv: NvramDrv check nvram demon
05-03 00:38:13.837   308   308 D NvramDrv: NvramDrv check nvram demon
05-03 00:38:13.937   308   308 D NvramDrv: NvramDrv check nvram demon
05-03 00:38:13.976   310   310 I System  : Loaded time zone names for "" in 259ms (85ms in ICU)
05-03 00:38:14.038   308   308 D NvramDrv: NvramDrv check nvram demon
05-03 00:38:14.138   308   308 D NvramDrv: NvramDrv check nvram demon
05-03 00:38:14.193   310   310 I System  : Loaded time zone names for "en_US" in 215ms (40ms in ICU)
05-03 00:38:14.238   308   308 D NvramDrv: NvramDrv check nvram demon
05-03 00:38:14.338   308   308 D NvramDrv: NvramDrv check nvram demon
05-03 00:38:14.438   308   308 D NvramDrv: NvramDrv check nvram demon
05-03 00:38:14.538   308   308 D NvramDrv: NvramDrv check nvram demon
05-03 00:38:14.638   308   308 D NvramDrv: NvramDrv check nvram demon
05-03 00:38:14.638   308   308 E NvramDrv: NvramDrvMError:   623: error demomn 10015 ms, timeout
05-03 00:38:14.630   308   308 I cameraserver: type=1400 audit(0.0:37): avc: denied { read } for name="fstab.mt8163" dev="mmcblk0p16" ino=458436 scontext=u:r:cameraserver:s0 tcontext=u:object_r:system_data_file:s0 tclass=file permissive=1
05-03 00:38:14.630   308   308 I cameraserver: type=1400 audit(0.0:38): avc: denied { open } for path="/data/nvram/fstab.mt8163" dev="mmcblk0p16" ino=458436 scontext=u:r:cameraserver:s0 tcontext=u:object_r:system_data_file:s0 tclass=file permissive=1
05-03 00:38:14.630   308   308 I cameraserver: type=1400 audit(0.0:39): avc: denied { getattr } for path="/data/nvram/fstab.mt8163" dev="mmcblk0p16" ino=458436 scontext=u:r:cameraserver:s0 tcontext=u:object_r:system_data_file:s0 tclass=file permissive=1
05-03 00:38:14.640   308   308 D NVRAM   : length of g_NVRAM_BACKUP_DEVICE=59
05-03 00:38:14.640   308   308 D NVRAM   : failed to get entry for /nvdata
05-03 00:38:14.640   308   308 D NVRAM   : failed to get nvdata path /nvdata
05-03 00:38:14.640   308   308 D NVRAM   : nvram_layout_callback will run!!!
05-03 00:38:14.640   308   308 D NVRAM   : nvram_platform_log_block: 2
05-03 00:38:14.640   308   308 D NVRAM   : nvram_platform_resv_block: 2
05-03 00:38:14.640   308   308 D NVRAM   : nvram_platform_DM_block: 1
05-03 00:38:14.640   308   308 D NVRAM   : nvram_platform_layout_version: 0
05-03 00:38:14.640   308   308 D NVRAM   : nvram_platform_header_offset: 0
05-03 00:38:14.640   308   308 D NVRAM   : g_i4CFG_File_Count: 49
05-03 00:38:14.640   308   308 D NVRAM   : NVM_Init Max Lid: 71
05-03 00:38:14.640   308   308 D NVRAM   : [NVRAM]: info nvram_gpt_flag =1
05-03 00:38:14.640   308   308 D NVRAM   : [NVRAM]: info NVRAM Init Completed!
05-03 00:38:14.640   308   308 D NVRAM   : NVM_GetFileDesc: Open /data/nvram/media/CAMERA_VERSION,LID:22
05-03 00:38:14.641   308   308 D NVRAM   : NVM_CmpFileVerNo 22
05-03 00:38:14.642   308   308 D NVRAM   : Load File Version: 000, NvRam File Version: 000
05-03 00:38:14.642   308   308 D NVRAM   : NVM_CheckFileSize : 22 ++
05-03 00:38:14.642   308   308 D NVRAM   : iCustomBeginLID = 49
05-03 00:38:14.642   308   308 D NVRAM   : NVM_CheckFileSize:stat_size:82,size in table:80
05-03 00:38:14.643   308   308 D NVRAM   : NVM_CheckFile: File is correct!
05-03 00:38:14.643   308   308 D NVRAM   : NVM_ProtectUserData:Check Success
05-03 00:38:14.643   308   308 D NVRAM   : NVM_GetFileDesc ProtectDataFile Check Success!!
05-03 00:38:14.643   308   308 D NVRAM   : NVM_CloseFileDesc: Open by Readonly, no need to check when close
05-03 00:38:14.643   308   308 D NvramDrv: NvramDrv [readNvramData]- 0 0 0 0 0 0 0 0 0 0
05-03 00:38:14.643   308   308 D nvbuf_util.cpp: nvbuf_util.cpp readRamVersion nvRamId=0 ver : isp=0,3a=0,sh=0,lens=0,pl=0,stb=0,tsf=0,geo=0,feature=0
05-03 00:38:14.643   308   308 D nvbuf_util.cpp: nvbuf_util.cpp readRamVersion ln=600 ver=0 err=0
05-03 00:38:14.643   308   308 D nvbuf_util.cpp: nvbuf_util.cpp ln=376 1
05-03 00:38:14.643   308   308 D nvbuf_util.cpp: nvbuf_util.cpp ln=393 9077
05-03 00:38:14.643   308   308 D NvramDrv: NvramDrv [readNvrameEx] sensor type = 1; NVRAM data type = 0
05-03 00:38:14.643   308   308 D NvramDrv: NvramDrv checkDataVersionNew
05-03 00:38:14.643   308   308 D NvramDrv: NvramDrv checkDataVersionNew v=0 vTar=1
05-03 00:38:14.643   308   308 D NvramDrv: NvramDrv [readDefaultData] sensor ID = 9077; NVRAM data type = 0
05-03 00:38:14.645   308   308 D nvbuf_util.cpp: nvbuf_util.cpp getBufAndRead- ln=622
05-03 00:38:14.645   308   308 D dngInfo : [DngInfoImp] S0(0.000000,0.000000) O0(0.000000,0.000000) S1(0.000000,0.000000) O1(0.000000,0.000000) S2(0.000000,0.000000) O2(0.000000,0.000000) S3(0.000000,0.000000) O3(0.000000,0.000000)
05-03 00:38:14.645   308   308 D dngInfo : [convertColorTransform] Support Only one color trasform for DNG, NVRAM CCM index(0)
05-03 00:38:14.645   308   308 D dngInfo : CCM1: [3.601562, -1.742188, 0.140625][-0.359375, 3.000000, -0.640625][-0.148438, -1.335938, 3.484375]
05-03 00:38:14.645   308   308 D dngInfo : CM1: [0.786334, -0.119272, -0.117662][-0.237798, 0.650739, 0.069140][-0.041706, 0.185863, 0.324915]
05-03 00:38:14.645   308   308 D dngInfo : FM1: [1.410929, 0.204324, 0.313186][0.534738, 1.682011, -0.216749][-0.090729, -0.687050, 2.428199]
05-03 00:38:14.645   308   308 D dngInfo : [DngInfoImp] Correctly converted color transform
05-03 00:38:14.648   308   308 D MtkCam/MetadataProvider.constructStatic: [constructStaticMetadata] Allocating 4 entries from Dng Info
05-03 00:38:14.649   308   308 D MtkCam/MetadataProvider.constructStatic: [constructStaticMetadata] Allocating 79 entries from customization + sensor HAL + Dng Info
05-03 00:38:14.652   308   308 D MtkCam/Metadata: [add] [0] deviceId:0 -> 0xf64919b0
05-03 00:38:14.652   308   308 I MtkCam/devicemgr: [enumDeviceLocked] iFacing:0, iWantedOrientation:90, iSetupOrientation:90, flashlight available:0
05-03 00:38:14.655   308   308 D MtkCam/MetadataProvider.constructStatic: [constructStaticMetadata] construct static metadata
05-03 00:38:14.655   308   308 W MtkCam/MetadataProvider.constructStatic: [impConstructStaticMetadata_by_SymbolName] constructCustStaticMetadata_DEVICE_LENS_SENSOR_DRVNAME_SP2509MIPI_RAW_CHXT_FRONT returns status[Unknown error -1(-1)]
05-03 00:38:14.655   308   308 W MtkCam/MetadataProvider.constructStatic: [impConstructStaticMetadata_by_SymbolName] constructCustStaticMetadata_DEVICE_LENS_COMMON not found
05-03 00:38:14.656   308   308 W MtkCam/MetadataProvider.constructStatic: [impConstructStaticMetadata_by_SymbolName] constructCustStaticMetadata_DEVICE_SENSOR_SENSOR_DRVNAME_SP2509MIPI_RAW_CHXT_FRONT returns status[Unknown error -1(-1)]
05-03 00:38:14.656   308   308 W MtkCam/MetadataProvider.constructStatic: [impConstructStaticMetadata_by_SymbolName] constructCustStaticMetadata_DEVICE_SENSOR_COMMON not found
05-03 00:38:14.657   308   308 W MtkCam/MetadataProvider.constructStatic: [impConstructStaticMetadata_by_SymbolName] constructCustStaticMetadata_DEVICE_TUNING_3A_SENSOR_DRVNAME_SP2509MIPI_RAW_CHXT_FRONT returns status[Unknown error -1(-1)]
05-03 00:38:14.658   308   308 W MtkCam/MetadataProvider.constructStatic: [impConstructStaticMetadata_by_SymbolName] constructCustStaticMetadata_DEVICE_TUNING_3A_COMMON not found
05-03 00:38:14.658   308   308 W MtkCam/MetadataProvider.constructStatic: [impConstructStaticMetadata_by_SymbolName] constructCustStaticMetadata_DEVICE_FLASHLIGHT_SENSOR_DRVNAME_SP2509MIPI_RAW_CHXT_FRONT returns status[Unknown error -1(-1)]
05-03 00:38:14.658   308   308 W MtkCam/MetadataProvider.constructStatic: [impConstructStaticMetadata_by_SymbolName] constructCustStaticMetadata_DEVICE_FLASHLIGHT_COMMON not found
05-03 00:38:14.659   308   308 W MtkCam/MetadataProvider.constructStatic: [impConstructStaticMetadata_by_SymbolName] constructCustStaticMetadata_DEVICE_CAMERA_SENSOR_DRVNAME_SP2509MIPI_RAW_CHXT_FRONT returns status[Unknown error -1(-1)]
05-03 00:38:14.660   308   308 W MtkCam/MetadataProvider.constructStatic: [impConstructStaticMetadata_by_SymbolName] constructCustStaticMetadata_PROJECT_LENS_SENSOR_DRVNAME_SP2509MIPI_RAW_CHXT_FRONT not found
05-03 00:38:14.660   308   308 W MtkCam/MetadataProvider.constructStatic: [impConstructStaticMetadata_by_SymbolName] constructCustStaticMetadata_PROJECT_LENS_COMMON not found
05-03 00:38:14.660   308   308 W MtkCam/MetadataProvider.constructStatic: [impConstructStaticMetadata_by_SymbolName] constructCustStaticMetadata_PROJECT_SENSOR_SENSOR_DRVNAME_SP2509MIPI_RAW_CHXT_FRONT not found
05-03 00:38:14.661   308   308 W MtkCam/MetadataProvider.constructStatic: [impConstructStaticMetadata_by_SymbolName] constructCustStaticMetadata_PROJECT_SENSOR_COMMON not found
05-03 00:38:14.661   308   308 W MtkCam/MetadataProvider.constructStatic: [impConstructStaticMetadata_by_SymbolName] constructCustStaticMetadata_PROJECT_TUNING_3A_SENSOR_DRVNAME_SP2509MIPI_RAW_CHXT_FRONT not found
05-03 00:38:14.661   308   308 W MtkCam/MetadataProvider.constructStatic: [impConstructStaticMetadata_by_SymbolName] constructCustStaticMetadata_PROJECT_TUNING_3A_COMMON not found
05-03 00:38:14.661   308   308 W MtkCam/MetadataProvider.constructStatic: [impConstructStaticMetadata_by_SymbolName] constructCustStaticMetadata_PROJECT_FLASHLIGHT_SENSOR_DRVNAME_SP2509MIPI_RAW_CHXT_FRONT not found
05-03 00:38:14.661   308   308 W MtkCam/MetadataProvider.constructStatic: [impConstructStaticMetadata_by_SymbolName] constructCustStaticMetadata_PROJECT_FLASHLIGHT_COMMON not found
05-03 00:38:14.662   308   308 W MtkCam/MetadataProvider.constructStatic: [impConstructStaticMetadata_by_SymbolName] constructCustStaticMetadata_PROJECT_SCALER_SENSOR_DRVNAME_SP2509MIPI_RAW_CHXT_FRONT not found
05-03 00:38:14.662   308   308 W MtkCam/MetadataProvider.constructStatic: [impConstructStaticMetadata_by_SymbolName] constructCustStaticMetadata_PROJECT_SCALER_COMMON not found
05-03 00:38:14.665   308   308 W MtkCam/MetadataProvider.constructStatic: [impConstructStaticMetadata_by_SymbolName] constructCustStaticMetadata_PROJECT_FEATURE_SENSOR_DRVNAME_SP2509MIPI_RAW_CHXT_FRONT not found
05-03 00:38:14.666   308   308 W MtkCam/MetadataProvider.constructStatic: [impConstructStaticMetadata_by_SymbolName] constructCustStaticMetadata_PROJECT_FEATURE_COMMON not found
05-03 00:38:14.666   308   308 W MtkCam/MetadataProvider.constructStatic: [impConstructStaticMetadata_by_SymbolName] constructCustStaticMetadata_PROJECT_CAMERA_SENSOR_DRVNAME_SP2509MIPI_RAW_CHXT_FRONT not found
05-03 00:38:14.666   308   308 W MtkCam/MetadataProvider.constructStatic: [impConstructStaticMetadata_by_SymbolName] constructCustStaticMetadata_PROJECT_CAMERA_COMMON not found
05-03 00:38:14.666   308   308 W MtkCam/MetadataProvider.constructStatic: [impConstructStaticMetadata_by_SymbolName] constructCustStaticMetadata_PROJECT_REQUEST_SENSOR_DRVNAME_SP2509MIPI_RAW_CHXT_FRONT not found
05-03 00:38:14.667   308   308 W MtkCam/MetadataProvider.constructStatic: [impConstructStaticMetadata_by_SymbolName] constructCustStaticMetadata_PROJECT_REQUEST_COMMON not found
05-03 00:38:14.667   308   308 D MtkCam/MetadataProvider.constructStatic: [constructStaticMetadata] Allocating 79 entries from customization
05-03 00:38:14.667   308   308 D MtkCam/MetadataProvider.constructStatic: [constructStaticMetadata] Allocating 59 entries from sensor HAL
05-03 00:38:14.667   308   308 D nvbuf_util.cpp: nvbuf_util.cpp getBufAndRead+ ln=578 ramId=0 sensorDev=2
05-03 00:38:14.667   308   308 D nvbuf_util.cpp: nvbuf_util.cpp readRamVersion nvRamId=0 ver : isp=0,3a=0,sh=0,lens=0,pl=0,stb=0,tsf=0,geo=0,feature=0
05-03 00:38:14.667   308   308 D nvbuf_util.cpp: nvbuf_util.cpp readRamVersion ln=600 ver=0 err=0
05-03 00:38:14.667   308   308 D nvbuf_util.cpp: nvbuf_util.cpp ln=380 2
05-03 00:38:14.667   308   308 D nvbuf_util.cpp: nvbuf_util.cpp ln=393 9482
05-03 00:38:14.667   308   308 D NvramDrv: NvramDrv [readNvrameEx] sensor type = 2; NVRAM data type = 0
05-03 00:38:14.667   308   308 D NvramDrv: NvramDrv checkDataVersionNew
05-03 00:38:14.667   308   308 D NvramDrv: NvramDrv checkDataVersionNew v=0 vTar=1
05-03 00:38:14.667   308   308 D NvramDrv: NvramDrv [readDefaultData] sensor ID = 9482; NVRAM data type = 0
05-03 00:38:14.671   308   308 D nvbuf_util.cpp: nvbuf_util.cpp getBufAndRead- ln=622
05-03 00:38:14.671   308   308 D dngInfo : [DngInfoImp] S0(0.000000,0.000000) O0(0.000000,0.000000) S1(0.000000,0.000000) O1(0.000000,0.000000) S2(0.000000,0.000000) O2(0.000000,0.000000) S3(0.000000,0.000000) O3(0.000000,0.000000)
05-03 00:38:14.672   308   308 D dngInfo : [convertColorTransform] Support Only one color trasform for DNG, NVRAM CCM index(0)
05-03 00:38:14.672   308   308 D dngInfo : CCM1: [3.960938, -2.218750, 0.257812][-0.539062, 3.195312, -0.656250][-0.140625, -1.531250, 3.671875]
05-03 00:38:14.672   308   308 D dngInfo : CM1: [0.713792, -0.054312, -0.114000][-0.190510, 0.619139, 0.056882][-0.036956, 0.200550, 0.307280]
05-03 00:38:14.672   308   308 D dngInfo : FM1: [1.499570, 0.043770, 0.385100][0.486360, 1.704150, -0.190509][-0.097592, -0.814211, 2.562222]
05-03 00:38:14.672   308   308 D dngInfo : [DngInfoImp] Correctly converted color transform
05-03 00:38:14.672   308   308 D MtkCam/MetadataProvider.constructStatic: [constructStaticMetadata] Allocating 4 entries from Dng Info
05-03 00:38:14.673   308   308 D MtkCam/MetadataProvider.constructStatic: [constructStaticMetadata] Allocating 79 entries from customization + sensor HAL + Dng Info
05-03 00:38:14.676   308   308 D MtkCam/Metadata: [add] [1] deviceId:1 -> 0xf64919d8
05-03 00:38:14.676   308   308 I MtkCam/devicemgr: [enumDeviceLocked] iFacing:1, iWantedOrientation:270, iSetupOrientation:270, flashlight available:0
05-03 00:38:14.676   308   308 I MtkCam/devicemgr: [enumDeviceLocked] i4DeviceNum=2
05-03 00:38:14.676   308   308 I MtkCam/devicemgr: [enumDeviceLocked] [0x00] DeviceVersion:0x100 metadata:0xf64ed000 facing:0 orientation(wanted/setup)=(90/90)
05-03 00:38:14.676   308   308 I MtkCam/devicemgr: [enumDeviceLocked] [0x01] DeviceVersion:0x100 metadata:0xf64ee400 facing:1 orientation(wanted/setup)=(270/270)
05-03 00:38:14.676   308   308 I MtkCam/devicemgr: [enumDeviceLocked] [0xff] DeviceVersion:0x100 metadata:0x000000 facing:0 orientation(wanted/setup)=(0/0)
05-03 00:38:14.676   308   308 I MtkCam/Utils/Profile: {CamProfile}[CamDeviceManagerBase::getNumberOfDevices] : (0-th) ===> [start-->now: 10613 ms]
05-03 00:38:14.676   308   308 I CameraService: Loaded "MediaTek Camera Module" camera module
05-03 00:38:14.676   308   308 I ServiceManager: Waiting for service media.camera.proxy...
05-03 00:38:15.355   310   310 I Zygote  : ...preloaded 4158 classes in 9067ms.
05-03 00:38:15.355   310   310 I art     : VMRuntime.preloadDexCaches starting
05-03 00:38:15.495   310   310 I art     : VMRuntime.preloadDexCaches strings total=288494 before=12011 after=12011
05-03 00:38:15.495   310   310 I art     : VMRuntime.preloadDexCaches types total=23818 before=9281 after=11329
05-03 00:38:15.495   310   310 I art     : VMRuntime.preloadDexCaches fields total=113960 before=41162 after=54114
05-03 00:38:15.495   310   310 I art     : VMRuntime.preloadDexCaches methods total=199758 before=78608 after=96724
05-03 00:38:15.495   310   310 I art     : VMRuntime.preloadDexCaches finished
05-03 00:38:15.499   310   310 I Zygote  : Preloading resources...
05-03 00:38:15.601   310   310 W Resources: Preloaded drawable resource #0x108025c (android:drawable/dialog_background_material) that varies with configuration!!
05-03 00:38:15.626   310   310 W Resources: Preloaded color resource #0x10600ea (android:color/material_grey_800) that varies with configuration!!
05-03 00:38:15.627   310   310 W Resources: Preloaded drawable resource #0x10802c9 (android:drawable/floating_popup_background_dark) that varies with configuration!!
05-03 00:38:15.677   308   308 I ServiceManager: Waiting for service media.camera.proxy...
05-03 00:38:15.964   310   310 I Zygote  : ...preloaded 114 resources in 464ms.
05-03 00:38:15.995   310   310 W Resources: Preloaded color resource #0x1060114 (android:color/background_cache_hint_selector_material_dark) that varies with configuration!!
05-03 00:38:15.999   310   310 W Resources: Preloaded color resource #0x1060119 (android:color/btn_default_material_dark) that varies with configuration!!
05-03 00:38:16.006   310   310 I Zygote  : ...preloaded 41 resources in 42ms.
05-03 00:38:16.053   310   310 D MALI    : osup_constructor:144: osup_constructor
05-03 00:38:16.054   310   310 D libEGL  : loaded /vendor/lib/egl/libGLES_mali.so
05-03 00:38:16.122   310   310 I Zygote  : Preloading shared libraries...
05-03 00:38:16.205   310   310 I Zygote  : Uninstalled ICU cache reference pinning...
05-03 00:38:16.238   310   310 I Zygote  : Installed AndroidKeyStoreProvider in 33ms.
05-03 00:38:16.677   308   308 I ServiceManager: Waiting for service media.camera.proxy...
05-03 00:38:16.810   310   310 I Zygote  : Warmed up JCA providers in 572ms.
05-03 00:38:16.810   310   310 D Zygote  : end preload
05-03 00:38:16.811   310   310 I art     : Starting a blocking GC Explicit
05-03 00:38:16.843   310   310 I art     : Explicit concurrent mark sweep GC freed 5281(270KB) AllocSpace objects, 0(0B) LOS objects, 47% free, 4MB/8MB, paused 155us total 31.585ms
05-03 00:38:16.843   310   310 I art     : Starting a blocking GC Explicit
05-03 00:38:16.873   310   310 I art     : Explicit concurrent mark sweep GC freed 13(328B) AllocSpace objects, 0(0B) LOS objects, 47% free, 4MB/8MB, paused 154us total 29.546ms
05-03 00:38:16.950   310   527 I art     : Starting a blocking GC HeapTrim
05-03 00:38:16.951   310   310 I art     : Starting a blocking GC Background
05-03 00:38:17.064   310   310 I Zygote  : System server process 634 has been created
05-03 00:38:17.066   310   310 I Zygote  : Accepting command socket connections
05-03 00:38:17.074   634   634 I InstallerConnection: connecting...
05-03 00:38:17.076   313   313 I         : new connection
05-03 00:38:17.102   634   634 I InstallerConnection: disconnecting...
05-03 00:38:17.103   313   313 E         : eof
05-03 00:38:17.103   313   313 E         : failed to read size
05-03 00:38:17.103   313   313 I         : closing connection
05-03 00:38:17.128   634   634 W art     : Found duplicate classes, falling back to interpreter mode for /system/framework/wifi-service.jar
05-03 00:38:17.128   634   634 W art     : Found duplicated class when checking oat files: 'Lcom/google/protobuf/nano/MessageNano;' in /system/framework/wifi-service.jar and /system/framework/services.jar
05-03 00:38:17.224   634   634 I SystemServer: Entered the Android system server!
05-03 00:38:17.323   634   634 I SystemServiceManager: Starting com.android.server.pm.Installer
05-03 00:38:17.327   634   634 I Installer: Waiting for installd to be ready.
05-03 00:38:17.327   634   634 I InstallerConnection: connecting...
05-03 00:38:17.328   313   313 I         : new connection
05-03 00:38:17.331   634   634 I SystemServiceManager: Starting com.android.server.am.ActivityManagerService$Lifecycle
05-03 00:38:17.367   634   634 I ActivityManager: Memory class: 16
05-03 00:38:17.371   634   649 I ServiceThread: Enabled StrictMode logging for ActivityManager looper.
05-03 00:38:17.374   634   650 I ServiceThread: Enabled StrictMode logging for android.ui looper.
05-03 00:38:17.493   634   634 D BatteryStatsImpl: Reading daily items from /data/system/batterystats-daily.xml
05-03 00:38:17.677   308   308 I ServiceManager: Waiting for service media.camera.proxy...
05-03 00:38:17.730   634   634 I system_server: type=1400 audit(0.0:40): avc: denied { read } for name="clients" dev="debugfs" ino=1062 scontext=u:r:system_server:s0 tcontext=u:object_r:debugfs:s0 tclass=dir permissive=1
05-03 00:38:17.730   634   634 I system_server: type=1400 audit(0.0:41): avc: denied { open } for path="/sys/kernel/debug/ion/clients" dev="debugfs" ino=1062 scontext=u:r:system_server:s0 tcontext=u:object_r:debugfs:s0 tclass=dir permissive=1
05-03 00:38:18.433   634   634 W ProcessCpuTracker: Skipping unknown process pid 653
05-03 00:38:18.443   634   634 I IntentFirewall: Read new rules (A:0 B:0 S:0)
05-03 00:38:18.456   634   657 I ServiceThread: Enabled StrictMode logging for android.display looper.
05-03 00:38:18.475   634   634 D AppOps  : AppOpsService published
05-03 00:38:18.477   634   634 I SystemServiceManager: Starting com.android.server.power.PowerManagerService
05-03 00:38:18.483   634   659 I ServiceThread: Enabled StrictMode logging for PowerManagerService looper.
05-03 00:38:18.486   634   634 W libsuspend: Error writing 'on' to /sys/power/state: Invalid argument
05-03 00:38:18.487   634   634 I libsuspend: Selected wakeup count
05-03 00:38:18.492   634   634 I SystemServiceManager: Starting com.android.server.lights.LightsService
05-03 00:38:18.498   634   634 I SystemServiceManager: Starting com.android.server.display.DisplayManagerService
05-03 00:38:18.508   634   634 I SystemServiceManager: Starting phase 100
05-03 00:38:18.512   305   351 E SurfaceFlinger: getDefaultDisplay: id=2 is not a valid default display id
05-03 00:38:18.518   634   657 I DisplayManagerService: Display device added: DisplayDeviceInfo{"Built-in Screen": uniqueId="local:0", 800 x 1280, modeId 1, defaultModeId 1, supportedModes [{id=1, width=800, height=1280, fps=60.000004}], colorMode 0, supportedColorModes [0], HdrCapabilities android.view.Display$HdrCapabilities@a69d6308, density 160, 188.148 x 189.023 dpi, appVsyncOff 1000000, presDeadline 16666666, touch INTERNAL, rotation 0, type BUILT_IN, state UNKNOWN, FLAG_DEFAULT_DISPLAY, FLAG_ROTATES_WITH_CONTENT, FLAG_SECURE, FLAG_SUPPORTS_PROTECTED_BUFFERS}
05-03 00:38:18.521   305   305 D SurfaceFlinger: Set power mode=2, type=0 flinger=0xf6c28000
05-03 00:38:18.522   305   305 D SurfaceFlinger: Screen type=0 is already mode=2
05-03 00:38:18.522   634   657 D lights  : write_int open fd=59
05-03 00:38:18.524   634   657 I DisplayManagerService: Display device changed state: "Built-in Screen", ON
05-03 00:38:18.526   634   634 I SystemServer: StartPackageManagerService
05-03 00:38:18.934   634   634 D SELinuxMMAC: Using policy file /system/etc/security/mac_permissions.xml
05-03 00:38:23.440   634   634 I PackageManager: Need to read from backup stopped packages file
05-03 00:38:23.460   634   634 W PackageManager: Cleaning up stopped packages file /data/system/users/0/package-restrictions.xml
05-03 00:38:23.882   634   634 E art     : DexFile_getDexOptNeeded file '/system/framework/org.apache.http.legacy.jar' does not exist
05-03 00:38:23.883   634   634 W PackageManager: Library not found: /system/framework/org.apache.http.legacy.jar
05-03 00:38:23.889   634   634 D PackageManager: No files in app dir /vendor/overlay
05-03 00:38:23.893   634   634 D PackageManager: start scanDirLI:/system/framework
05-03 00:38:23.894   634   634 D PackageManager: max thread:6
05-03 00:38:24.005   634   666 W PackageManager: Permission cyanogenmod.permission.WRITE_ALARMS from package cyanogenmod.platform in an unknown group android.permission-group.SYSTEM_CLOCK
05-03 00:38:24.013   634   666 W PackageManager: Permission cyanogenmod.permission.MANAGE_ALARMS from package cyanogenmod.platform in an unknown group android.permission-group.SYSTEM_CLOCK
05-03 00:38:24.014   634   666 W PackageManager: Permission cyanogenmod.permission.READ_ALARMS from package cyanogenmod.platform in an unknown group android.permission-group.SYSTEM_CLOCK
05-03 00:38:24.455   634   634 D PackageManager: end scanDirLI:/system/framework
05-03 00:38:24.458   634   634 D PackageManager: start scanDirLI:/system/priv-app
05-03 00:38:24.458   634   634 D PackageManager: max thread:6
05-03 00:38:24.821   634   670 W PackageManager: Permission android.permission.DOWNLOAD_WITHOUT_NOTIFICATION from package com.android.providers.downloads in an unknown group android.permission-group.NETWORK
05-03 00:38:24.831   634   665 W PackageParser: No actions in intent filter at /system/priv-app/Contacts/Contacts.apk Binary XML file line #431
05-03 00:38:24.834   634   668 W PackageParser: No actions in intent filter at /system/priv-app/Dialer/Dialer.apk Binary XML file line #207
05-03 00:38:24.954   634   644 I art     : Background sticky concurrent mark sweep GC freed 60855(3MB) AllocSpace objects, 50(1096KB) LOS objects, 52% free, 3MB/7MB, paused 6.413ms total 114.318ms
05-03 00:38:25.120   634   667 W PackageParser: Ignoring duplicate uses-permissions/uses-permissions-sdk-m: android.permission.INSTALL_GRANT_RUNTIME_PERMISSIONS in package: com.android.shell at: Binary XML file line #102
05-03 00:38:25.148   634   668 W PackageParser: Ignoring duplicate uses-permissions/uses-permissions-sdk-m: android.permission.USE_CREDENTIALS in package: com.android.settings at: Binary XML file line #56
05-03 00:38:25.151   634   668 W PackageParser: Ignoring duplicate uses-permissions/uses-permissions-sdk-m: android.permission.READ_SYNC_SETTINGS in package: com.android.settings at: Binary XML file line #61
05-03 00:38:25.152   634   668 W PackageParser: Ignoring duplicate uses-permissions/uses-permissions-sdk-m: android.permission.WRITE_SYNC_SETTINGS in package: com.android.settings at: Binary XML file line #62
05-03 00:38:25.250   634   670 W PackageParser: Ignoring duplicate uses-permissions/uses-permissions-sdk-m: android.permission.CONFIGURE_WIFI_DISPLAY in package: com.android.systemui at: Binary XML file line #117
05-03 00:38:25.286   634   666 W PackageManager: Permission com.android.launcher.permission.INSTALL_SHORTCUT from package com.cyanogenmod.trebuchet in an unknown group android.permission-group.SYSTEM_TOOLS
05-03 00:38:25.287   634   666 W PackageManager: Permission com.android.launcher3.permission.READ_SETTINGS from package com.cyanogenmod.trebuchet in an unknown group android.permission-group.SYSTEM_TOOLS
05-03 00:38:25.288   634   666 W PackageManager: Permission com.android.launcher3.permission.WRITE_SETTINGS from package com.cyanogenmod.trebuchet in an unknown group android.permission-group.SYSTEM_TOOLS
05-03 00:38:25.631   634   634 D PackageManager: end scanDirLI:/system/priv-app
05-03 00:38:25.634   634   634 D PackageManager: start scanDirLI:/system/app
05-03 00:38:25.634   634   634 D PackageManager: max thread:6
05-03 00:38:25.718   634   669 W PackageParser: No actions in intent filter at /system/app/Bluetooth/Bluetooth.apk Binary XML file line #226
05-03 00:38:25.728   634   670 W PackageManager: Non-privileged app; cap priority to 0; package: com.android.cts.ctsshim activity: com.android.cts.ctsshim.InstallPriority origPrio: 100
05-03 00:38:25.728   634   670 W PackageManager: Non-privileged app; cap priority to 0; package: com.android.cts.ctsshim activity: com.android.cts.ctsshim.InstallPriority origPrio: 100
05-03 00:38:25.729   634   670 W PackageManager: Non-privileged app; cap priority to 0; package: com.android.cts.ctsshim activity: com.android.cts.ctsshim.InstallPriority origPrio: 100
05-03 00:38:25.729   634   670 W PackageManager: Non-privileged app; cap priority to 0; package: com.android.cts.ctsshim activity: com.android.cts.ctsshim.InstallPriority origPrio: 100
05-03 00:38:25.730   634   670 W PackageManager: Non-privileged app; cap priority to 0; package: com.android.cts.ctsshim activity: com.android.cts.ctsshim.InstallPriority origPrio: 100
05-03 00:38:25.772   634   666 W PackageParser: Ignoring duplicate uses-permissions/uses-permissions-sdk-m: android.permission.WRITE_SETTINGS in package: com.android.deskclock at: Binary XML file line #45
05-03 00:38:25.790   634   665 W PackageManager: Non-privileged app; cap priority to 0; package: com.android.calendar activity: com.android.calendar.GoogleCalendarUriIntentFilter origPrio: 50
05-03 00:38:26.017   634   668 W PackageManager: Permission com.android.email.permission.READ_ATTACHMENT from package com.android.email in an unknown group android.permission-group.MESSAGES
05-03 00:38:26.087   634   634 D PackageManager: end scanDirLI:/system/app
05-03 00:38:26.088   634   634 D PackageManager: No files in app dir /system/vendor/app
05-03 00:38:26.089   634   634 D PackageManager: No files in app dir /oem/app
05-03 00:38:26.104   634   634 D PackageManager: start scanDirLI:/data/app
05-03 00:38:26.104   634   634 D PackageManager: max thread:6
05-03 00:38:26.151   634   665 I SELinux : SELinux: Loaded file_contexts contexts from /file_contexts.bin.
05-03 00:38:26.156   634   634 D PackageManager: end scanDirLI:/data/app
05-03 00:38:26.156   634   634 D PackageManager: No files in app dir /data/app-private
05-03 00:38:26.158   634   634 D PackageManager: No files in app dir /data/app-ephemeral
05-03 00:38:26.170   634   634 E PackageManager: There should probably be exactly one setup wizard; found 0: matches=[]
05-03 00:38:26.171   634   634 W PackageManager: Protected action; cap priority to 0; package: com.android.cts.priv.ctsshim activity: com.android.cts.priv.ctsshim.InstallPriority origPrio: 100
05-03 00:38:26.172   634   634 W PackageManager: Protected action; cap priority to 0; package: com.android.cts.priv.ctsshim activity: com.android.cts.priv.ctsshim.InstallPriority origPrio: 100
05-03 00:38:26.172   634   634 W PackageManager: Protected action; cap priority to 0; package: com.android.cts.priv.ctsshim activity: com.android.cts.priv.ctsshim.InstallPriority origPrio: 100
05-03 00:38:26.173   634   634 W PackageManager: Protected action; cap priority to 0; package: com.android.cts.priv.ctsshim activity: com.android.cts.priv.ctsshim.InstallPriority origPrio: 100
05-03 00:38:26.174   634   634 W PackageManager: Protected action; cap priority to 0; package: com.android.packageinstaller activity: com.android.packageinstaller.PackageInstallerActivity origPrio: 1
05-03 00:38:26.175   634   634 W PackageManager: Package com.android.gallery3d desires unavailable shared library com.google.android.media.effects; ignoring!
05-03 00:38:26.175   634   634 W PackageManager: Package com.android.gallery3d desires unavailable shared library com.google.android.media.effects; ignoring!
05-03 00:38:26.177   634   634 I PackageManager: Adjusting ABI for com.android.providers.media to armeabi-v7a (requirer=com.android.mtp, scannedPackage=null)
05-03 00:38:26.179   634   634 I PackageManager: Adjusting ABI for com.android.providers.downloads.ui to armeabi-v7a (requirer=com.android.mtp, scannedPackage=null)
05-03 00:38:26.181   634   634 I PackageManager: Adjusting ABI for com.android.providers.downloads to armeabi-v7a (requirer=com.android.mtp, scannedPackage=null)
05-03 00:38:26.184   634   634 I PackageManager: Adjusting ABI for com.android.keychain to armeabi-v7a (requirer=android, scannedPackage=null)
05-03 00:38:26.185   634   634 I PackageManager: Adjusting ABI for com.android.settings to armeabi-v7a (requirer=android, scannedPackage=null)
05-03 00:38:26.186   634   634 I PackageManager: Adjusting ABI for com.android.server.telecom to armeabi-v7a (requirer=android, scannedPackage=null)
05-03 00:38:26.188   634   634 I PackageManager: Adjusting ABI for com.android.providers.settings to armeabi-v7a (requirer=android, scannedPackage=null)
05-03 00:38:26.189   634   634 I PackageManager: Adjusting ABI for com.cyanogenmod.setupwizard to armeabi-v7a (requirer=android, scannedPackage=null)
05-03 00:38:26.191   634   634 I PackageManager: Adjusting ABI for com.android.wallpaperbackup to armeabi-v7a (requirer=android, scannedPackage=null)
05-03 00:38:26.192   634   634 I PackageManager: Adjusting ABI for com.android.development to armeabi-v7a (requirer=android, scannedPackage=null)
05-03 00:38:26.194   634   634 I PackageManager: Adjusting ABI for com.android.location.fused to armeabi-v7a (requirer=android, scannedPackage=null)
05-03 00:38:26.195   634   634 I PackageManager: Adjusting ABI for org.cyanogenmod.cmsettings to armeabi-v7a (requirer=android, scannedPackage=null)
05-03 00:38:26.197   634   634 I PackageManager: Adjusting ABI for cyanogenmod.platform to armeabi-v7a (requirer=android, scannedPackage=null)
05-03 00:38:26.198   313   313 E         : invalid apk path '/system/framework/org.cyanogenmod.platform-res.apk' (bad prefix)
05-03 00:38:26.199   634   634 I PackageManager: Adjusting ABI for com.android.inputdevices to armeabi-v7a (requirer=android, scannedPackage=null)
05-03 00:38:26.201   634   634 I PackageManager: Adjusting ABI for org.cyanogenmod.cmparts to armeabi-v7a (requirer=android, scannedPackage=null)
05-03 00:38:26.328   634   634 I PackageManager: Time to scan packages: 2.462 seconds
05-03 00:38:26.337   634   634 W PackageManager: Unknown permission com.google.android.googleapps.permission.GOOGLE_AUTH in package com.android.providers.calendar
05-03 00:38:26.338   634   634 W PackageManager: Unknown permission com.google.android.googleapps.permission.GOOGLE_AUTH.cl in package com.android.providers.calendar
05-03 00:38:26.348   634   634 W PackageManager: Unknown permission cyanogenmod.permission.LEGALESE in package com.cyanogenmod.setupwizard
05-03 00:38:26.356   634   634 W PackageManager: Unknown permission com.android.gallery3d.permission.STORAGE_CHANGE in package com.android.camera2
05-03 00:38:26.362   634   634 W PackageManager: Unknown permission com.google.android.googleapps.permission.GOOGLE_AUTH.mail in package com.android.calendar
05-03 00:38:26.365   634   634 W PackageManager: Unknown permission com.android.launcher.permission.READ_SETTINGS in package com.android.onetimeinitializer
05-03 00:38:26.365   634   634 W PackageManager: Unknown permission com.android.launcher.permission.WRITE_SETTINGS in package com.android.onetimeinitializer
05-03 00:38:26.377   634   634 W PackageManager: Unknown permission com.android.launcher.permission.READ_SETTINGS in package com.cyanogenmod.trebuchet
05-03 00:38:26.377   634   634 W PackageManager: Unknown permission com.android.launcher.permission.WRITE_SETTINGS in package com.cyanogenmod.trebuchet
05-03 00:38:26.379   634   634 W PackageManager: Unknown permission com.google.android.permission.INSTALL_WEARABLE_PACKAGES in package com.android.packageinstaller
05-03 00:38:26.380   634   634 W PackageManager: Not granting permission android.permission.DELETE_PACKAGES to package com.svox.pico (protectionLevel=18 flags=0x3808be45)
05-03 00:38:26.385   634   634 W PackageManager: Unknown permission com.google.android.gallery3d.permission.PICASA_STORE in package com.android.dreams.phototable
05-03 00:38:26.389   634   634 W PackageManager: Unknown permission com.google.android.googleapps.permission.GOOGLE_AUTH in package com.android.settings
05-03 00:38:26.391   634   634 W PackageManager: Unknown permission com.android.launcher.permission.READ_SETTINGS in package com.android.settings
05-03 00:38:26.391   634   634 W PackageManager: Unknown permission com.android.launcher.permission.WRITE_SETTINGS in package com.android.settings
05-03 00:38:26.401   634   634 W PackageManager: Not granting permission android.permission.REBOOT to package eu.chainfire.supersu (protectionLevel=18 flags=0x38083e04)
05-03 00:38:26.419   634   634 W PackageManager: Not granting permission android.permission.MANAGE_DOCUMENTS to package com.android.deskclock (protectionLevel=2 flags=0x3c49be45)
05-03 00:38:26.419   634   634 W PackageManager: Unknown permission com.android.deskclock.worldclock.permissions.WRITE_DATABASE in package com.android.deskclock
05-03 00:38:26.420   634   634 W PackageManager: Unknown permission org.codeaurora.permission.POWER_ON_ALERT in package com.android.deskclock
05-03 00:38:26.420   634   634 W PackageManager: Not granting permission android.permission.WRITE_SECURE_SETTINGS to package com.android.deskclock (protectionLevel=50 flags=0x3c49be45)
05-03 00:38:26.428   634   634 W PackageManager: Unknown permission com.cyanogenmod.lockclock.permission.READ_WEATHER in package com.android.systemui
05-03 00:38:26.436   634   634 W PackageManager: Unknown permission com.google.android.gallery3d.permission.GALLERY_PROVIDER in package com.android.bluetooth
05-03 00:38:26.440   634   634 W PackageManager: Unknown permission com.google.android.googleapps.permission.ACCESS_GOOGLE_PASSWORD in package com.android.development
05-03 00:38:26.440   634   634 W PackageManager: Unknown permission com.google.android.googleapps.permission.GOOGLE_AUTH in package com.android.development
05-03 00:38:26.440   634   634 W PackageManager: Unknown permission com.google.android.googleapps.permission.GOOGLE_AUTH.ALL_SERVICES in package com.android.development
05-03 00:38:26.440   634   634 W PackageManager: Unknown permission com.google.android.googleapps.permission.GOOGLE_AUTH.YouTubeUser in package com.android.development
05-03 00:38:26.444   634   634 V PackageManager: reconcileAppsData for null u0 0x3
05-03 00:38:26.502   313   313 I SELinux : SELinux: Loaded file_contexts contexts from /file_contexts.bin.
05-03 00:38:27.618   634   634 V PackageManager: reconcileAppsData finished 88 packages
05-03 00:38:27.620   634   634 V PackageManager: Disabling com.google.android.gsf/com.google.android.gsf.update.SystemUpdateActivity
