- waiting for device -
--------- beginning of main
05-03 00:37:58.246   184   184 W auditd  : type=2000 audit(0.0:1): initialized
05-03 00:37:59.580   184   184 I auditd  : type=1403 audit(0.0:2): policy loaded auid=4294967295 ses=4294967295
05-03 00:37:59.880     1     1 I init    : type=1400 audit(0.0:3): avc: denied { create } for name="sdcard" scontext=u:r:init:s0 tcontext=u:object_r:tmpfs:s0 tclass=lnk_file permissive=1
05-03 00:37:59.890     1     1 I init    : type=1400 audit(0.0:4): avc: denied { module_request } for kmod="fs-cpuset" scontext=u:r:init:s0 tcontext=u:r:kernel:s0 tclass=system permissive=1
05-03 00:37:59.890     1     1 I init    : type=1400 audit(0.0:5): avc: denied { mounton } for path="/mnt/media_rw" dev="tmpfs" ino=4746 scontext=u:r:init:s0 tcontext=u:object_r:mnt_media_rw_file:s0 tclass=dir permissive=1
05-03 00:37:59.890     1     1 I init    : type=1400 audit(0.0:6): avc: denied { relabelto } for scontext=u:r:init:s0 tcontext=u:object_r:logd_tmpfs:s0 tclass=filesystem permissive=1
05-03 00:37:59.890     1     1 I init    : type=1400 audit(0.0:7): avc: denied { relabelfrom } for scontext=u:r:init:s0 tcontext=u:object_r:logd_tmpfs:s0 tclass=filesystem permissive=1
05-03 00:37:59.890     1     1 I init    : type=1400 audit(0.0:8): avc: denied { associate } for scontext=u:object_r:logd_tmpfs:s0 tcontext=u:object_r:logd_tmpfs:s0 tclass=filesystem permissive=1
05-03 00:37:59.890     1     1 I init    : type=1400 audit(0.0:9): avc: denied { mount } for name="/" dev="tmpfs" ino=8924 scontext=u:r:init:s0 tcontext=u:object_r:logd_tmpfs:s0 tclass=filesystem permissive=1
05-03 00:37:59.940   175   175 I e2fsck  : type=1400 audit(0.0:10): avc: denied { getattr } for path="/dev/block/mmcblk0p15" dev="tmpfs" ino=8684 scontext=u:r:fsck:s0 tcontext=u:object_r:block_device:s0 tclass=blk_file permissive=1
05-03 00:38:00.900   192   192 I mkswap  : type=1400 audit(0.0:15): avc: denied { read write } for name="zram0" dev="tmpfs" ino=8816 scontext=u:r:toolbox:s0 tcontext=u:object_r:ram_device:s0 tclass=blk_file permissive=1
05-03 00:38:00.900   192   192 I mkswap  : type=1400 audit(0.0:16): avc: denied { open } for path="/dev/block/zram0" dev="tmpfs" ino=8816 scontext=u:r:toolbox:s0 tcontext=u:object_r:ram_device:s0 tclass=blk_file permissive=1
05-03 00:38:00.900   192   192 I mkswap  : type=1400 audit(0.0:17): avc: denied { getattr } for path="/dev/block/zram0" dev="tmpfs" ino=8816 scontext=u:r:toolbox:s0 tcontext=u:object_r:ram_device:s0 tclass=blk_file permissive=1
05-03 00:38:00.900     1     1 I init    : type=1400 audit(0.0:18): avc: denied { write } for name="zram0" dev="tmpfs" ino=8816 scontext=u:r:init:s0 tcontext=u:object_r:ram_device:s0 tclass=blk_file permissive=1
05-03 00:38:00.955   194   194 I launch_daemonsu: (post-fs-data) start
05-03 00:38:00.960   196   196 I mount   : type=1400 audit(0.0:19): avc: denied { getattr } for name="/" dev="tmpfs" ino=8924 scontext=u:r:supersu:s0 tcontext=u:object_r:logd_tmpfs:s0 tclass=filesystem permissive=1
05-03 00:38:01.019   202   202 I launch_daemonsu: (post-fs-data) /su mode
05-03 00:38:01.084   210   210 I launch_daemonsu: (post-fs-data) copying boot image backups from /cache to /data
05-03 00:38:01.120   213   213 I launch_daemonsu: (post-fs-data) /su not mounted yet
05-03 00:38:01.138   214   214 I launch_daemonsu: (post-fs-data) /data/su.img found
05-03 00:38:01.212   217   217 I launch_daemonsu: (post-fs-data) /data/su.img: 100663296 bytes
05-03 00:38:01.233   220   220 I launch_daemonsu: (post-fs-data) preparing mount
05-03 00:38:01.341   231   231 I launch_daemonsu: (post-fs-data) loopsetup(/data/su.img): /dev/block/loop0
05-03 00:38:01.375   235   235 I launch_daemonsu: (post-fs-data) mount error (if any):
05-03 00:38:01.417   242   242 I launch_daemonsu: (post-fs-data) mount succeeded
05-03 00:38:01.485   247   247 I launch_daemonsu: (post-fs-data) bind mounting pre-existing su binaries
05-03 00:38:01.551   251   251 I launch_daemonsu: (post-fs-data) fork daemonsu
05-03 00:38:01.587   255   255 I launch_daemonsu: (post-fs-data) waiting for su.d
05-03 00:38:02.283   257   257 I supolicy: --- SELinux policy patch start ---
05-03 00:38:02.283   257   257 I supolicy: --- SELinux policy patch end ---
05-03 00:38:02.330   191   191 I auditd  : type=1403 audit(0.0:20): policy loaded auid=4294967295 ses=4294967295
05-03 00:38:02.646   271   271 I launch_daemonsu: (post-fs-data) end
05-03 00:38:02.757   276   276 I         : debuggerd: starting
--------- beginning of system
05-03 00:38:02.824   277   277 I vold    : Vold 3.0 (the awakening) firing up
05-03 00:38:02.824   277   277 V vold    : Detected support for: exfat ext4 ntfs vfat
05-03 00:38:02.828   277   277 W Vold    : Tearing down stale mount /storage/usbotg
05-03 00:38:02.828   277   277 W Vold    : Tearing down stale mount /mnt/media_rw
05-03 00:38:02.873   277   280 V vold    : /system/bin/sgdisk
05-03 00:38:02.873   277   280 V vold    :     --android-dump
05-03 00:38:02.873   277   280 V vold    :     /dev/block/vold/disk:179_128
05-03 00:38:02.881   277   282 D vold    : e4crypt_init_user0
05-03 00:38:02.881   277   282 D vold    : e4crypt_prepare_user_storage for volume null, user 0, serial 0, flags 1
05-03 00:38:02.881   277   282 D vold    : Preparing: /data/system/users/0
05-03 00:38:02.882   277   282 D vold    : Preparing: /data/misc/profiles/cur/0
05-03 00:38:02.883   277   282 D vold    : Preparing: /data/misc/profiles/cur/0/foreign-dex
05-03 00:38:02.883   277   282 D vold    : Preparing: /data/system_de/0
05-03 00:38:02.883   277   282 D vold    : Preparing: /data/misc_de/0
05-03 00:38:02.884   277   282 D vold    : Preparing: /data/user_de/0
05-03 00:38:02.884   277   282 D vold    : e4crypt_unlock_user_key 0 serial=0 token_present=0
05-03 00:38:02.886     1     1 I vdc     : 200 278 Command succeeded
05-03 00:38:02.910   280   280 I vold    : type=1400 audit(0.0:21): avc: denied { module_request } for kmod="crypto-cbc-aes-ce" scontext=u:r:vold:s0 tcontext=u:r:kernel:s0 tclass=system permissive=1
05-03 00:38:02.920   277   280 V vold    : DISK gpt 6AE1D0C3-6DB2-4527-A4A2-10C09467DE59
05-03 00:38:02.920   277   280 V vold    :
05-03 00:38:02.920   277   280 V vold    : PART 1 19A710A2-B3CA-11E4-B026-10604B889DCF BD3B894E-1AA6-4642-BCFE-24C7D67237B7 android_meta
05-03 00:38:02.920   277   280 V vold    :
05-03 00:38:02.920   277   280 V vold    : PART 2 193D1EA4-B3CA-11E4-B075-10604B889DCF A17F9557-2BDF-C25D-4B2C-BB3FB06B99A6 android_expand
05-03 00:38:02.920   277   280 V vold    :
05-03 00:38:02.921   277   280 D vold    : Found key for GUID a17f95572bdfc25d4b2cbb3fb06b99a6
05-03 00:38:02.922   277   280 E Cryptfs : Cannot remove dm-crypt device
05-03 00:38:02.922   277   280 I Cryptfs : Enabling support for allow_discards in dmcrypt.
05-03 00:38:02.922   277   280 I Cryptfs : target_type = crypt
05-03 00:38:02.923   277   280 I Cryptfs : real_blk_name = /dev/block/vold/private:179_130, extra_params = 1 allow_discards
05-03 00:38:02.933   284   284 I /system/bin/tzdatacheck: tzdata file /data/misc/zoneinfo/current/tzdata does not exist. No action required.
05-03 00:38:02.934   277   280 D vold    : Disk at 253:0 changed
05-03 00:38:03.029   303   303 I lowmemorykiller: Using in-kernel low memory killer interface
05-03 00:38:03.101   326   326 I launch_daemonsu: (service) start
05-03 00:38:03.110   328   328 I mount   : type=1400 audit(0.0:22): avc: denied { getattr } for name="/" dev="tmpfs" ino=8924 scontext=u:r:supersu:s0 tcontext=u:object_r:logd_tmpfs:s0 tclass=filesystem permissive=1
05-03 00:38:03.163   334   334 I launch_daemonsu: (service) /su mode
05-03 00:38:03.315   325   325 I perfprofd: starting Android Wide Profiling daemon
05-03 00:38:03.333   313   313 I         : installd firing up
05-03 00:38:03.366   325   325 E perfprofd: unable to open configuration file /data/data/com.google.android.gms/files/perfprofd.conf
05-03 00:38:03.378   325   325 I perfprofd: random seed set to 296097064
05-03 00:38:03.414   324   324 I gatekeeperd: Starting gatekeeperd...
05-03 00:38:03.447   319   319 I Netd    : Netd 1.0 starting
05-03 00:38:03.449   319   319 D TetherController: Setting IP forward enable = 0
05-03 00:38:03.451   319   319 I QtiConnectivityAdapter: Failed to open libconnctrl, some features may not be present.
05-03 00:38:03.451   319   319 E         : Failed to open libdatactrl, some features may not be present.
05-03 00:38:03.451   319   319 E         : Failed to open libcsm_data, some features may not be present.
05-03 00:38:03.478   315   315 I keystore: Found keymaster0 module Keymaster OpenSSL HAL, version 2
05-03 00:38:03.478   315   315 I SoftKeymaster: system/keymaster/soft_keymaster_device.cpp, Line 131: Creating device
05-03 00:38:03.478   315   315 D SoftKeymaster: system/keymaster/soft_keymaster_device.cpp, Line 132: Device address: 0xf700d000
05-03 00:38:03.479   315   315 I keystore: Keymaster0 module is software-only.  Using SoftKeymasterDevice instead.
05-03 00:38:03.479   315   315 I SoftKeymaster: system/keymaster/soft_keymaster_device.cpp, Line 131: Creating device
05-03 00:38:03.479   315   315 D SoftKeymaster: system/keymaster/soft_keymaster_device.cpp, Line 132: Device address: 0xf700d200
05-03 00:38:03.484   345   345 I launch_daemonsu: (service) abort: daemonsu already running
05-03 00:38:03.509   309   309 I mediacodec: @@@ mediacodecservice starting
05-03 00:38:03.510   309   309 W /system/bin/mediacodec: libminijail: allowing syscall: clock_gettime
05-03 00:38:03.510   309   309 W /system/bin/mediacodec: libminijail: allowing syscall: connect
05-03 00:38:03.510   309   309 W /system/bin/mediacodec: libminijail: allowing syscall: fcntl64
05-03 00:38:03.510   309   309 W /system/bin/mediacodec: libminijail: allowing syscall: socket
05-03 00:38:03.510   309   309 W /system/bin/mediacodec: libminijail: allowing syscall: writev
05-03 00:38:03.511   309   309 W /system/bin/mediacodec: libminijail: logging seccomp filter failures
05-03 00:38:03.569   305   305 I SurfaceFlinger: SurfaceFlinger is starting
05-03 00:38:03.569   305   305 I SurfaceFlinger: SurfaceFlinger's main thread ready to run. Initializing graphics H/W...
05-03 00:38:03.679   305   305 D MALI    : osup_constructor:144: osup_constructor
05-03 00:38:03.686   305   305 D libEGL  : loaded /vendor/lib/egl/libGLES_mali.so
05-03 00:38:03.742   311   311 I         : sMaxFastTracks = 8
05-03 00:38:03.756   311   311 I audioserver: ServiceManager: 0xf6610380
05-03 00:38:03.756   311   311 W BatteryNotifier: batterystats service unavailable!
05-03 00:38:03.756   311   311 I AudioFlinger: Using default 3000 mSec as standby time.
05-03 00:38:03.757   311   311 I AudioPolicyService: AudioPolicyService CSTOR in new mode
05-03 00:38:03.760   305   305 I surfaceflinger: type=1400 audit(0.0:23): avc: denied { read write } for name="mali0" dev="tmpfs" ino=8699 scontext=u:r:surfaceflinger:s0 tcontext=u:object_r:device:s0 tclass=chr_file permissive=1
05-03 00:38:03.760   305   305 I surfaceflinger: type=1400 audit(0.0:24): avc: denied { open } for path="/dev/mali0" dev="tmpfs" ino=8699 scontext=u:r:surfaceflinger:s0 tcontext=u:object_r:device:s0 tclass=chr_file permissive=1
05-03 00:38:03.760   305   305 I surfaceflinger: type=1400 audit(0.0:25): avc: denied { getattr } for path="/dev/mali0" dev="tmpfs" ino=8699 scontext=u:r:surfaceflinger:s0 tcontext=u:object_r:device:s0 tclass=chr_file permissive=1
05-03 00:38:03.760   305   305 I surfaceflinger: type=1400 audit(0.0:26): avc: denied { ioctl } for path="/dev/mali0" dev="tmpfs" ino=8699 ioctlcmd=8000 scontext=u:r:surfaceflinger:s0 tcontext=u:object_r:device:s0 tclass=chr_file permissive=1
05-03 00:38:03.762   311   311 E APM::Serializer: deserialize: libxml failed to resolve XIncludes on /system/etc/audio_policy_configuration.xml document.
05-03 00:38:03.796   316   316 I mediaserver: ServiceManager: 0xf63903e0
05-03 00:38:03.806   308   308 I cameraserver: ServiceManager: 0xf6490380
05-03 00:38:03.806   308   308 I CameraService: CameraService started (pid=308)
05-03 00:38:03.806   308   308 I CameraService: CameraService process starting
05-03 00:38:03.807   308   308 W BatteryNotifier: batterystats service unavailable!
05-03 00:38:03.807   308   308 W BatteryNotifier: batterystats service unavailable!
05-03 00:38:03.816   311   311 E HAL     : load: module=/vendor/lib/hw/audio.primary.mt8163.so
05-03 00:38:03.816   311   311 E HAL     : dlopen failed: cannot locate symbol "__metrics_log_print" referenced by "/system/lib/libasp.so"...
05-03 00:38:03.826   311   311 E AudioFlinger: int android::load_audio_interface(const char *, audio_hw_device_t **) couldn't load audio hw module audio.primary (Invalid argument)
05-03 00:38:03.826   311   311 E AudioFlinger: loadHwModule() error -22 loading module primary
05-03 00:38:03.826   311   311 W APM_AudioPolicyManager: could not open HW module primary
05-03 00:38:03.826   311   311 W APM_AudioPolicyManager: Output device 00000002 unreachable
05-03 00:38:03.826   311   311 W APM_AudioPolicyManager: Input device 80000004 unreachable
05-03 00:38:03.826   311   311 E APM_AudioPolicyManager: Default device 00000002 is unreachable
05-03 00:38:03.826   311   311 E APM_AudioPolicyManager: Failed to open primary output
05-03 00:38:03.827   311   311 I RadioService: RadioService
05-03 00:38:03.827   311   311 I RadioService: onFirstRef
05-03 00:38:03.828   311   311 E RadioService: couldn't load radio module radio.primary (No such file or directory)
05-03 00:38:03.828   311   311 E SoundTriggerHwService: couldn't load sound trigger module sound_trigger.primary (No such file or directory)
05-03 00:38:03.834   317   317 V MediaUtils: physMem: 1427070976
05-03 00:38:03.834   317   317 V MediaUtils: requested limit: 285414180
05-03 00:38:03.834   317   317 V MediaUtils: actual limit: 500000000
05-03 00:38:03.834   317   317 V MediaUtils: original limits: 4294967295/4294967295
05-03 00:38:03.834   317   317 V MediaUtils: new limits: 500000000/4294967295
05-03 00:38:03.835   317   317 W /system/bin/mediaextractor: libminijail: allowing syscall: clock_gettime
05-03 00:38:03.835   317   317 W /system/bin/mediaextractor: libminijail: allowing syscall: connect
05-03 00:38:03.835   317   317 W /system/bin/mediaextractor: libminijail: allowing syscall: fcntl64
05-03 00:38:03.835   317   317 W /system/bin/mediaextractor: libminijail: allowing syscall: socket
05-03 00:38:03.835   317   317 W /system/bin/mediaextractor: libminijail: allowing syscall: writev
05-03 00:38:03.836   317   317 W /system/bin/mediaextractor: libminijail: logging seccomp filter failures
05-03 00:38:03.847   318   318 I mediaserver: ServiceManager: 0xf65903e0
05-03 00:38:03.847   318   318 W BatteryNotifier: batterystats service unavailable!
05-03 00:38:03.919   305   305 I hwcomposer: [PLAT] Initialized, ptr: 0xf6c09238
05-03 00:38:03.921   305   305 W hwcomposer: [EVENT] Start to listen uevent, addr.nl_pid(305)
05-03 00:38:03.922   305   305 W GuiExt  : Cannot find GuiExtService
05-03 00:38:03.922   305   305 W GuiExt  : Cannot find GuiExtService
05-03 00:38:03.922   305   305 W GuiExt  : Cannot find GuiExtService
05-03 00:38:03.922   305   305 E GuiExt  : [GuiExtC] [status_t android::GuiExtClientConsumer::configDisplay(uint32_t, bool, uint32_t, uint32_t, uint32_t)] assertStateLocked fail
05-03 00:38:03.922   305   305 W hwcomposer: [EVENT] HW VSync State(1)
05-03 00:38:03.922   305   305 I hwcomposer: [DPY] Display Information:
05-03 00:38:03.922   305   305 I hwcomposer: [DPY] # fo current devices : 1
05-03 00:38:03.922   305   305 I hwcomposer: [DPY] ------------------------------------
05-03 00:38:03.922   305   305 I hwcomposer: [DPY] Device id   : 0
05-03 00:38:03.922   305   305 I hwcomposer: [DPY] Width       : 800
05-03 00:38:03.922   305   305 I hwcomposer: [DPY] Height      : 1280
05-03 00:38:03.922   305   305 I hwcomposer: [DPY] xdpi        : 188.148148
05-03 00:38:03.922   305   305 I hwcomposer: [DPY] ydpi        : 189.023254
05-03 00:38:03.922   305   305 I hwcomposer: [DPY] vsync       : 1
05-03 00:38:03.922   305   305 I hwcomposer: [DPY] refresh     : 16666666
05-03 00:38:03.922   305   305 I hwcomposer: [DPY] connected   : 1
05-03 00:38:03.922   305   305 I hwcomposer: [DPY] hwrotation  : 0
05-03 00:38:03.922   305   305 I hwcomposer: [DPY] subtype     : 0
05-03 00:38:03.922   305   305 I hwcomposer: [DPY] aspect      : 0.625, 1.600
05-03 00:38:03.922   305   305 I hwcomposer: [DPY] protrait    : [   0,   0, 800,1280]
05-03 00:38:03.922   305   305 I hwcomposer: [DPY] landscape   : [   0,   0, 800,1280]
05-03 00:38:03.922   305   305 I GuiExt  : [GuiExtS] GuiExtService ctor
05-03 00:38:03.922   305   305 I GuiExt  : [GuiExtI] GuiExtPool ctor
05-03 00:38:03.923   304   304 E SELinux : avc:  denied  { add } for service=GuiExtService pid=305 uid=1000 scontext=u:r:surfaceflinger:s0 tcontext=u:object_r:default_android_service:s0 tclass=service_manager permissive=1
05-03 00:38:03.924   305   305 I SurfaceFlinger: Using composer version 1.4
05-03 00:38:03.924   305   305 I hwcomposer: [HWC] getConfigs Display(0)
05-03 00:38:03.924   305   305 I hwcomposer: [HWC] getAttributes Display(0)
05-03 00:38:03.924   305   305 E hwcomposer:  ! unknown display attribute[5] 0x6
05-03 00:38:03.924   305   305 I hwcomposer: [HWC] getAttributes Display(0)
05-03 00:38:03.924   305   305 I hwcomposer: [HWC] getConfigs Display(1)
05-03 00:38:03.924   305   305 I hwcomposer: [HWC] getAttributes Display(1)
05-03 00:38:03.924   305   305 W hwcomposer: [HWC] Failed to get display attributes (dpy=1 is not connected)
05-03 00:38:03.924   305   305 I hwcomposer: [HWC] getAttributes Display(1)
05-03 00:38:03.924   305   305 W hwcomposer: [HWC] Failed to get display attributes (dpy=1 is not connected)
05-03 00:38:03.924   305   305 I SurfaceFlinger: EGL information:
05-03 00:38:03.924   305   305 I SurfaceFlinger: vendor    : Android
05-03 00:38:03.925   305   305 I SurfaceFlinger: version   : 1.4 Android META-EGL
05-03 00:38:03.925   305   305 I SurfaceFlinger: extensions: EGL_KHR_get_all_proc_addresses EGL_ANDROID_presentation_time EGL_KHR_swap_buffers_with_damage EGL_ANDROID_create_native_client_buffer EGL_ANDROID_front_buffer_auto_refresh EGL_KHR_image EGL_KHR_image_base EGL_KHR_gl_texture_2D_image EGL_KHR_gl_texture_cubemap_image EGL_KHR_gl_renderbuffer_image EGL_KHR_fence_sync EGL_KHR_create_context EGL_KHR_config_attribs EGL_KHR_surfaceless_context EGL_EXT_create_context_robustness EGL_ANDROID_image_native_buffer EGL_KHR_wait_sync EGL_ANDROID_recordable EGL_KHR_partial_update
05-03 00:38:03.925   305   305 I SurfaceFlinger: Client API: OpenGL_ES
05-03 00:38:03.925   305   305 I SurfaceFlinger: EGLSurface: 8-8-8-8, config=0xf6c722f0
05-03 00:38:03.935   305   305 I SurfaceFlinger: OpenGL ES informations:
05-03 00:38:03.935   305   305 I SurfaceFlinger: vendor    : ARM
05-03 00:38:03.935   305   305 I SurfaceFlinger: renderer  : Mali-T720
05-03 00:38:03.935   305   305 I SurfaceFlinger: version   : OpenGL ES 3.1 v1.r12p1-01alp0.62f282720426ab7712f1c6b996a6dc82
05-03 00:38:03.935   305   305 I SurfaceFlinger: extensions: GL_EXT_debug_marker GL_ARM_rgba8 GL_ARM_mali_shader_binary GL_OES_depth24 GL_OES_depth_texture GL_OES_depth_texture_cube_map GL_OES_packed_depth_stencil GL_OES_rgb8_rgba8 GL_EXT_read_format_bgra GL_OES_compressed_paletted_texture GL_OES_compressed_ETC1_RGB8_texture GL_OES_standard_derivatives GL_OES_EGL_image GL_OES_EGL_image_external GL_OES_EGL_image_external_essl3 GL_OES_EGL_sync GL_OES_texture_npot GL_OES_vertex_half_float GL_OES_required_internalformat GL_OES_vertex_array_object GL_OES_mapbuffer GL_EXT_texture_format_BGRA8888 GL_EXT_texture_rg GL_EXT_texture_type_2_10_10_10_REV GL_OES_fbo_render_mipmap GL_OES_element_index_uint GL_EXT_shadow_samplers GL_OES_texture_compression_astc GL_KHR_texture_compression_astc_ldr GL_KHR_texture_compression_astc_hdr GL_KHR_texture_compression_astc_sliced_3d GL_KHR_debug GL_EXT_occlusion_query_boolean GL_EXT_disjoint_timer_query GL_EXT_blend_minmax GL_EXT_discard_framebuffer GL_OES_get_program_binary GL_OES_texture_3D GL_EXT_texture_storage GL_EXT_multisamp
05-03 00:38:03.935   305   305 I SurfaceFlinger: GL_MAX_TEXTURE_SIZE = 8192
05-03 00:38:03.935   305   305 I SurfaceFlinger: GL_MAX_VIEWPORT_DIMS = 8192
05-03 00:38:03.936   305   305 D mali_winsys: EGLint new_window_surface(egl_winsys_display*, void*, EGLSurface, EGLConfig, egl_winsys_surface**, egl_color_buffer_format*, EGLBoolean) returns 0x3000
05-03 00:38:03.937   305   305 E ion     : ioctl c0144900 failed with code -1: No such device
05-03 00:38:03.939   305   305 E ion     : ioctl c0144900 failed with code -1: No such device
05-03 00:38:03.940   305   305 E ion     : ioctl c0144900 failed with code -1: No such device
05-03 00:38:04.050   308   308 I cameraserver: type=1400 audit(0.0:27): avc: denied { read write } for name="camera-isp" dev="tmpfs" ino=8836 scontext=u:r:cameraserver:s0 tcontext=u:object_r:device:s0 tclass=chr_file permissive=1
05-03 00:38:04.050   308   308 I cameraserver: type=1400 audit(0.0:28): avc: denied { open } for path="/dev/camera-isp" dev="tmpfs" ino=8836 scontext=u:r:cameraserver:s0 tcontext=u:object_r:device:s0 tclass=chr_file permissive=1
05-03 00:38:04.050   308   308 I cameraserver: type=1400 audit(0.0:29): avc: denied { ioctl } for path="/dev/kd_camera_hw" dev="tmpfs" ino=8837 ioctlcmd=693c scontext=u:r:cameraserver:s0 tcontext=u:object_r:device:s0 tclass=chr_file permissive=1
05-03 00:38:04.058   308   308 I IspDrv  : [IspDrvImp] getpid[0x00000134],gettid[0x00000134]
05-03 00:38:04.062   308   308 D MtkCam/Metadata: [clear] pid:308 tid:308
05-03 00:38:04.062   308   308 D SeninfDrvImp: [SeninfDrvImp][SeninfDrvImp]
05-03 00:38:04.062   308   308 D SeninfDrvImp: [init][init]: Entry count 0
05-03 00:38:04.063   308   308 D SeninfDrvImp: [init]mpCAMIODrvRegAddr 0xf70480f0 = 0x0, State: init
05-03 00:38:04.063   308   308 D SeninfDrvImp: [init][init]: Exit count 1
05-03 00:38:04.063   308   308 D SeninfDrvImp: [setMclk1][setTg1PhaseCounter] pcEn(1) clkPol(0) CamPll(0x810000) mMclk1User(1)
05-03 00:38:04.063   308   308 D SeninfDrvImp: [setMclk2][setTg2PhaseCounter] pcEn(1) clkPol(0) CamPll(0x810000) mMclk2User(1)
05-03 00:38:04.063   308   308 D ImgSensorDrv: [impSearchSensor]SENSOR search start
05-03 00:38:04.063   308   308 D ImgSensorDrv: [impSearchSensor]impSearchSensor search to sub
05-03 00:38:04.063   308   308 D ImgSensorDrv: [impSearchSensor]set sensor driver id =10000
05-03 00:38:04.150   308   308 D ImgSensorDrv: [getCurrentSensorType][getCurrentSensorType]
05-03 00:38:04.150   308   308 D ImgSensorDrv: [getInfo][getInfo],m_fdSensor = 0x8
05-03 00:38:04.150   308   308 D ImgSensorDrv: [getSocketPosition][getSocketPosition]:[1][1]
05-03 00:38:04.150   308   308 D ImgSensorDrv: [impSearchSensor]found <0x2375/gc2375mipi_raw_chxt_rear/SENSOR_DRVNAME_GC2375MIPI_RAW_CHXT_REAR>
05-03 00:38:04.150   308   308 D ImgSensorDrv: [impSearchSensor]MAIN sensor found:[0]/[0x10000]/[0]/[1]
05-03 00:38:04.150   308   308 D ImgSensorDrv: [impSearchSensor]set sensor driver id =10001
05-03 00:38:04.161   308   308 D ImgSensorDrv: [impSearchSensor][impSearchSensor] Err-ctrlCode (I/O error)
05-03 00:38:04.161   308   308 D ImgSensorDrv: [getCurrentSensorType][getCurrentSensorType]
05-03 00:38:04.161   308   308 D ImgSensorDrv: [getInfo][getInfo],m_fdSensor = 0x8
05-03 00:38:04.161   308   308 D ImgSensorDrv: [getSocketPosition][getSocketPosition]:[1][1]
05-03 00:38:04.161   308   308 D ImgSensorDrv: [impSearchSensor]sensor ID mismatch
05-03 00:38:04.161   308   308 D ImgSensorDrv: [impSearchSensor]set sensor driver id =10002
05-03 00:38:04.177   305   305 D SurfaceFlinger: SF. shader cache generated - 26 shaders in 234.373535 ms
05-03 00:38:04.178   305   305 D SurfaceFlinger: Set power mode=2, type=0 flinger=0xf6c28000
05-03 00:38:04.178   305   305 I hwcomposer: [HWC] SetPowerMode(2) Display(0)
05-03 00:38:04.238   308   308 D ImgSensorDrv: [impSearchSensor][impSearchSensor] Err-ctrlCode (I/O error)
05-03 00:38:04.238   308   308 D ImgSensorDrv: [getCurrentSensorType][getCurrentSensorType]
05-03 00:38:04.238   308   308 D ImgSensorDrv: [getInfo][getInfo],m_fdSensor = 0x8
05-03 00:38:04.238   308   308 D ImgSensorDrv: [getSocketPosition][getSocketPosition]:[1][1]
05-03 00:38:04.238   308   308 D ImgSensorDrv: [impSearchSensor]sensor ID mismatch
05-03 00:38:04.238   308   308 D ImgSensorDrv: [impSearchSensor]set sensor driver id =10003
05-03 00:38:04.249   308   308 D ImgSensorDrv: [impSearchSensor][impSearchSensor] Err-ctrlCode (I/O error)
05-03 00:38:04.249   308   308 D ImgSensorDrv: [getCurrentSensorType][getCurrentSensorType]
05-03 00:38:04.249   308   308 D ImgSensorDrv: [getInfo][getInfo],m_fdSensor = 0x8
05-03 00:38:04.249   308   308 D ImgSensorDrv: [getSocketPosition][getSocketPosition]:[1][1]
05-03 00:38:04.249   308   308 D ImgSensorDrv: [impSearchSensor]sensor ID mismatch
05-03 00:38:04.249   308   308 D ImgSensorDrv: [impSearchSensor]set sensor driver id =10004
05-03 00:38:04.298   308   308 D ImgSensorDrv: [impSearchSensor][impSearchSensor] Err-ctrlCode (I/O error)
05-03 00:38:04.298   308   308 D ImgSensorDrv: [getCurrentSensorType][getCurrentSensorType]
05-03 00:38:04.298   308   308 D ImgSensorDrv: [getInfo][getInfo],m_fdSensor = 0x8
05-03 00:38:04.298   308   308 D ImgSensorDrv: [getSocketPosition][getSocketPosition]:[1][1]
05-03 00:38:04.298   308   308 D ImgSensorDrv: [impSearchSensor]sensor ID mismatch
05-03 00:38:04.298   308   308 D ImgSensorDrv: [impSearchSensor]set sensor driver id =10005
05-03 00:38:04.310   308   308 D ImgSensorDrv: [impSearchSensor][impSearchSensor] Err-ctrlCode (I/O error)
05-03 00:38:04.310   308   308 D ImgSensorDrv: [getCurrentSensorType][getCurrentSensorType]
05-03 00:38:04.310   308   308 D ImgSensorDrv: [getInfo][getInfo],m_fdSensor = 0x8
05-03 00:38:04.310   308   308 D ImgSensorDrv: [getSocketPosition][getSocketPosition]:[1][1]
05-03 00:38:04.310   308   308 D ImgSensorDrv: [impSearchSensor]sensor ID mismatch
05-03 00:38:04.310   308   308 D ImgSensorDrv: [impSearchSensor]m_pstSensorInitFunc[i].getCameraDefault is NULL: 6
05-03 00:38:04.311   308   308 D ImgSensorDrv: [impSearchSensor]impSearchSensor search to sub
05-03 00:38:04.311   308   308 D ImgSensorDrv: [impSearchSensor]set sensor driver id =20000
05-03 00:38:04.333   308   308 D ImgSensorDrv: [impSearchSensor][impSearchSensor] Err-ctrlCode (I/O error)
05-03 00:38:04.333   308   308 D ImgSensorDrv: [getCurrentSensorType][getCurrentSensorType]
05-03 00:38:04.333   308   308 D ImgSensorDrv: [getInfo][getInfo],m_fdSensor = 0x8
05-03 00:38:04.333   308   308 D ImgSensorDrv: [getSocketPosition][getSocketPosition]:[2][-1]
05-03 00:38:04.333   308   308 D ImgSensorDrv: [impSearchSensor]sensor ID mismatch
05-03 00:38:04.333   308   308 D ImgSensorDrv: [impSearchSensor]set sensor driver id =20001
05-03 00:38:04.420   308   308 D ImgSensorDrv: [impSearchSensor][impSearchSensor] Err-ctrlCode (I/O error)
05-03 00:38:04.420   308   308 D ImgSensorDrv: [getCurrentSensorType][getCurrentSensorType]
05-03 00:38:04.420   308   308 D ImgSensorDrv: [getInfo][getInfo],m_fdSensor = 0x8
05-03 00:38:04.420   308   308 D ImgSensorDrv: [getSocketPosition][getSocketPosition]:[2][-1]
05-03 00:38:04.420   308   308 D ImgSensorDrv: [impSearchSensor]sensor ID mismatch
05-03 00:38:04.420   308   308 D ImgSensorDrv: [impSearchSensor]set sensor driver id =20002
05-03 00:38:04.431   308   308 D ImgSensorDrv: [impSearchSensor][impSearchSensor] Err-ctrlCode (I/O error)
05-03 00:38:04.431   308   308 D ImgSensorDrv: [getCurrentSensorType][getCurrentSensorType]
05-03 00:38:04.431   308   308 D ImgSensorDrv: [getInfo][getInfo],m_fdSensor = 0x8
05-03 00:38:04.431   308   308 D ImgSensorDrv: [getSocketPosition][getSocketPosition]:[2][-1]
05-03 00:38:04.431   308   308 D ImgSensorDrv: [impSearchSensor]sensor ID mismatch
05-03 00:38:04.431   308   308 D ImgSensorDrv: [impSearchSensor]set sensor driver id =20003
05-03 00:38:04.526   308   308 D ImgSensorDrv: [impSearchSensor][impSearchSensor] Err-ctrlCode (I/O error)
05-03 00:38:04.526   308   308 D ImgSensorDrv: [getCurrentSensorType][getCurrentSensorType]
05-03 00:38:04.526   308   308 D ImgSensorDrv: [getInfo][getInfo],m_fdSensor = 0x8
05-03 00:38:04.526   308   308 D ImgSensorDrv: [getSocketPosition][getSocketPosition]:[2][-1]
05-03 00:38:04.527   308   308 D ImgSensorDrv: [impSearchSensor]sensor ID mismatch
05-03 00:38:04.527   308   308 D ImgSensorDrv: [impSearchSensor]set sensor driver id =20004
05-03 00:38:04.541   308   308 D ImgSensorDrv: [impSearchSensor][impSearchSensor] Err-ctrlCode (I/O error)
05-03 00:38:04.541   308   308 D ImgSensorDrv: [getCurrentSensorType][getCurrentSensorType]
05-03 00:38:04.541   308   308 D ImgSensorDrv: [getInfo][getInfo],m_fdSensor = 0x8
05-03 00:38:04.541   308   308 D ImgSensorDrv: [getSocketPosition][getSocketPosition]:[2][-1]
05-03 00:38:04.541   308   308 D ImgSensorDrv: [impSearchSensor]sensor ID mismatch
05-03 00:38:04.541   308   308 D ImgSensorDrv: [impSearchSensor]set sensor driver id =20005
05-03 00:38:04.591   308   308 D ImgSensorDrv: [getCurrentSensorType][getCurrentSensorType]
05-03 00:38:04.591   308   308 D ImgSensorDrv: [getInfo][getInfo],m_fdSensor = 0x8
05-03 00:38:04.592   308   308 D ImgSensorDrv: [getSocketPosition][getSocketPosition]:[2][-1]
05-03 00:38:04.592   308   308 D ImgSensorDrv: [impSearchSensor]found <0x250a/sp2509mipi_raw_chxt_front/SENSOR_DRVNAME_SP2509MIPI_RAW_CHXT_FRONT>
05-03 00:38:04.592   308   308 D ImgSensorDrv: [impSearchSensor]SUB sensor found:[5]/[0x20005]/[0]/[-1]
05-03 00:38:04.592   308   308 D ImgSensorDrv: [impSearchSensor]m_pstSensorInitFunc[i].getCameraDefault is NULL: 6
05-03 00:38:04.592   308   308 D ImgSensorDrv: [impSearchSensor]SENSOR search end: 0x3 /[0x2375][0]/[0xffffff][255]/[0x250a][5]
05-03 00:38:04.592   308   308 D ImgSensorDrv: [init]mUsers = 0
05-03 00:38:04.592   308   308 D ImgSensorDrv: [init][featureControl]: SENSOR_FEATURE_GET_PIXEL_CLOCK_FREQ
05-03 00:38:04.592   308   308 E ImgSensorDrv: [init]Err(  518):[init]:  SENSOR_FEATURE_GET_PIXEL_CLOCK_FREQ error = 0
05-03 00:38:04.592   308   308 D ImgSensorDrv: [init]m_LineTimeInus[0] = 31
05-03 00:38:04.592   308   308 D ImgSensorDrv: [getInfo2]prv w=0x640,h=0x4b0
05-03 00:38:04.592   308   308 D ImgSensorDrv: [getInfo2]cap w=0x640,h=0x4b0
05-03 00:38:04.592   308   308 D ImgSensorDrv: [getInfo2]vd  w=0x640,h=0x4b0
05-03 00:38:04.592   308   308 D ImgSensorDrv: [getInfo2]pre GrapX=0x0,GrapY=0x0
05-03 00:38:04.592   308   308 D ImgSensorDrv: [uninit]imgsensor_drv mUsers = 1
05-03 00:38:04.592   308   308 D ImgSensorDrv: [init]mUsers = 0
05-03 00:38:04.592   308   308 E ImgSensorDrv: [init]Err(  551):[init]:  SENSOR_FEATURE_GET_PIXEL_CLOCK_FREQ error = 0
05-03 00:38:04.592   308   308 D ImgSensorDrv: [init]m_LineTimeInus[1] = 31
05-03 00:38:04.592   308   308 D ImgSensorDrv: [getInfo2]prv w=0x640,h=0x4b0
05-03 00:38:04.592   308   308 D ImgSensorDrv: [getInfo2]cap w=0x640,h=0x4b0
05-03 00:38:04.592   308   308 D ImgSensorDrv: [getInfo2]vd  w=0x640,h=0x4b0
05-03 00:38:04.592   308   308 D ImgSensorDrv: [getInfo2]pre GrapX=0x0,GrapY=0x0
05-03 00:38:04.592   308   308 D ImgSensorDrv: [uninit]imgsensor_drv mUsers = 1
05-03 00:38:04.592   308   308 D ImgSensorDrv: [init]mUsers = 0
05-03 00:38:04.592   308   308 D ImgSensorDrv: [init][featureControl]: SENSOR_FEATURE_GET_PIXEL_CLOCK_FREQ
05-03 00:38:04.592   308   308 E ImgSensorDrv: [init]Err(  518):[init]:  SENSOR_FEATURE_GET_PIXEL_CLOCK_FREQ error = 0
05-03 00:38:04.592   308   308 D ImgSensorDrv: [init]m_LineTimeInus[0] = 31
05-03 00:38:04.592   308   308 D ImgSensorDrv: [sendCommand]sendCommand CMD_SENSOR_GET_SENSOR_VIEWANGLE
05-03 00:38:04.592   308   308 D ImgSensorDrv: [uninit]imgsensor_drv mUsers = 1
05-03 00:38:04.592   308   308 D ImgSensorDrv: [init]mUsers = 0
05-03 00:38:04.592   308   308 E ImgSensorDrv: [init]Err(  551):[init]:  SENSOR_FEATURE_GET_PIXEL_CLOCK_FREQ error = 0
05-03 00:38:04.592   308   308 D ImgSensorDrv: [init]m_LineTimeInus[1] = 31
05-03 00:38:04.592   308   308 D ImgSensorDrv: [sendCommand]sendCommand CMD_SENSOR_GET_SENSOR_VIEWANGLE
05-03 00:38:04.592   308   308 D ImgSensorDrv: [uninit]imgsensor_drv mUsers = 1
05-03 00:38:04.596   308   308 W MtkCam/HalSensorList: [impConstructStaticMetadata_by_SymbolName] constructCustStaticMetadata_DEVICE_SCALER_SENSOR_DRVNAME_GC2375MIPI_RAW_CHXT_REAR not found
05-03 00:38:04.596   308   308 W MtkCam/HalSensorList: [impConstructStaticMetadata_by_SymbolName] constructCustStaticMetadata_DEVICE_SCALER_COMMON not found
05-03 00:38:04.597   308   308 W MtkCam/HalSensorList: [impConstructStaticMetadata_by_SymbolName] constructCustStaticMetadata_DEVICE_FEATURE_SENSOR_DRVNAME_GC2375MIPI_RAW_CHXT_REAR not found
05-03 00:38:04.597   308   308 W MtkCam/HalSensorList: [impConstructStaticMetadata_by_SymbolName] constructCustStaticMetadata_DEVICE_FEATURE_COMMON not found
05-03 00:38:04.598   308   308 W MtkCam/HalSensorList: [impConstructStaticMetadata_by_SymbolName] constructCustStaticMetadata_DEVICE_REQUEST_SENSOR_DRVNAME_GC2375MIPI_RAW_CHXT_REAR not found
05-03 00:38:04.598   308   308 W MtkCam/HalSensorList: [impConstructStaticMetadata_by_SymbolName] constructCustStaticMetadata_DEVICE_REQUEST_COMMON not found
05-03 00:38:04.598   308   308 W MtkCam/HalSensorList: [impConstructStaticMetadata_by_SymbolName] constructCustStaticMetadata_PROJECT_LENS_SENSOR_DRVNAME_GC2375MIPI_RAW_CHXT_REAR not found
05-03 00:38:04.599   308   308 W MtkCam/HalSensorList: [impConstructStaticMetadata_by_SymbolName] constructCustStaticMetadata_PROJECT_LENS_COMMON not found
05-03 00:38:04.599   308   308 W MtkCam/HalSensorList: [impConstructStaticMetadata_by_SymbolName] constructCustStaticMetadata_PROJECT_SENSOR_SENSOR_DRVNAME_GC2375MIPI_RAW_CHXT_REAR not found
05-03 00:38:04.599   308   308 W MtkCam/HalSensorList: [impConstructStaticMetadata_by_SymbolName] constructCustStaticMetadata_PROJECT_SENSOR_COMMON not found
05-03 00:38:04.599   308   308 W MtkCam/HalSensorList: [impConstructStaticMetadata_by_SymbolName] constructCustStaticMetadata_PROJECT_TUNING_3A_SENSOR_DRVNAME_GC2375MIPI_RAW_CHXT_REAR not found
05-03 00:38:04.600   308   308 W MtkCam/HalSensorList: [impConstructStaticMetadata_by_SymbolName] constructCustStaticMetadata_PROJECT_TUNING_3A_COMMON not found
05-03 00:38:04.600   308   308 W MtkCam/HalSensorList: [impConstructStaticMetadata_by_SymbolName] constructCustStaticMetadata_PROJECT_FLASHLIGHT_SENSOR_DRVNAME_GC2375MIPI_RAW_CHXT_REAR not found
05-03 00:38:04.600   308   308 W MtkCam/HalSensorList: [impConstructStaticMetadata_by_SymbolName] constructCustStaticMetadata_PROJECT_FLASHLIGHT_COMMON not found
05-03 00:38:04.601   308   308 W MtkCam/HalSensorList: [impConstructStaticMetadata_by_SymbolName] constructCustStaticMetadata_PROJECT_SCALER_SENSOR_DRVNAME_GC2375MIPI_RAW_CHXT_REAR not found
05-03 00:38:04.601   308   308 W MtkCam/HalSensorList: [impConstructStaticMetadata_by_SymbolName] constructCustStaticMetadata_PROJECT_SCALER_COMMON not found
05-03 00:38:04.601   308   308 W MtkCam/HalSensorList: [impConstructStaticMetadata_by_SymbolName] constructCustStaticMetadata_PROJECT_FEATURE_SENSOR_DRVNAME_GC2375MIPI_RAW_CHXT_REAR not found
05-03 00:38:04.601   308   308 W MtkCam/HalSensorList: [impConstructStaticMetadata_by_SymbolName] constructCustStaticMetadata_PROJECT_FEATURE_COMMON not found
05-03 00:38:04.602   308   308 W MtkCam/HalSensorList: [impConstructStaticMetadata_by_SymbolName] constructCustStaticMetadata_PROJECT_CAMERA_SENSOR_DRVNAME_GC2375MIPI_RAW_CHXT_REAR not found
05-03 00:38:04.602   308   308 W MtkCam/HalSensorList: [impConstructStaticMetadata_by_SymbolName] constructCustStaticMetadata_PROJECT_CAMERA_COMMON not found
05-03 00:38:04.602   308   308 W MtkCam/HalSensorList: [impConstructStaticMetadata_by_SymbolName] constructCustStaticMetadata_PROJECT_REQUEST_SENSOR_DRVNAME_GC2375MIPI_RAW_CHXT_REAR not found
05-03 00:38:04.603   308   308 W MtkCam/HalSensorList: [impConstructStaticMetadata_by_SymbolName] constructCustStaticMetadata_PROJECT_REQUEST_COMMON not found
05-03 00:38:04.606   308   308 W MtkCam/HalSensorList: [impConstructStaticMetadata_by_SymbolName] constructCustStaticMetadata_DEVICE_SCALER_SENSOR_DRVNAME_SP2509MIPI_RAW_CHXT_FRONT not found
05-03 00:38:04.606   308   308 W MtkCam/HalSensorList: [impConstructStaticMetadata_by_SymbolName] constructCustStaticMetadata_DEVICE_SCALER_COMMON not found
05-03 00:38:04.606   308   308 W MtkCam/HalSensorList: [impConstructStaticMetadata_by_SymbolName] constructCustStaticMetadata_DEVICE_FEATURE_SENSOR_DRVNAME_SP2509MIPI_RAW_CHXT_FRONT not found
05-03 00:38:04.606   308   308 W MtkCam/HalSensorList: [impConstructStaticMetadata_by_SymbolName] constructCustStaticMetadata_DEVICE_FEATURE_COMMON not found
05-03 00:38:04.607   308   308 W MtkCam/HalSensorList: [impConstructStaticMetadata_by_SymbolName] constructCustStaticMetadata_DEVICE_REQUEST_SENSOR_DRVNAME_SP2509MIPI_RAW_CHXT_FRONT not found
05-03 00:38:04.608   308   308 W MtkCam/HalSensorList: [impConstructStaticMetadata_by_SymbolName] constructCustStaticMetadata_DEVICE_REQUEST_COMMON not found
05-03 00:38:04.608   308   308 W MtkCam/HalSensorList: [impConstructStaticMetadata_by_SymbolName] constructCustStaticMetadata_PROJECT_LENS_SENSOR_DRVNAME_SP2509MIPI_RAW_CHXT_FRONT not found
05-03 00:38:04.608   308   308 W MtkCam/HalSensorList: [impConstructStaticMetadata_by_SymbolName] constructCustStaticMetadata_PROJECT_LENS_COMMON not found
05-03 00:38:04.608   308   308 W MtkCam/HalSensorList: [impConstructStaticMetadata_by_SymbolName] constructCustStaticMetadata_PROJECT_SENSOR_SENSOR_DRVNAME_SP2509MIPI_RAW_CHXT_FRONT not found
05-03 00:38:04.609   308   308 W MtkCam/HalSensorList: [impConstructStaticMetadata_by_SymbolName] constructCustStaticMetadata_PROJECT_SENSOR_COMMON not found
05-03 00:38:04.609   308   308 W MtkCam/HalSensorList: [impConstructStaticMetadata_by_SymbolName] constructCustStaticMetadata_PROJECT_TUNING_3A_SENSOR_DRVNAME_SP2509MIPI_RAW_CHXT_FRONT not found
05-03 00:38:04.609   308   308 W MtkCam/HalSensorList: [impConstructStaticMetadata_by_SymbolName] constructCustStaticMetadata_PROJECT_TUNING_3A_COMMON not found
05-03 00:38:04.610   308   308 W MtkCam/HalSensorList: [impConstructStaticMetadata_by_SymbolName] constructCustStaticMetadata_PROJECT_FLASHLIGHT_SENSOR_DRVNAME_SP2509MIPI_RAW_CHXT_FRONT not found
05-03 00:38:04.610   308   308 W MtkCam/HalSensorList: [impConstructStaticMetadata_by_SymbolName] constructCustStaticMetadata_PROJECT_FLASHLIGHT_COMMON not found
05-03 00:38:04.610   308   308 W MtkCam/HalSensorList: [impConstructStaticMetadata_by_SymbolName] constructCustStaticMetadata_PROJECT_SCALER_SENSOR_DRVNAME_SP2509MIPI_RAW_CHXT_FRONT not found
05-03 00:38:04.610   308   308 W MtkCam/HalSensorList: [impConstructStaticMetadata_by_SymbolName] constructCustStaticMetadata_PROJECT_SCALER_COMMON not found
05-03 00:38:04.611   308   308 W MtkCam/HalSensorList: [impConstructStaticMetadata_by_SymbolName] constructCustStaticMetadata_PROJECT_FEATURE_SENSOR_DRVNAME_SP2509MIPI_RAW_CHXT_FRONT not found
05-03 00:38:04.611   308   308 W MtkCam/HalSensorList: [impConstructStaticMetadata_by_SymbolName] constructCustStaticMetadata_PROJECT_FEATURE_COMMON not found
05-03 00:38:04.611   308   308 W MtkCam/HalSensorList: [impConstructStaticMetadata_by_SymbolName] constructCustStaticMetadata_PROJECT_CAMERA_SENSOR_DRVNAME_SP2509MIPI_RAW_CHXT_FRONT not found
05-03 00:38:04.612   308   308 W MtkCam/HalSensorList: [impConstructStaticMetadata_by_SymbolName] constructCustStaticMetadata_PROJECT_CAMERA_COMMON not found
05-03 00:38:04.612   308   308 W MtkCam/HalSensorList: [impConstructStaticMetadata_by_SymbolName] constructCustStaticMetadata_PROJECT_REQUEST_SENSOR_DRVNAME_SP2509MIPI_RAW_CHXT_FRONT not found
05-03 00:38:04.612   308   308 W MtkCam/HalSensorList: [impConstructStaticMetadata_by_SymbolName] constructCustStaticMetadata_PROJECT_REQUEST_COMMON not found
05-03 00:38:04.612   308   308 D SeninfDrvImp: [setMclk1][setTg1PhaseCounter] pcEn(0) clkPol(0) CamPll(0x810000) mMclk1User(0)
05-03 00:38:04.613   308   308 D SeninfDrvImp: [setMclk2][setTg2PhaseCounter] pcEn(0) clkPol(0) CamPll(0x810000) mMclk2User(0)
05-03 00:38:04.613   308   308 D SeninfDrvImp: [uninit][uninit]: 1
05-03 00:38:04.613   308   308 D SeninfDrvImp: [uninit][uninit]: 0
05-03 00:38:04.614   308   308 D MtkCam/MetadataProvider.constructStatic: [constructStaticMetadata] construct static metadata
05-03 00:38:04.614   308   308 W MtkCam/MetadataProvider.constructStatic: [impConstructStaticMetadata_by_SymbolName] constructCustStaticMetadata_DEVICE_LENS_SENSOR_DRVNAME_GC2375MIPI_RAW_CHXT_REAR returns status[Unknown error -1(-1)]
05-03 00:38:04.615   308   308 W MtkCam/MetadataProvider.constructStatic: [impConstructStaticMetadata_by_SymbolName] constructCustStaticMetadata_DEVICE_LENS_COMMON not found
05-03 00:38:04.615   308   308 W MtkCam/MetadataProvider.constructStatic: [impConstructStaticMetadata_by_SymbolName] constructCustStaticMetadata_DEVICE_SENSOR_SENSOR_DRVNAME_GC2375MIPI_RAW_CHXT_REAR returns status[Unknown error -1(-1)]
05-03 00:38:04.616   308   308 W MtkCam/MetadataProvider.constructStatic: [impConstructStaticMetadata_by_SymbolName] constructCustStaticMetadata_DEVICE_SENSOR_COMMON not found
05-03 00:38:04.617   308   308 W MtkCam/MetadataProvider.constructStatic: [impConstructStaticMetadata_by_SymbolName] constructCustStaticMetadata_DEVICE_TUNING_3A_SENSOR_DRVNAME_GC2375MIPI_RAW_CHXT_REAR returns status[Unknown error -1(-1)]
05-03 00:38:04.618   308   308 W MtkCam/MetadataProvider.constructStatic: [impConstructStaticMetadata_by_SymbolName] constructCustStaticMetadata_DEVICE_TUNING_3A_COMMON not found
05-03 00:38:04.618   308   308 W MtkCam/MetadataProvider.constructStatic: [impConstructStaticMetadata_by_SymbolName] constructCustStaticMetadata_DEVICE_FLASHLIGHT_SENSOR_DRVNAME_GC2375MIPI_RAW_CHXT_REAR returns status[Unknown error -1(-1)]
05-03 00:38:04.618   308   308 W MtkCam/MetadataProvider.constructStatic: [impConstructStaticMetadata_by_SymbolName] constructCustStaticMetadata_DEVICE_FLASHLIGHT_COMMON not found
05-03 00:38:04.619   308   308 W MtkCam/MetadataProvider.constructStatic: [impConstructStaticMetadata_by_SymbolName] constructCustStaticMetadata_DEVICE_CAMERA_SENSOR_DRVNAME_GC2375MIPI_RAW_CHXT_REAR returns status[Unknown error -1(-1)]
05-03 00:38:04.621   308   308 W MtkCam/MetadataProvider.constructStatic: [impConstructStaticMetadata_by_SymbolName] constructCustStaticMetadata_PROJECT_LENS_SENSOR_DRVNAME_GC2375MIPI_RAW_CHXT_REAR not found
05-03 00:38:04.621   308   308 W MtkCam/MetadataProvider.constructStatic: [impConstructStaticMetadata_by_SymbolName] constructCustStaticMetadata_PROJECT_LENS_COMMON not found
05-03 00:38:04.621   308   308 W MtkCam/MetadataProvider.constructStatic: [impConstructStaticMetadata_by_SymbolName] constructCustStaticMetadata_PROJECT_SENSOR_SENSOR_DRVNAME_GC2375MIPI_RAW_CHXT_REAR not found
05-03 00:38:04.621   308   308 W MtkCam/MetadataProvider.constructStatic: [impConstructStaticMetadata_by_SymbolName] constructCustStaticMetadata_PROJECT_SENSOR_COMMON not found
05-03 00:38:04.621   308   308 W MtkCam/MetadataProvider.constructStatic: [impConstructStaticMetadata_by_SymbolName] constructCustStaticMetadata_PROJECT_TUNING_3A_SENSOR_DRVNAME_GC2375MIPI_RAW_CHXT_REAR not found
05-03 00:38:04.622   308   308 W MtkCam/MetadataProvider.constructStatic: [impConstructStaticMetadata_by_SymbolName] constructCustStaticMetadata_PROJECT_TUNING_3A_COMMON not found
05-03 00:38:04.622   308   308 W MtkCam/MetadataProvider.constructStatic: [impConstructStaticMetadata_by_SymbolName] constructCustStaticMetadata_PROJECT_FLASHLIGHT_SENSOR_DRVNAME_GC2375MIPI_RAW_CHXT_REAR not found
05-03 00:38:04.622   308   308 W MtkCam/MetadataProvider.constructStatic: [impConstructStaticMetadata_by_SymbolName] constructCustStaticMetadata_PROJECT_FLASHLIGHT_COMMON not found
05-03 00:38:04.622   308   308 W MtkCam/MetadataProvider.constructStatic: [impConstructStaticMetadata_by_SymbolName] constructCustStaticMetadata_PROJECT_SCALER_SENSOR_DRVNAME_GC2375MIPI_RAW_CHXT_REAR not found
05-03 00:38:04.622   308   308 W MtkCam/MetadataProvider.constructStatic: [impConstructStaticMetadata_by_SymbolName] constructCustStaticMetadata_PROJECT_SCALER_COMMON not found
05-03 00:38:04.622   308   308 W MtkCam/MetadataProvider.constructStatic: [impConstructStaticMetadata_by_SymbolName] constructCustStaticMetadata_PROJECT_FEATURE_SENSOR_DRVNAME_GC2375MIPI_RAW_CHXT_REAR not found
05-03 00:38:04.623   308   308 W MtkCam/MetadataProvider.constructStatic: [impConstructStaticMetadata_by_SymbolName] constructCustStaticMetadata_PROJECT_FEATURE_COMMON not found
05-03 00:38:04.623   308   308 W MtkCam/MetadataProvider.constructStatic: [impConstructStaticMetadata_by_SymbolName] constructCustStaticMetadata_PROJECT_CAMERA_SENSOR_DRVNAME_GC2375MIPI_RAW_CHXT_REAR not found
05-03 00:38:04.623   308   308 W MtkCam/MetadataProvider.constructStatic: [impConstructStaticMetadata_by_SymbolName] constructCustStaticMetadata_PROJECT_CAMERA_COMMON not found
05-03 00:38:04.623   308   308 W MtkCam/MetadataProvider.constructStatic: [impConstructStaticMetadata_by_SymbolName] constructCustStaticMetadata_PROJECT_REQUEST_SENSOR_DRVNAME_GC2375MIPI_RAW_CHXT_REAR not found
05-03 00:38:04.623   308   308 W MtkCam/MetadataProvider.constructStatic: [impConstructStaticMetadata_by_SymbolName] constructCustStaticMetadata_PROJECT_REQUEST_COMMON not found
05-03 00:38:04.623   308   308 D MtkCam/MetadataProvider.constructStatic: [constructStaticMetadata] Allocating 79 entries from customization
05-03 00:38:04.623   308   308 D MtkCam/MetadataProvider.constructStatic: [constructStaticMetadata] Allocating 59 entries from sensor HAL
05-03 00:38:04.624   308   308 D nvbuf_util.cpp: nvbuf_util.cpp getBufAndRead+ ln=578 ramId=0 sensorDev=1
05-03 00:38:04.624   308   308 D NvramDrv: NvramDrv [readNoDefault] id=1 dev=9
05-03 00:38:04.624   308   308 D NvramDrv: NvramDrv [readNvramData]+ a_eSensorType=1 a_eNvramDataType=9
05-03 00:38:04.624   308   308 D NvramDrv: NvramDrv check nvram demon
05-03 00:38:04.724   308   308 D NvramDrv: NvramDrv check nvram demon
05-03 00:38:04.824   308   308 D NvramDrv: NvramDrv check nvram demon
05-03 00:38:04.877   310   310 D AndroidRuntime: >>>>>> START com.android.internal.os.ZygoteInit uid 0 <<<<<<
05-03 00:38:04.870   385   385 I mali-hist-dump: type=1400 audit(0.0:30): avc: denied { ioctl } for path="/dev/mali0" dev="tmpfs" ino=8699 ioctlcmd=821b scontext=u:r:surfaceflinger:s0 tcontext=u:object_r:device:s0 tclass=chr_file permissive=1
05-03 00:38:04.894   310   310 D AndroidRuntime: CheckJNI is ON
05-03 00:38:04.900   310   310 I art     : option[0]=-Xzygote
05-03 00:38:04.900   310   310 I art     : option[1]=-Xcheck:jni
05-03 00:38:04.900   310   310 I art     : option[2]=-Xstacktracefile:/data/anr/traces.txt
05-03 00:38:04.900   310   310 I art     : option[3]=exit
05-03 00:38:04.900   310   310 I art     : option[4]=vfprintf
05-03 00:38:04.900   310   310 I art     : option[5]=sensitiveThread
05-03 00:38:04.900   310   310 I art     : option[6]=-verbose:gc
05-03 00:38:04.900   310   310 I art     : option[7]=-Xms4m
05-03 00:38:04.900   310   310 I art     : option[8]=-Xmx16m
05-03 00:38:04.900   310   310 I art     : option[9]=-Xusejit:true
05-03 00:38:04.900   310   310 I art     : option[10]=-Xjitsaveprofilinginfo
05-03 00:38:04.900   310   310 I art     : option[11]=-agentlib:jdwp=transport=dt_android_adb,suspend=n,server=y
05-03 00:38:04.900   310   310 I art     : option[12]=-Xlockprofthreshold:500
05-03 00:38:04.900   310   310 I art     : option[13]=-Ximage-compiler-option
05-03 00:38:04.900   310   310 I art     : option[14]=--runtime-arg
05-03 00:38:04.900   310   310 I art     : option[15]=-Ximage-compiler-option
05-03 00:38:04.900   310   310 I art     : option[16]=-Xms64m
05-03 00:38:04.900   310   310 I art     : option[17]=-Ximage-compiler-option
05-03 00:38:04.900   310   310 I art     : option[18]=--runtime-arg
05-03 00:38:04.901   310   310 I art     : option[19]=-Ximage-compiler-option
05-03 00:38:04.901   310   310 I art     : option[20]=-Xmx64m
05-03 00:38:04.901   310   310 I art     : option[21]=-Ximage-compiler-option
05-03 00:38:04.901   310   310 I art     : option[22]=--compiler-filter=verify-at-runtime
05-03 00:38:04.901   310   310 I art     : option[23]=-Ximage-compiler-option
05-03 00:38:04.901   310   310 I art     : option[24]=--image-classes=/system/etc/preloaded-classes
05-03 00:38:04.901   310   310 I art     : option[25]=-Ximage-compiler-option
05-03 00:38:04.901   310   310 I art     : option[26]=--compiled-classes=/system/etc/compiled-classes
05-03 00:38:04.901   310   310 I art     : option[27]=-Xcompiler-option
05-03 00:38:04.901   310   310 I art     : option[28]=--runtime-arg
05-03 00:38:04.901   310   310 I art     : option[29]=-Xcompiler-option
05-03 00:38:04.901   310   310 I art     : option[30]=-Xms64m
05-03 00:38:04.901   310   310 I art     : option[31]=-Xcompiler-option
05-03 00:38:04.901   310   310 I art     : option[32]=--runtime-arg
05-03 00:38:04.901   310   310 I art     : option[33]=-Xcompiler-option
05-03 00:38:04.901   310   310 I art     : option[34]=-Xmx512m
05-03 00:38:04.901   310   310 I art     : option[35]=-Ximage-compiler-option
05-03 00:38:04.901   310   310 I art     : option[36]=--instruction-set-variant=cortex-a7
05-03 00:38:04.901   310   310 I art     : option[37]=-Xcompiler-option
05-03 00:38:04.901   310   310 I art     : option[38]=--instruction-set-variant=cortex-a7
05-03 00:38:04.901   310   310 I art     : option[39]=-Ximage-compiler-option
05-03 00:38:04.901   310   310 I art     : option[40]=--instruction-set-features=default
05-03 00:38:04.901   310   310 I art     : option[41]=-Xcompiler-option
05-03 00:38:04.901   310   310 I art     : option[42]=--instruction-set-features=default
