05-03 00:38:33.810   634   634 I WifiScanningService: Starting wifiscanner
05-03 00:38:33.815   634   693 D WifiController: WifiController msg { when=0 what=155656 target=com.android.internal.util.StateMachine$SmHandler } deferred for 500ms
05-03 00:38:33.831   634   634 I RttService: Registering rttmanager
05-03 00:38:33.836   634   634 I EthernetServiceImpl: Starting Ethernet service
05-03 00:38:33.840   634   634 D Ethernet: Registering NetworkFactory
05-03 00:38:33.840   634   702 D ConnectivityService: Got NetworkFactory Messenger for Ethernet
05-03 00:38:33.842   634   730 D Ethernet: got request NetworkRequest [ REQUEST id=1, [ Capabilities: INTERNET&NOT_RESTRICTED&TRUSTED&NOT_VPN] ] with score 0
05-03 00:38:33.908   634   634 D ZenLog  : config: cleanUpZenRules,ZenModeConfig[user=0,allowCalls=true,allowRepeatCallers=false,allowMessages=false,allowCallsFrom=contacts,allowMessagesFrom=contacts,allowReminders=true,allowEvents=true,allowWhenScreenOff=true,allowWhenScreenOn=true,automaticRules={67ca4fea65de433084e219710f7710e6=ZenRule[enabled=false,snoozing=false,name=Weeknight,zenMode=ZEN_MODE_ALARMS,conditionId=condition://android/schedule?days=1.2.3.4.5&start=22.0&end=7.0&exitAtAlarm=false,condition=Condition[id=condition://android/schedule?days=1.2.3.4.5&start=22.0&end=7.0&exitAtAlarm=false,summary=...,line1=...,line2=...,icon=0,state=STATE_TRUE,flags=2],component=ComponentInfo{android/com.android.server.notification.ScheduleConditionProvider},id=67ca4fea65de433084e219710f7710e6,creationTime=1556601607903,enabler=null], 49b2d16997b043aa83170c7e8039c2e7=ZenRule[enabled=false,snoozing=false,name=Event,zenMode=ZEN_MODE_ALARMS,conditionId=condition://android/event?userId=-10000&calendar=&reply=1,condition=Condition[id=condition://android/event?userId=-10000&calendar=&reply=1,summary=...,line1=...,line2=...,icon=0,state=STATE_FALSE,flags=2],component=ComponentInfo{android/com.android.server.notification.EventConditionProvider},id=49b2d16997b043aa83170c7e8039c2e7,creationTime=1556601607907,enabler=null], a53df5d236f942b5bf7321f214632f40=ZenRule[enabled=false,snoozing=false,name=Weekend,zenMode=ZEN_MODE_ALARMS,conditionId=condition://android/schedule?days=6.7&start=23.30&end=10.0&exitAtAlarm=false,condition=Condition[id=condition://android/schedule?days=6.7&start=23.30&end=10.0&exitAtAlarm=false,summary=...,line1=...,line2=...,icon=0,state=STATE_FALSE,flags=2],component=ComponentInfo{android/com.android.server.notification.ScheduleConditionProvider},id=a53df5d236f942b5bf7321f214632f40,creationTime=1556601607905,enabler=null]},manualRule=null],Diff[]
05-03 00:38:33.912   634   634 D ZenLog  : set_zen_mode: off,onSystemReady
05-03 00:38:33.920   311   311 D PermissionCache: checking android.permission.CAPTURE_AUDIO_HOTWORD for uid=1000 => granted (222 us)
05-03 00:38:33.920   634   634 W SoundTriggerHelper: listModules status=0, # of modules=0
05-03 00:38:33.920   634   634 D ContextHubSystemService: onBootPhase: PHASE_SYSTEM_SERVICES_READY
05-03 00:38:33.996   305   305 D MALI    : eglCreateImageKHR:513: [Crop] 0 0 800 1280  img[800 1280]
05-03 00:38:34.073   634   634 I ActivityManager: Config changes=20 {1.0 ?mcc?mnc [en_US] ldltr sw800dp w800dp h1208dp 160dpi xlrg port finger -keyb/v/h -nav/h s.5}
05-03 00:38:34.113   305   305 D MALI    : eglCreateImageKHR:513: [Crop] 0 0 800 1280  img[800 1280]
05-03 00:38:34.191   634   634 D lights  : write_int open fd=-1
05-03 00:38:34.191   634   634 D lights  : write_int open fd=-1
05-03 00:38:34.202   634   634 V UserManagerService: Found /data/user_de/0 with serial number 0
05-03 00:38:34.202   634   634 V UserManagerService: Found /data/user/0 with serial number 0
05-03 00:38:34.203   634   634 V UserManagerService: Found /data/system_de/0 with serial number 0
05-03 00:38:34.203   634   634 V UserManagerService: Found /data/system_ce/0 with serial number 0
05-03 00:38:34.226   634   634 I ActivityManager: System now ready
05-03 00:38:34.236   634   634 I SystemServer: Making services ready
05-03 00:38:34.236   634   634 I SystemServiceManager: Starting phase 550
05-03 00:38:34.237   634   659 W KeyguardServiceDelegate: onScreenTurningOn(): no keyguard service!
05-03 00:38:34.249   634   634 D BluetoothManagerService: Bluetooth boot completed
05-03 00:38:34.283   634   634 E InputMethodManagerService: Ignoring updateSystemUiLocked due to an invalid token. uid:1000 token:null
05-03 00:38:34.321   634   693 D WifiController: DEFERRED_TOGGLE handled
05-03 00:38:34.322   634   693 E art     : No implementation found for boolean com.android.server.wifi.WifiNative.setApMode(boolean) (tried Java_com_android_server_wifi_WifiNative_setApMode and Java_com_android_server_wifi_WifiNative_setApMode__Z)
--------- beginning of crash
05-03 00:38:34.328   634   693 E AndroidRuntime: *** FATAL EXCEPTION IN SYSTEM PROCESS: WifiService
05-03 00:38:34.328   634   693 E AndroidRuntime: java.lang.UnsatisfiedLinkError: No implementation found for boolean com.android.server.wifi.WifiNative.setApMode(boolean) (tried Java_com_android_server_wifi_WifiNative_setApMode and Java_com_android_server_wifi_WifiNative_setApMode__Z)
05-03 00:38:34.328   634   693 E AndroidRuntime:        at com.android.server.wifi.WifiNative.setApMode(Native Method)
05-03 00:38:34.328   634   693 E AndroidRuntime:        at com.android.server.wifi.WifiStateMachine.setSupplicantRunning(WifiStateMachine.java:1846)
05-03 00:38:34.328   634   693 E AndroidRuntime:        at com.android.server.wifi.WifiController$StaEnabledState.enter(WifiController.java:632)
05-03 00:38:34.328   634   693 E AndroidRuntime:        at com.android.internal.util.StateMachine$SmHandler.invokeEnterMethods(StateMachine.java:1021)
05-03 00:38:34.328   634   693 E AndroidRuntime:        at com.android.internal.util.StateMachine$SmHandler.performTransitions(StateMachine.java:867)
05-03 00:38:34.328   634   693 E AndroidRuntime:        at com.android.internal.util.StateMachine$SmHandler.handleMessage(StateMachine.java:809)
05-03 00:38:34.328   634   693 E AndroidRuntime:        at android.os.Handler.dispatchMessage(Handler.java:102)
05-03 00:38:34.328   634   693 E AndroidRuntime:        at android.os.Looper.loop(Looper.java:154)
05-03 00:38:34.328   634   693 E AndroidRuntime:        at android.os.HandlerThread.run(HandlerThread.java:61)
05-03 00:38:34.699   634   634 I Zygote  : Process: zygote socket opened, supported ABIS: armeabi-v7a,armeabi
05-03 00:38:34.712   634   634 I ActivityManager: Start proc 734:com.android.inputmethod.latin/u0a61 for service com.android.inputmethod.latin/.LatinIME
05-03 00:38:34.713   634   634 V InputMethodManagerService: Adding window token: android.os.Binder@8b857a1
05-03 00:38:34.714   634   685 D MountService: Thinking about init, mSystemReady=true, mDaemonConnected=true
05-03 00:38:34.714   634   685 D MountService: Setting up emulation state, initlocked=false
05-03 00:38:34.716   634   685 D CryptdConnector: SND -> {2 cryptfs unlock_user_key 0 0 ! !}
05-03 00:38:34.720   277   282 D vold    : e4crypt_unlock_user_key 0 serial=0 token_present=0
05-03 00:38:34.721   634   687 D CryptdConnector: RCV <- {200 2 Command succeeded}
05-03 00:38:34.725   634   685 D MountService: Thinking about reset, mSystemReady=true, mDaemonConnected=true
05-03 00:38:34.726   634   685 D VoldConnector: SND -> {3 volume reset}
05-03 00:38:34.726   634   649 I ActivityManager: Force stopping com.android.providers.media appid=10014 user=-1: vold reset
05-03 00:38:34.731   634   634 E BitmapFactory: Unable to decode stream: java.io.FileNotFoundException: /data/system/users/0/wallpaper_orig (No such file or directory)
05-03 00:38:34.731   634   634 E WallpaperManagerService: Invalid wallpaper data
05-03 00:38:34.731   634   634 E WallpaperManagerService: Unable to apply new wallpaper
05-03 00:38:34.732   634   686 D VoldConnector: RCV <- {651 emulated 7}
05-03 00:38:34.734   277   281 V vold    : /system/bin/sgdisk
05-03 00:38:34.734   277   281 V vold    :     --android-dump
05-03 00:38:34.734   277   281 V vold    :     /dev/block/vold/disk:179_128
05-03 00:38:34.736   634   686 D VoldConnector: RCV <- {659 emulated}
05-03 00:38:34.740   634   686 D VoldConnector: RCV <- {650 emulated 2 "" ""}
05-03 00:38:34.743   634   686 D VoldConnector: RCV <- {654 emulated emulated}
05-03 00:38:34.758   634   686 D VoldConnector: RCV <- {651 emulated 0}
05-03 00:38:34.772   634   686 D VoldConnector: RCV <- {651 private:179_130 7}
05-03 00:38:34.773   634   634 I ActivityManager: Start proc 745:com.android.systemui/u0a27 for service com.android.systemui/.ImageWallpaper
05-03 00:38:34.775   634   686 D VoldConnector: RCV <- {659 private:179_130}
05-03 00:38:34.786   634   634 D UsbAlsaManager: Adding ALSA device AlsaDevice: [card: 0, device: 22, type: 1]
05-03 00:38:34.787   634   634 D UsbAlsaManager: Adding ALSA device AlsaDevice: [card: 0, device: 23, type: 2]
05-03 00:38:34.787   634   634 D UsbAlsaManager: Adding ALSA device AlsaDevice: [card: 0, device: 21, type: 1]
05-03 00:38:34.788   634   634 D UsbAlsaManager: Adding ALSA device AlsaDevice: [card: 0, device: 22, type: 2]
05-03 00:38:34.788   634   634 D UsbAlsaManager: Adding ALSA device AlsaDevice: [card: 0, device: 20, type: 1]
05-03 00:38:34.788   634   634 D UsbAlsaManager: Adding ALSA device AlsaDevice: [card: 0, device: 21, type: 2]
05-03 00:38:34.789   634   634 D UsbAlsaManager: Adding ALSA device AlsaDevice: [card: 0, device: 19, type: 1]
05-03 00:38:34.789   634   634 D UsbAlsaManager: Adding ALSA device AlsaDevice: [card: 0, device: 18, type: 1]
05-03 00:38:34.789   634   634 D UsbAlsaManager: Adding ALSA device AlsaDevice: [card: 0, device: 17, type: 1]
05-03 00:38:34.790   634   634 D UsbAlsaManager: Adding ALSA device AlsaDevice: [card: 0, device: 17, type: 2]
05-03 00:38:34.790   634   634 D UsbAlsaManager: Adding ALSA device AlsaDevice: [card: 0, device: 16, type: 2]
05-03 00:38:34.790   634   634 D UsbAlsaManager: Adding ALSA device AlsaDevice: [card: 0, device: 14, type: 1]
05-03 00:38:34.791   634   634 D UsbAlsaManager: Adding ALSA device AlsaDevice: [card: 0, device: 15, type: 2]
05-03 00:38:34.791   634   634 D UsbAlsaManager: Adding ALSA device AlsaDevice: [card: 0, device: 13, type: 2]
05-03 00:38:34.791   634   634 D UsbAlsaManager: Adding ALSA device AlsaDevice: [card: 0, device: 11, type: 1]
05-03 00:38:34.792   634   634 D UsbAlsaManager: Adding ALSA device AlsaDevice: [card: 0, device: 12, type: 2]
05-03 00:38:34.792   634   634 D UsbAlsaManager: Adding ALSA device AlsaDevice: [card: 0, device: 10, type: 1]
05-03 00:38:34.793   634   634 D UsbAlsaManager: Adding ALSA device AlsaDevice: [card: 0, device: 8, type: 1]
05-03 00:38:34.793   634   634 D UsbAlsaManager: Adding ALSA device AlsaDevice: [card: 0, device: 9, type: 2]
05-03 00:38:34.794   634   710 D BluetoothManagerService: Trying to bind to profile: 1, while Bluetooth was disabled
05-03 00:38:34.794   634   634 D UsbAlsaManager: Adding ALSA device AlsaDevice: [card: 0, device: 7, type: 1]
05-03 00:38:34.794   634   634 D UsbAlsaManager: Adding ALSA device AlsaDevice: [card: 0, device: 6, type: 1]
05-03 00:38:34.794   634   634 D UsbAlsaManager: Adding ALSA device AlsaDevice: [card: 0, device: 7, type: 2]
05-03 00:38:34.795   634   634 D UsbAlsaManager: Adding ALSA device AlsaDevice: [card: 0, device: 5, type: 1]
05-03 00:38:34.795   634   634 D UsbAlsaManager: Adding ALSA device AlsaDevice: [card: 0, device: 6, type: 2]
05-03 00:38:34.795   634   634 D UsbAlsaManager: Adding ALSA device AlsaDevice: [card: 0, device: 4, type: 1]
05-03 00:38:34.796   634   634 D UsbAlsaManager: Adding ALSA device AlsaDevice: [card: 0, device: 5, type: 2]
05-03 00:38:34.796   634   634 D UsbAlsaManager: Adding ALSA device AlsaDevice: [card: 0, device: 3, type: 1]
05-03 00:38:34.797   634   634 D UsbAlsaManager: Adding ALSA device AlsaDevice: [card: 0, device: 4, type: 2]
05-03 00:38:34.797   634   634 D UsbAlsaManager: Adding ALSA device AlsaDevice: [card: 0, device: 2, type: 1]
05-03 00:38:34.797   634   634 D UsbAlsaManager: Adding ALSA device AlsaDevice: [card: 0, device: 3, type: 2]
05-03 00:38:34.798   634   634 D UsbAlsaManager: Adding ALSA device AlsaDevice: [card: 0, device: 2, type: 2]
05-03 00:38:34.798   634   634 D UsbAlsaManager: Adding ALSA device AlsaDevice: [card: 0, device: 0, type: 1]
05-03 00:38:34.798   634   634 D UsbAlsaManager: Adding ALSA device AlsaDevice: [card: 0, device: 1, type: 2]
05-03 00:38:34.807   634   634 W MountService: No primary storage defined yet; hacking together a stub
05-03 00:38:34.811   634   686 D VoldConnector: RCV <- {649 disk:179_128}
05-03 00:38:34.813   634   634 I SystemServer: WebViewFactory preparation
05-03 00:38:34.827   634   686 D VoldConnector: RCV <- {640 disk:179_128 5}
05-03 00:38:34.831   634   686 D VoldConnector: RCV <- {641 disk:179_128 127865454592}
05-03 00:38:34.834   634   686 D VoldConnector: RCV <- {642 disk:179_128 SanDisk}
05-03 00:38:34.820   372   372 I mali-renderer: type=1400 audit(0.0:49): avc: denied { ioctl } for path="/dev/mali0" dev="tmpfs" ino=8699 ioctlcmd=821c scontext=u:r:surfaceflinger:s0 tcontext=u:object_r:device:s0 tclass=chr_file permissive=1
05-03 00:38:34.840   634   686 D VoldConnector: RCV <- {644 disk:179_128 /sys//devices/soc/11240000.mmc/mmc_host/mmc1/mmc1:aaaa/block/mmcblk1}
05-03 00:38:34.847   277   281 V vold    : DISK gpt 6AE1D0C3-6DB2-4527-A4A2-10C09467DE59
05-03 00:38:34.847   277   281 V vold    :
05-03 00:38:34.847   277   281 V vold    : PART 1 19A710A2-B3CA-11E4-B026-10604B889DCF BD3B894E-1AA6-4642-BCFE-24C7D67237B7 android_meta
05-03 00:38:34.847   277   281 V vold    :
05-03 00:38:34.847   277   281 V vold    : PART 2 193D1EA4-B3CA-11E4-B075-10604B889DCF A17F9557-2BDF-C25D-4B2C-BB3FB06B99A6 android_expand
05-03 00:38:34.847   277   281 V vold    :
05-03 00:38:34.848   277   281 D vold    : Found key for GUID a17f95572bdfc25d4b2cbb3fb06b99a6
05-03 00:38:34.848   277   281 E Cryptfs : Cannot remove dm-crypt device
05-03 00:38:34.866   311   311 I AudioFlinger: systemReady
05-03 00:38:34.869   634   634 D WebViewFactory: Setting new address space to 104857600
05-03 00:38:34.873   634   686 D VoldConnector: RCV <- {650 private:179_130 1 "disk:179_128" "A17F9557-2BDF-C25D-4B2C-BB3FB06B99A6"}
05-03 00:38:34.878   277   281 I Cryptfs : Enabling support for allow_discards in dmcrypt.
05-03 00:38:34.878   277   281 I Cryptfs : target_type = crypt
05-03 00:38:34.878   277   281 I Cryptfs : real_blk_name = /dev/block/vold/private:179_130, extra_params = 1 allow_discards
05-03 00:38:34.893   634   686 D VoldConnector: RCV <- {651 private:179_130 0}
05-03 00:38:34.894   277   280 D vold    : Disk at 253:0 changed
05-03 00:38:34.895   634   634 I ActivityManager: Start proc 775:WebViewLoader-armeabi-v7a/1037 [android.webkit.WebViewFactory$RelroFileCreator] for
05-03 00:38:34.897   634   686 D VoldConnector: RCV <- {643 disk:179_128}
05-03 00:38:34.900   634   686 D VoldConnector: RCV <- {200 3 Command succeeded}
05-03 00:38:34.904   634   685 D VoldConnector: SND -> {4 volume user_added 0 0}
05-03 00:38:34.906   634   634 D NetworkManagement: enabling bandwidth control
05-03 00:38:34.910   634   773 E WVMExtractor: Failed to open libwvm.so: dlopen failed: library "libwvm.so" not found
05-03 00:38:34.916   634   686 D VoldConnector: RCV <- {200 4 Command succeeded}
05-03 00:38:34.923   634   685 D VoldConnector: SND -> {5 volume mount private:179_130 0 -1}
05-03 00:38:34.932   277   281 V vold    : /system/bin/blkid
05-03 00:38:34.932   277   281 V vold    :     -c
05-03 00:38:34.932   277   281 V vold    :     /dev/null
05-03 00:38:34.932   277   281 V vold    :     -s
05-03 00:38:34.932   277   281 V vold    :     TYPE
05-03 00:38:34.932   277   281 V vold    :     -s
05-03 00:38:34.932   277   281 V vold    :     UUID
05-03 00:38:34.932   277   281 V vold    :     -s
05-03 00:38:34.932   277   281 V vold    :     LABEL
05-03 00:38:34.932   277   281 V vold    :     /dev/block/dm-0
05-03 00:38:34.932   634   686 D VoldConnector: RCV <- {651 private:179_130 1}
05-03 00:38:34.957   318   318 I MediaPlayerService: MediaPlayerService::getOMX
05-03 00:38:34.960   318   318 D MtkOmxCore: +MTK_OMX_Init tick=1556869114960
05-03 00:38:34.960   318   318 D MtkOmxCore: +ParseMtkCoreConfig
05-03 00:38:34.961   318   318 D MtkOmxCore: ParseMtkCoreConfig: gCoreComponentCounts = 43
05-03 00:38:34.961   318   318 D MtkOmxCore: -ParseMtkCoreConfig
05-03 00:38:34.961   318   318 D MtkOmxCore: Mtk_OMX_Init gCoreComponents 0xf65c0000
05-03 00:38:34.961   318   318 D MtkOmxCore: +++++ dump_core_comp_table +++++
05-03 00:38:34.961   318   318 D MtkOmxCore: name(OMX.MTK.VIDEO.DECODER.HEVC), role(video_decoder.hevc), path(libMtkOmxVdecEx.so)
05-03 00:38:34.961   318   318 D MtkOmxCore: name(OMX.MTK.VIDEO.DECODER.HEVC.secure), role(video_decoder.hevc), path(libMtkOmxVdecEx.so)
05-03 00:38:34.961   318   318 D MtkOmxCore: name(OMX.MTK.VIDEO.DECODER.MPEG2), role(video_decoder.mpeg2), path(libMtkOmxVdecEx.so)
05-03 00:38:34.961   318   318 D MtkOmxCore: name(OMX.MTK.VIDEO.DECODER.H263), role(video_decoder.h263), path(libMtkOmxVdecEx.so)
05-03 00:38:34.961   318   318 D MtkOmxCore: name(OMX.MTK.VIDEO.DECODER.MPEG4), role(video_decoder.mpeg4), path(libMtkOmxVdecEx.so)
05-03 00:38:34.961   318   318 D MtkOmxCore: name(OMX.MTK.VIDEO.DECODER.AVC), role(video_decoder.avc), path(libMtkOmxVdecEx.so)
05-03 00:38:34.961   318   318 D MtkOmxCore: name(OMX.MTK.VIDEO.DECODER.AVC.secure), role(video_decoder.avc), path(libMtkOmxVdecEx.so)
05-03 00:38:34.961   318   318 D MtkOmxCore: name(OMX.MTK.VIDEO.DECODER.RV), role(video_decoder.rv), path(libMtkOmxVdecEx.so)
05-03 00:38:34.961   318   318 D MtkOmxCore: name(OMX.MTK.VIDEO.DECODER.VC1), role(video_decoder.vc1), path(libMtkOmxVdecEx.so)
05-03 00:38:34.961   318   318 D MtkOmxCore: name(OMX.MTK.VIDEO.DECODER.VPX), role(video_decoder.vpx), path(libMtkOmxVdecEx.so)
05-03 00:38:34.961   318   318 D MtkOmxCore: name(OMX.MTK.VIDEO.DECODER.VP9), role(video_decoder.vp9), path(libMtkOmxVdecEx.so)
05-03 00:38:34.961   318   318 D MtkOmxCore: name(OMX.MTK.VIDEO.DECODER.DIVX), role(video_decoder.divx), path(libMtkOmxVdecEx.so)
05-03 00:38:34.961   318   318 D MtkOmxCore: name(OMX.MTK.VIDEO.DECODER.DIVX3), role(video_decoder.divx3), path(libMtkOmxVdecEx.so)
05-03 00:38:34.961   318   318 D MtkOmxCore: name(OMX.MTK.VIDEO.DECODER.XVID), role(video_decoder.xvid), path(libMtkOmxVdecEx.so)
05-03 00:38:34.961   318   318 D MtkOmxCore: name(OMX.MTK.VIDEO.DECODER.S263), role(video_decoder.s263), path(libMtkOmxVdecEx.so)
05-03 00:38:34.962   318   318 D MtkOmxCore: name(OMX.MTK.AUDIO.DECODER.RA), role(audio_decoder.ra), path(libMtkOmxCookDec.so)
05-03 00:38:34.962   318   318 D MtkOmxCore: name(OMX.MTK.AUDIO.DECODER.MP3), role(audio_decoder.mp3), path(libMtkOmxMp3Dec.so)
05-03 00:38:34.962   318   318 D MtkOmxCore: name(OMX.MTK.AUDIO.DECODER.AAC), role(audio_decoder.aac), path(libMtkOmxAacDec.so)
05-03 00:38:34.962   318   318 D MtkOmxCore: name(OMX.MTK.AUDIO.DECODER.G711.ALAW), role(audio_decoder.g711), path(libMtkOmxG711Dec.so)
05-03 00:38:34.962   318   318 D MtkOmxCore: name(OMX.MTK.AUDIO.DECODER.G711.MLAW), role(audio_decoder.g711), path(libMtkOmxG711Dec.so)
05-03 00:38:34.962   318   318 D MtkOmxCore: name(OMX.MTK.AUDIO.DECODER.AMR.NB), role(audio_decoder.amrnb), path(libMtkOmxAMRNBDec.so)
05-03 00:38:34.962   318   318 D MtkOmxCore: name(OMX.MTK.AUDIO.DECODER.AMR.WB), role(audio_decoder.amrwb), path(libMtkOmxAMRWBDec.so)
05-03 00:38:34.962   318   318 D MtkOmxCore: name(OMX.MTK.AUDIO.DECODER.WMAPRO), role(audio_decoder.wma), path(libMtkOmxWmaProDec.so)
05-03 00:38:34.962   318   318 D MtkOmxCore: name(OMX.MTK.AUDIO.DECODER.WMA), role(audio_decoder.wma), path(libMtkOmxWmaDec.so)
05-03 00:38:34.962   318   318 D MtkOmxCore: name(OMX.MTK.AUDIO.ENCODER.AMR), role(audio_encoder.amrnb), path(libMtkOmxAmrEnc.so)
05-03 00:38:34.962   318   318 D MtkOmxCore: name(OMX.MTK.AUDIO.ENCODER.AWB), role(audio_encoder.amrwb), path(libMtkOmxAwbEnc.so)
05-03 00:38:34.962   318   318 D MtkOmxCore: name(OMX.MTK.AUDIO.ENCODER.AAC), role(audio_encoder.aac), path(libMtkOmxAacEnc.so)
05-03 00:38:34.962   318   318 D MtkOmxCore: name(OMX.MTK.VIDEO.ENCODER.AVC), role(video_encoder.avc), path(libMtkOmxVenc.so)
05-03 00:38:34.962   318   318 D MtkOmxCore: name(OMX.MTK.VIDEO.ENCODER.H263), role(video_encoder.h263), path(libMtkOmxVenc.so)
05-03 00:38:34.962   318   318 D MtkOmxCore: name(OMX.MTK.VIDEO.ENCODER.HEVC), role(video_encoder.hevc), path(libMtkOmxVenc.so)
05-03 00:38:34.962   318   318 D MtkOmxCore: name(OMX.MTK.VIDEO.ENCODER.MPEG4), role(video_encoder.mpeg4), path(libMtkOmxVenc.so)
05-03 00:38:34.962   318   318 D MtkOmxCore: name(OMX.MTK.VIDEO.ENCODER.VPX), role(video_encoder.vp8), path(libMtkOmxVenc.so)
05-03 00:38:34.962   318   318 D MtkOmxCore: name(OMX.MTK.AUDIO.ENCODER.VORBIS), role(audio_encoder.vorbis), path(libMtkOmxVorbisEnc.so)
05-03 00:38:34.962   318   318 D MtkOmxCore: name(OMX.MTK.AUDIO.DECODER.VORBIS), role(audio_decoder.vorbis), path(libMtkOmxVorbisDec.so)
05-03 00:38:34.962   318   318 D MtkOmxCore: name(OMX.MTK.AUDIO.DECODER.APE), role(audio_decoder.ape), path(libMtkOmxApeDec.so)
05-03 00:38:34.962   318   318 D MtkOmxCore: name(OMX.MTK.AUDIO.DECODER.FLAC), role(audio_decoder.flac), path(libMtkOmxFlacDec.so)
05-03 00:38:34.962   318   318 D MtkOmxCore: name(OMX.MTK.AUDIO.DECODER.ADPCM.MS), role(audio_decoder.adpcm), path(libMtkOmxAdpcmDec.so)
05-03 00:38:34.962   318   318 D MtkOmxCore: name(OMX.MTK.AUDIO.DECODER.ADPCM.DVI), role(audio_decoder.adpcm), path(libMtkOmxAdpcmDec.so)
05-03 00:38:34.962   318   318 D MtkOmxCore: name(OMX.MTK.AUDIO.ENCODER.ADPCM.MS), role(audio_encoder.adpcm), path(libMtkOmxAdpcmEnc.so)
05-03 00:38:34.962   318   318 D MtkOmxCore: name(OMX.MTK.AUDIO.ENCODER.ADPCM.DVI), role(audio_encoder.adpcm), path(libMtkOmxAdpcmEnc.so)
05-03 00:38:34.962   318   318 D MtkOmxCore: name(OMX.MTK.AUDIO.DECODER.RAW), role(audio_decoder.raw), path(libMtkOmxRawDec.so)
05-03 00:38:34.962   318   318 D MtkOmxCore: name(OMX.MTK.AUDIO.DECODER.GSM), role(audio_decoder.gsm), path(libMtkOmxGsmDec.so)
05-03 00:38:34.962   318   318 D MtkOmxCore: name(OMX.MTK.AUDIO.DECODER.ALAC), role(audio_decoder.alac), path(libMtkOmxAlacDec.so)
05-03 00:38:34.962   318   318 D MtkOmxCore: ----- dump_core_comp_table -----
05-03 00:38:34.962   318   318 D MtkOmxCore: -MTK_OMX_Init tick=1556869114962
05-03 00:38:34.980   775   775 V WebViewFactory: RelroFileCreator (64bit = false),  32-bit lib: /system/app/webview/webview.apk!/lib/armeabi-v7a/libwebviewchromium.so, 64-bit lib:
05-03 00:38:34.984   745   745 W System  : ClassLoader referenced unknown path: /system/priv-app/SystemUI/lib/arm
05-03 00:38:34.999   277   281 V vold    : /dev/block/dm-0: UUID="ccb8cd26-397e-4043-9e2c-fe9b89f2def0" TYPE="ext4"
05-03 00:38:34.999   277   281 V vold    :
05-03 00:38:35.000   634   686 D VoldConnector: RCV <- {652 private:179_130 ext4}
05-03 00:38:35.000   309   309 D MtkOmxCore: +MTK_OMX_Init tick=1556869115000
05-03 00:38:35.001   309   309 D MtkOmxCore: +ParseMtkCoreConfig
05-03 00:38:35.001   309   309 D MtkOmxCore: ParseMtkCoreConfig: gCoreComponentCounts = 43
05-03 00:38:35.001   309   309 D MtkOmxCore: -ParseMtkCoreConfig
05-03 00:38:35.001   309   309 D MtkOmxCore: Mtk_OMX_Init gCoreComponents 0xf6c38000
05-03 00:38:35.001   309   309 D MtkOmxCore: +++++ dump_core_comp_table +++++
05-03 00:38:35.001   309   309 D MtkOmxCore: name(OMX.MTK.VIDEO.DECODER.HEVC), role(video_decoder.hevc), path(libMtkOmxVdecEx.so)
05-03 00:38:35.001   309   309 D MtkOmxCore: name(OMX.MTK.VIDEO.DECODER.HEVC.secure), role(video_decoder.hevc), path(libMtkOmxVdecEx.so)
05-03 00:38:35.001   309   309 D MtkOmxCore: name(OMX.MTK.VIDEO.DECODER.MPEG2), role(video_decoder.mpeg2), path(libMtkOmxVdecEx.so)
05-03 00:38:35.001   309   309 D MtkOmxCore: name(OMX.MTK.VIDEO.DECODER.H263), role(video_decoder.h263), path(libMtkOmxVdecEx.so)
05-03 00:38:35.001   309   309 D MtkOmxCore: name(OMX.MTK.VIDEO.DECODER.MPEG4), role(video_decoder.mpeg4), path(libMtkOmxVdecEx.so)
05-03 00:38:35.001   309   309 D MtkOmxCore: name(OMX.MTK.VIDEO.DECODER.AVC), role(video_decoder.avc), path(libMtkOmxVdecEx.so)
05-03 00:38:35.001   309   309 D MtkOmxCore: name(OMX.MTK.VIDEO.DECODER.AVC.secure), role(video_decoder.avc), path(libMtkOmxVdecEx.so)
05-03 00:38:35.001   309   309 D MtkOmxCore: name(OMX.MTK.VIDEO.DECODER.RV), role(video_decoder.rv), path(libMtkOmxVdecEx.so)
05-03 00:38:35.001   309   309 D MtkOmxCore: name(OMX.MTK.VIDEO.DECODER.VC1), role(video_decoder.vc1), path(libMtkOmxVdecEx.so)
05-03 00:38:35.001   309   309 D MtkOmxCore: name(OMX.MTK.VIDEO.DECODER.VPX), role(video_decoder.vpx), path(libMtkOmxVdecEx.so)
05-03 00:38:35.001   309   309 D MtkOmxCore: name(OMX.MTK.VIDEO.DECODER.VP9), role(video_decoder.vp9), path(libMtkOmxVdecEx.so)
05-03 00:38:35.001   309   309 D MtkOmxCore: name(OMX.MTK.VIDEO.DECODER.DIVX), role(video_decoder.divx), path(libMtkOmxVdecEx.so)
05-03 00:38:35.001   309   309 D MtkOmxCore: name(OMX.MTK.VIDEO.DECODER.DIVX3), role(video_decoder.divx3), path(libMtkOmxVdecEx.so)
05-03 00:38:35.001   309   309 D MtkOmxCore: name(OMX.MTK.VIDEO.DECODER.XVID), role(video_decoder.xvid), path(libMtkOmxVdecEx.so)
05-03 00:38:35.001   309   309 D MtkOmxCore: name(OMX.MTK.VIDEO.DECODER.S263), role(video_decoder.s263), path(libMtkOmxVdecEx.so)
05-03 00:38:35.001   309   309 D MtkOmxCore: name(OMX.MTK.AUDIO.DECODER.RA), role(audio_decoder.ra), path(libMtkOmxCookDec.so)
05-03 00:38:35.001   309   309 D MtkOmxCore: name(OMX.MTK.AUDIO.DECODER.MP3), role(audio_decoder.mp3), path(libMtkOmxMp3Dec.so)
05-03 00:38:35.001   309   309 D MtkOmxCore: name(OMX.MTK.AUDIO.DECODER.AAC), role(audio_decoder.aac), path(libMtkOmxAacDec.so)
05-03 00:38:35.001   309   309 D MtkOmxCore: name(OMX.MTK.AUDIO.DECODER.G711.ALAW), role(audio_decoder.g711), path(libMtkOmxG711Dec.so)
05-03 00:38:35.001   309   309 D MtkOmxCore: name(OMX.MTK.AUDIO.DECODER.G711.MLAW), role(audio_decoder.g711), path(libMtkOmxG711Dec.so)
05-03 00:38:35.001   309   309 D MtkOmxCore: name(OMX.MTK.AUDIO.DECODER.AMR.NB), role(audio_decoder.amrnb), path(libMtkOmxAMRNBDec.so)
05-03 00:38:35.001   309   309 D MtkOmxCore: name(OMX.MTK.AUDIO.DECODER.AMR.WB), role(audio_decoder.amrwb), path(libMtkOmxAMRWBDec.so)
05-03 00:38:35.001   309   309 D MtkOmxCore: name(OMX.MTK.AUDIO.DECODER.WMAPRO), role(audio_decoder.wma), path(libMtkOmxWmaProDec.so)
05-03 00:38:35.001   309   309 D MtkOmxCore: name(OMX.MTK.AUDIO.DECODER.WMA), role(audio_decoder.wma), path(libMtkOmxWmaDec.so)
05-03 00:38:35.001   309   309 D MtkOmxCore: name(OMX.MTK.AUDIO.ENCODER.AMR), role(audio_encoder.amrnb), path(libMtkOmxAmrEnc.so)
05-03 00:38:35.002   309   309 D MtkOmxCore: name(OMX.MTK.AUDIO.ENCODER.AWB), role(audio_encoder.amrwb), path(libMtkOmxAwbEnc.so)
05-03 00:38:35.002   309   309 D MtkOmxCore: name(OMX.MTK.AUDIO.ENCODER.AAC), role(audio_encoder.aac), path(libMtkOmxAacEnc.so)
05-03 00:38:35.002   309   309 D MtkOmxCore: name(OMX.MTK.VIDEO.ENCODER.AVC), role(video_encoder.avc), path(libMtkOmxVenc.so)
05-03 00:38:35.002   309   309 D MtkOmxCore: name(OMX.MTK.VIDEO.ENCODER.H263), role(video_encoder.h263), path(libMtkOmxVenc.so)
05-03 00:38:35.002   309   309 D MtkOmxCore: name(OMX.MTK.VIDEO.ENCODER.HEVC), role(video_encoder.hevc), path(libMtkOmxVenc.so)
05-03 00:38:35.002   309   309 D MtkOmxCore: name(OMX.MTK.VIDEO.ENCODER.MPEG4), role(video_encoder.mpeg4), path(libMtkOmxVenc.so)
05-03 00:38:35.002   309   309 D MtkOmxCore: name(OMX.MTK.VIDEO.ENCODER.VPX), role(video_encoder.vp8), path(libMtkOmxVenc.so)
05-03 00:38:35.002   309   309 D MtkOmxCore: name(OMX.MTK.AUDIO.ENCODER.VORBIS), role(audio_encoder.vorbis), path(libMtkOmxVorbisEnc.so)
05-03 00:38:35.002   309   309 D MtkOmxCore: name(OMX.MTK.AUDIO.DECODER.VORBIS), role(audio_decoder.vorbis), path(libMtkOmxVorbisDec.so)
05-03 00:38:35.002   309   309 D MtkOmxCore: name(OMX.MTK.AUDIO.DECODER.APE), role(audio_decoder.ape), path(libMtkOmxApeDec.so)
05-03 00:38:35.002   309   309 D MtkOmxCore: name(OMX.MTK.AUDIO.DECODER.FLAC), role(audio_decoder.flac), path(libMtkOmxFlacDec.so)
05-03 00:38:35.002   309   309 D MtkOmxCore: name(OMX.MTK.AUDIO.DECODER.ADPCM.MS), role(audio_decoder.adpcm), path(libMtkOmxAdpcmDec.so)
05-03 00:38:35.002   309   309 D MtkOmxCore: name(OMX.MTK.AUDIO.DECODER.ADPCM.DVI), role(audio_decoder.adpcm), path(libMtkOmxAdpcmDec.so)
05-03 00:38:35.002   309   309 D MtkOmxCore: name(OMX.MTK.AUDIO.ENCODER.ADPCM.MS), role(audio_encoder.adpcm), path(libMtkOmxAdpcmEnc.so)
05-03 00:38:35.002   309   309 D MtkOmxCore: name(OMX.MTK.AUDIO.ENCODER.ADPCM.DVI), role(audio_encoder.adpcm), path(libMtkOmxAdpcmEnc.so)
05-03 00:38:35.002   309   309 D MtkOmxCore: name(OMX.MTK.AUDIO.DECODER.RAW), role(audio_decoder.raw), path(libMtkOmxRawDec.so)
05-03 00:38:35.002   309   309 D MtkOmxCore: name(OMX.MTK.AUDIO.DECODER.GSM), role(audio_decoder.gsm), path(libMtkOmxGsmDec.so)
05-03 00:38:35.002   309   309 D MtkOmxCore: name(OMX.MTK.AUDIO.DECODER.ALAC), role(audio_decoder.alac), path(libMtkOmxAlacDec.so)
05-03 00:38:35.002   309   309 D MtkOmxCore: ----- dump_core_comp_table -----
05-03 00:38:35.002   309   309 D MtkOmxCore: -MTK_OMX_Init tick=1556869115002
05-03 00:38:35.004   634   686 D VoldConnector: RCV <- {653 private:179_130 ccb8cd26-397e-4043-9e2c-fe9b89f2def0}
05-03 00:38:35.007   634   686 D VoldConnector: RCV <- {654 private:179_130 }
05-03 00:38:35.010   634   686 D VoldConnector: RCV <- {655 private:179_130 /mnt/expand/ccb8cd26-397e-4043-9e2c-fe9b89f2def0}
05-03 00:38:35.096   277   281 D Vold    : Running /system/bin/e2fsck on /dev/block/dm-0
05-03 00:38:35.096   277   281 V vold    : /system/bin/e2fsck
05-03 00:38:35.096   277   281 V vold    :     -y
05-03 00:38:35.096   277   281 V vold    :     /dev/block/dm-0
05-03 00:38:35.105   775   775 I art     : System.exit called, status: 0
05-03 00:38:35.105   775   775 I AndroidRuntime: VM exiting with result code 0, cleanup skipped.
05-03 00:38:35.141   277   281 I e2fsck  : e2fsck 1.42.9 (28-Dec-2013)
05-03 00:38:35.140   801   801 I e2fsck  : type=1400 audit(0.0:50): avc: denied { getattr } for path="/dev/block/zram0" dev="tmpfs" ino=8816 scontext=u:r:fsck:s0 tcontext=u:object_r:ram_device:s0 tclass=blk_file permissive=1
05-03 00:38:35.160   806   806 I iptables-restor: type=1400 audit(0.0:51): avc: denied { module_request } for kmod="ipt_conntrack" scontext=u:r:netd:s0 tcontext=u:r:kernel:s0 tclass=system permissive=1
05-03 00:38:35.183   318   318 I OMXClient: MuxOMX ctor
05-03 00:38:35.185   318   318 I MediaPlayerService: MediaPlayerService::getOMX
05-03 00:38:35.185   318   318 I OMXClient: MuxOMX ctor
05-03 00:38:35.186   309   309 I OMXMaster: makeComponentInstance(OMX.MTK.AUDIO.DECODER.MP3) in mediacodec process
05-03 00:38:35.186   309   309 D MtkOmxCore: Mtk_OMX_GetHandle (OMX.MTK.AUDIO.DECODER.MP3)
05-03 00:38:35.186   309   309 D MtkOmxCore: comp_index(16), path(libMtkOmxMp3Dec.so) max_instance(32)
05-03 00:38:35.190   309   309 D MtkOmxAudioDecBase: MtkOmxAudioDecBase::MtkOmxAudioDecBase this= 0xF6C46000
05-03 00:38:35.191   309   309 D MtkOmxMp3Dec: JB MtkOmxMp3Dec::MtkOmxMp3Dec this= 0xf6c46000
05-03 00:38:35.191   309   309 D MtkOmxAudioDecBase: ComponentInit (OMX.MTK.AUDIO.DECODER.MP3)
05-03 00:38:35.191   309   309 D MtkOmxMp3Dec: JB MtkOmxMp3Dec::InitAudioParams(MP3)
05-03 00:38:35.191   309   309 D MtkOmxAudioDecBase: 0xf6c46000_Ctrl 0, total path is in ,out
05-03 00:38:35.192   309   309 D MtkOmxCore: MtkOmxSetCoreGlobal is NOT supported on this component
05-03 00:38:35.192   309   309 D MtkOmxCore: +++++ dump_inst_handle_pool +++++
05-03 00:38:35.192   309   309 D MtkOmxCore: gCoreCompInstance[0].comp_module=0x0x2ed92f6d, comp_handle=0x0xf6c46004, comp_name=OMX.MTK.AUDIO.DECODER.MP3
05-03 00:38:35.192   309   309 D MtkOmxCore: ----- dump_inst_handle_pool -----
05-03 00:38:35.193   309   348 D MtkOmxAudioDecBase: SetParameter index(0x01000017)
05-03 00:38:35.193   309   309 D MtkOmxAudioDecBase: GetState (mState=OMX_StateLoaded)
05-03 00:38:35.193   309   309 D MtkOmxCore: Mtk_OMX_FreeHandle
05-03 00:38:35.193   309   309 D MtkOmxAudioDecBase: +ComponentDeInit
05-03 00:38:35.194   309   814 D MtkOmxAudioDecBase: MtkOmxAudioCommandThread created pOmxAudioDec=0xF6C46000
05-03 00:38:35.194   309   814 D MtkOmxAudioDecBase: fdmax = 5
05-03 00:38:35.194   309   814 D MtkOmxAudioDecBase: MtkOmxAudioCommandThread terminated
05-03 00:38:35.195   309   815 D MtkOmxAudioDecBase: MtkOmxAudioDecodeThread created pOmxAudioDec=0xF6C46000, tid=815
05-03 00:38:35.195   309   815 D MtkOmxAudioDecBase: MtkOmxAudioDecodeThread terminated pOmxAudioDec=0xF6C46000
05-03 00:38:35.197   309   309 D MtkOmxAudioDecBase: -ComponentDeInit
05-03 00:38:35.197   309   309 D MtkOmxMp3Dec: JB ~MtkOmxMp3Dec this= 0xf6c46000
05-03 00:38:35.197   309   309 D MtkOmxAudioDecBase: ~MtkOmxAudioDecBase this= 0xF6C46000
05-03 00:38:35.197   309   309 D MtkOmxCore: free_inst_handle dlclose(0x0x2ed92f6d), free(0x0xf6c46004)
05-03 00:38:35.198   318   318 I MediaPlayerService: MediaPlayerService::getOMX
05-03 00:38:35.199   318   318 I OMXClient: MuxOMX ctor
05-03 00:38:35.199   309   309 I OMXMaster: makeComponentInstance(OMX.MTK.AUDIO.DECODER.MP3) in mediacodec process
05-03 00:38:35.199   309   309 D MtkOmxCore: Mtk_OMX_GetHandle (OMX.MTK.AUDIO.DECODER.MP3)
05-03 00:38:35.199   309   309 D MtkOmxCore: comp_index(16), path(libMtkOmxMp3Dec.so) max_instance(32)
05-03 00:38:35.200   309   309 D MtkOmxAudioDecBase: MtkOmxAudioDecBase::MtkOmxAudioDecBase this= 0xF6C46000
05-03 00:38:35.200   309   309 D MtkOmxMp3Dec: JB MtkOmxMp3Dec::MtkOmxMp3Dec this= 0xf6c46000
05-03 00:38:35.200   309   309 D MtkOmxAudioDecBase: ComponentInit (OMX.MTK.AUDIO.DECODER.MP3)
05-03 00:38:35.200   309   309 D MtkOmxMp3Dec: JB MtkOmxMp3Dec::InitAudioParams(MP3)
05-03 00:38:35.200   309   309 D MtkOmxAudioDecBase: 0xf6c46000_Ctrl 0, total path is in ,out
05-03 00:38:35.201   309   309 D MtkOmxCore: MtkOmxSetCoreGlobal is NOT supported on this component
05-03 00:38:35.201   309   309 D MtkOmxCore: +++++ dump_inst_handle_pool +++++
05-03 00:38:35.201   309   309 D MtkOmxCore: gCoreCompInstance[0].comp_module=0x0x9046a609, comp_handle=0x0xf6c46004, comp_name=OMX.MTK.AUDIO.DECODER.MP3
05-03 00:38:35.201   309   309 D MtkOmxCore: ----- dump_inst_handle_pool -----
05-03 00:38:35.201   309   348 D MtkOmxAudioDecBase: SetParameter index(0x01000017)
05-03 00:38:35.201   309   309 D MtkOmxAudioDecBase: GetState (mState=OMX_StateLoaded)
05-03 00:38:35.201   309   309 D MtkOmxCore: Mtk_OMX_FreeHandle
05-03 00:38:35.201   309   309 D MtkOmxAudioDecBase: +ComponentDeInit
05-03 00:38:35.202   309   818 D MtkOmxAudioDecBase: MtkOmxAudioCommandThread created pOmxAudioDec=0xF6C46000
05-03 00:38:35.202   309   818 D MtkOmxAudioDecBase: fdmax = 5
05-03 00:38:35.202   309   818 D MtkOmxAudioDecBase: MtkOmxAudioCommandThread terminated
05-03 00:38:35.204   309   819 D MtkOmxAudioDecBase: MtkOmxAudioDecodeThread created pOmxAudioDec=0xF6C46000, tid=819
05-03 00:38:35.204   309   819 D MtkOmxAudioDecBase: MtkOmxAudioDecodeThread terminated pOmxAudioDec=0xF6C46000
05-03 00:38:35.205   309   309 D MtkOmxAudioDecBase: -ComponentDeInit
05-03 00:38:35.205   309   309 D MtkOmxMp3Dec: JB ~MtkOmxMp3Dec this= 0xf6c46000
05-03 00:38:35.205   309   309 D MtkOmxAudioDecBase: ~MtkOmxAudioDecBase this= 0xF6C46000
05-03 00:38:35.206   309   309 D MtkOmxCore: free_inst_handle dlclose(0x0x9046a609), free(0x0xf6c46004)
05-03 00:38:35.214   318   318 I MediaPlayerService: MediaPlayerService::getOMX
05-03 00:38:35.214   318   318 I OMXClient: MuxOMX ctor
05-03 00:38:35.215   309   309 I OMXMaster: makeComponentInstance(OMX.MTK.AUDIO.DECODER.AMR.NB) in mediacodec process
05-03 00:38:35.215   309   309 D MtkOmxCore: Mtk_OMX_GetHandle (OMX.MTK.AUDIO.DECODER.AMR.NB)
05-03 00:38:35.215   309   309 D MtkOmxCore: comp_index(20), path(libMtkOmxAMRNBDec.so) max_instance(32)
05-03 00:38:35.215   309   309 E MtkOmxCore: dlopen failed, dlopen failed: library "libMtkOmxAMRNBDec.so" not found
05-03 00:38:35.215   309   309 E OMX     : FAILED to allocate omx component 'OMX.MTK.AUDIO.DECODER.AMR.NB' err=ComponentNotFound(0x80001003)
05-03 00:38:35.216   318   318 I MediaPlayerService: MediaPlayerService::getOMX
05-03 00:38:35.217   318   318 I OMXClient: MuxOMX ctor
05-03 00:38:35.217   309   309 I OMXMaster: makeComponentInstance(OMX.MTK.AUDIO.DECODER.AMR.WB) in mediacodec process
05-03 00:38:35.217   309   309 D MtkOmxCore: Mtk_OMX_GetHandle (OMX.MTK.AUDIO.DECODER.AMR.WB)
05-03 00:38:35.217   309   309 D MtkOmxCore: comp_index(21), path(libMtkOmxAMRWBDec.so) max_instance(32)
05-03 00:38:35.217   309   309 E MtkOmxCore: dlopen failed, dlopen failed: library "libMtkOmxAMRWBDec.so" not found
05-03 00:38:35.217   309   309 E OMX     : FAILED to allocate omx component 'OMX.MTK.AUDIO.DECODER.AMR.WB' err=ComponentNotFound(0x80001003)
05-03 00:38:35.224   318   318 I MediaPlayerService: MediaPlayerService::getOMX
05-03 00:38:35.224   318   318 I OMXClient: MuxOMX ctor
05-03 00:38:35.225   309   309 I OMXMaster: makeComponentInstance(OMX.MTK.AUDIO.DECODER.GSM) in mediacodec process
05-03 00:38:35.225   309   309 D MtkOmxCore: Mtk_OMX_GetHandle (OMX.MTK.AUDIO.DECODER.GSM)
05-03 00:38:35.225   309   309 D MtkOmxCore: comp_index(41), path(libMtkOmxGsmDec.so) max_instance(32)
05-03 00:38:35.225   309   309 E MtkOmxCore: dlopen failed, dlopen failed: library "libMtkOmxGsmDec.so" not found
05-03 00:38:35.225   309   309 E OMX     : FAILED to allocate omx component 'OMX.MTK.AUDIO.DECODER.GSM' err=ComponentNotFound(0x80001003)
05-03 00:38:35.226   318   318 I MediaPlayerService: MediaPlayerService::getOMX
05-03 00:38:35.227   318   318 I OMXClient: MuxOMX ctor
05-03 00:38:35.227   309   309 I OMXMaster: makeComponentInstance(OMX.MTK.AUDIO.DECODER.RAW) in mediacodec process
05-03 00:38:35.227   309   309 D MtkOmxCore: Mtk_OMX_GetHandle (OMX.MTK.AUDIO.DECODER.RAW)
05-03 00:38:35.227   309   309 D MtkOmxCore: comp_index(40), path(libMtkOmxRawDec.so) max_instance(32)
05-03 00:38:35.227   309   309 E MtkOmxCore: dlopen failed, dlopen failed: library "libMtkOmxRawDec.so" not found
05-03 00:38:35.227   309   309 E OMX     : FAILED to allocate omx component 'OMX.MTK.AUDIO.DECODER.RAW' err=ComponentNotFound(0x80001003)
05-03 00:38:35.230   318   318 I MediaPlayerService: MediaPlayerService::getOMX
05-03 00:38:35.231   318   318 I OMXClient: MuxOMX ctor
05-03 00:38:35.232   309   309 I OMXMaster: makeComponentInstance(OMX.MTK.AUDIO.DECODER.AAC) in mediacodec process
05-03 00:38:35.232   309   309 D MtkOmxCore: Mtk_OMX_GetHandle (OMX.MTK.AUDIO.DECODER.AAC)
05-03 00:38:35.232   309   309 D MtkOmxCore: comp_index(17), path(libMtkOmxAacDec.so) max_instance(32)
05-03 00:38:35.232   309   309 E MtkOmxCore: dlopen failed, dlopen failed: library "libMtkOmxAacDec.so" not found
05-03 00:38:35.232   309   309 E OMX     : FAILED to allocate omx component 'OMX.MTK.AUDIO.DECODER.AAC' err=ComponentNotFound(0x80001003)
05-03 00:38:35.233   318   318 I MediaPlayerService: MediaPlayerService::getOMX
05-03 00:38:35.233   318   318 I OMXClient: MuxOMX ctor
05-03 00:38:35.234   309   309 I OMXMaster: makeComponentInstance(OMX.MTK.AUDIO.DECODER.G711.ALAW) in mediacodec process
05-03 00:38:35.234   309   309 D MtkOmxCore: Mtk_OMX_GetHandle (OMX.MTK.AUDIO.DECODER.G711.ALAW)
05-03 00:38:35.234   309   309 D MtkOmxCore: comp_index(18), path(libMtkOmxG711Dec.so) max_instance(32)
05-03 00:38:35.234   309   309 E MtkOmxCore: dlopen failed, dlopen failed: library "libMtkOmxG711Dec.so" not found
05-03 00:38:35.234   309   309 E OMX     : FAILED to allocate omx component 'OMX.MTK.AUDIO.DECODER.G711.ALAW' err=ComponentNotFound(0x80001003)
05-03 00:38:35.235   318   318 I MediaPlayerService: MediaPlayerService::getOMX
05-03 00:38:35.236   318   318 I OMXClient: MuxOMX ctor
05-03 00:38:35.236   309   309 I OMXMaster: makeComponentInstance(OMX.MTK.AUDIO.DECODER.G711.MLAW) in mediacodec process
05-03 00:38:35.236   309   309 D MtkOmxCore: Mtk_OMX_GetHandle (OMX.MTK.AUDIO.DECODER.G711.MLAW)
05-03 00:38:35.236   309   309 D MtkOmxCore: comp_index(19), path(libMtkOmxG711Dec.so) max_instance(32)
05-03 00:38:35.236   309   309 E MtkOmxCore: dlopen failed, dlopen failed: library "libMtkOmxG711Dec.so" not found
05-03 00:38:35.236   309   309 E OMX     : FAILED to allocate omx component 'OMX.MTK.AUDIO.DECODER.G711.MLAW' err=ComponentNotFound(0x80001003)
05-03 00:38:35.237   634   650 W WindowManager: Keyguard drawn timeout. Setting mKeyguardDrawComplete
05-03 00:38:35.238   318   318 I MediaPlayerService: MediaPlayerService::getOMX
05-03 00:38:35.238   318   318 I OMXClient: MuxOMX ctor
05-03 00:38:35.238   309   309 I OMXMaster: makeComponentInstance(OMX.MTK.AUDIO.DECODER.VORBIS) in mediacodec process
05-03 00:38:35.238   309   309 D MtkOmxCore: Mtk_OMX_GetHandle (OMX.MTK.AUDIO.DECODER.VORBIS)
05-03 00:38:35.238   309   309 D MtkOmxCore: comp_index(33), path(libMtkOmxVorbisDec.so) max_instance(32)
05-03 00:38:35.239   309   309 E MtkOmxCore: dlopen failed, dlopen failed: library "libMtkOmxVorbisDec.so" not found
05-03 00:38:35.239   309   309 E OMX     : FAILED to allocate omx component 'OMX.MTK.AUDIO.DECODER.VORBIS' err=ComponentNotFound(0x80001003)
05-03 00:38:35.240   318   318 I MediaPlayerService: MediaPlayerService::getOMX
05-03 00:38:35.241   318   318 I OMXClient: MuxOMX ctor
05-03 00:38:35.241   309   309 I OMXMaster: makeComponentInstance(OMX.MTK.AUDIO.DECODER.FLAC) in mediacodec process
05-03 00:38:35.241   309   309 D MtkOmxCore: Mtk_OMX_GetHandle (OMX.MTK.AUDIO.DECODER.FLAC)
05-03 00:38:35.241   309   309 D MtkOmxCore: comp_index(35), path(libMtkOmxFlacDec.so) max_instance(32)
05-03 00:38:35.242   309   309 E MtkOmxCore: dlopen failed, dlopen failed: library "libMtkOmxFlacDec.so" not found
05-03 00:38:35.242   309   309 E OMX     : FAILED to allocate omx component 'OMX.MTK.AUDIO.DECODER.FLAC' err=ComponentNotFound(0x80001003)
05-03 00:38:35.243   318   318 I MediaPlayerService: MediaPlayerService::getOMX
05-03 00:38:35.245   318   318 I OMXClient: MuxOMX ctor
05-03 00:38:35.246   309   309 I OMXMaster: makeComponentInstance(OMX.MTK.AUDIO.DECODER.WMA) in mediacodec process
05-03 00:38:35.246   309   309 D MtkOmxCore: Mtk_OMX_GetHandle (OMX.MTK.AUDIO.DECODER.WMA)
05-03 00:38:35.246   309   309 D MtkOmxCore: comp_index(23), path(libMtkOmxWmaDec.so) max_instance(32)
05-03 00:38:35.247   309   309 E MtkOmxCore: dlopen failed, dlopen failed: library "libMtkOmxWmaDec.so" not found
05-03 00:38:35.247   309   309 E OMX     : FAILED to allocate omx component 'OMX.MTK.AUDIO.DECODER.WMA' err=ComponentNotFound(0x80001003)
05-03 00:38:35.248   318   318 I MediaPlayerService: MediaPlayerService::getOMX
05-03 00:38:35.248   318   318 I OMXClient: MuxOMX ctor
05-03 00:38:35.248   309   309 I OMXMaster: makeComponentInstance(OMX.MTK.AUDIO.DECODER.ALAC) in mediacodec process
05-03 00:38:35.249   309   309 D MtkOmxCore: Mtk_OMX_GetHandle (OMX.MTK.AUDIO.DECODER.ALAC)
05-03 00:38:35.249   309   309 D MtkOmxCore: comp_index(42), path(libMtkOmxAlacDec.so) max_instance(32)
05-03 00:38:35.249   309   309 E MtkOmxCore: dlopen failed, dlopen failed: library "libMtkOmxAlacDec.so" not found
05-03 00:38:35.249   309   309 E OMX     : FAILED to allocate omx component 'OMX.MTK.AUDIO.DECODER.ALAC' err=ComponentNotFound(0x80001003)
05-03 00:38:35.250   318   318 I MediaPlayerService: MediaPlayerService::getOMX
05-03 00:38:35.251   318   318 I OMXClient: MuxOMX ctor
05-03 00:38:35.251   309   309 I OMXMaster: makeComponentInstance(OMX.MTK.AUDIO.ENCODER.AMR) in mediacodec process
05-03 00:38:35.251   309   309 D MtkOmxCore: Mtk_OMX_GetHandle (OMX.MTK.AUDIO.ENCODER.AMR)
05-03 00:38:35.251   309   309 D MtkOmxCore: comp_index(24), path(libMtkOmxAmrEnc.so) max_instance(32)
05-03 00:38:35.251   309   309 E MtkOmxCore: dlopen failed, dlopen failed: library "libMtkOmxAmrEnc.so" not found
05-03 00:38:35.251   309   309 E OMX     : FAILED to allocate omx component 'OMX.MTK.AUDIO.ENCODER.AMR' err=ComponentNotFound(0x80001003)
05-03 00:38:35.252   318   318 I MediaPlayerService: MediaPlayerService::getOMX
05-03 00:38:35.252   318   318 I OMXClient: MuxOMX ctor
05-03 00:38:35.253   309   309 I OMXMaster: makeComponentInstance(OMX.MTK.AUDIO.ENCODER.AWB) in mediacodec process
05-03 00:38:35.253   309   309 D MtkOmxCore: Mtk_OMX_GetHandle (OMX.MTK.AUDIO.ENCODER.AWB)
05-03 00:38:35.253   309   309 D MtkOmxCore: comp_index(25), path(libMtkOmxAwbEnc.so) max_instance(32)
05-03 00:38:35.253   309   309 E MtkOmxCore: dlopen failed, dlopen failed: library "libMtkOmxAwbEnc.so" not found
05-03 00:38:35.253   309   309 E OMX     : FAILED to allocate omx component 'OMX.MTK.AUDIO.ENCODER.AWB' err=ComponentNotFound(0x80001003)
05-03 00:38:35.254   318   318 I MediaPlayerService: MediaPlayerService::getOMX
05-03 00:38:35.255   634   634 W NetworkManagement: setDataSaverMode(): already false
05-03 00:38:35.255   318   318 I OMXClient: MuxOMX ctor
05-03 00:38:35.255   309   309 I OMXMaster: makeComponentInstance(OMX.MTK.AUDIO.ENCODER.AAC) in mediacodec process
05-03 00:38:35.255   309   309 D MtkOmxCore: Mtk_OMX_GetHandle (OMX.MTK.AUDIO.ENCODER.AAC)
05-03 00:38:35.255   309   309 D MtkOmxCore: comp_index(26), path(libMtkOmxAacEnc.so) max_instance(32)
05-03 00:38:35.255   309   309 E MtkOmxCore: dlopen failed, dlopen failed: library "libMtkOmxAacEnc.so" not found
05-03 00:38:35.255   309   309 E OMX     : FAILED to allocate omx component 'OMX.MTK.AUDIO.ENCODER.AAC' err=ComponentNotFound(0x80001003)
05-03 00:38:35.257   318   318 I MediaPlayerService: MediaPlayerService::getOMX
05-03 00:38:35.258   318   318 I OMXClient: MuxOMX ctor
05-03 00:38:35.258   309   309 I OMXMaster: makeComponentInstance(OMX.MTK.AUDIO.ENCODER.VORBIS) in mediacodec process
05-03 00:38:35.258   309   309 D MtkOmxCore: Mtk_OMX_GetHandle (OMX.MTK.AUDIO.ENCODER.VORBIS)
05-03 00:38:35.258   309   309 D MtkOmxCore: comp_index(32), path(libMtkOmxVorbisEnc.so) max_instance(32)
05-03 00:38:35.258   309   309 E MtkOmxCore: dlopen failed, dlopen failed: library "libMtkOmxVorbisEnc.so" not found
05-03 00:38:35.258   309   309 E OMX     : FAILED to allocate omx component 'OMX.MTK.AUDIO.ENCODER.VORBIS' err=ComponentNotFound(0x80001003)
05-03 00:38:35.259   318   318 W MediaCodecList: unable to open media codecs configuration xml file: /etc/media_codecs_dolby_audio.xml
05-03 00:38:35.260   318   318 I MediaPlayerService: MediaPlayerService::getOMX
05-03 00:38:35.260   318   318 I OMXClient: MuxOMX ctor
05-03 00:38:35.262   318   318 I MediaPlayerService: MediaPlayerService::getOMX
05-03 00:38:35.263   745   745 V SystemUIService: Starting SystemUI services for user 0.
05-03 00:38:35.264   318   318 I OMXClient: MuxOMX ctor
05-03 00:38:35.265   318   318 W MediaCodecList: unable to open media codecs configuration xml file: /data/misc/media/media_codecs_profiling_results.xml
05-03 00:38:35.267   318   817 I MediaPlayerService: MediaPlayerService::getOMX
05-03 00:38:35.268   634   790 I OMXClient: MuxOMX ctor
05-03 00:38:35.268   634   790 E ACodec  : Unable to instantiate a decoder for type 'audio/vorbis' with err 0xfffffffe.
05-03 00:38:35.268   634   790 E ACodec  : signalError(omxError 0xfffffffe, internalError -2)
05-03 00:38:35.268   634   790 E MediaCodec: Codec reported err 0xfffffffe, actionCode 0, while in state 1
05-03 00:38:35.269   634   773 E SoundPool: Unable to load sample
05-03 00:38:35.270   634   710 W AudioService: onLoadSoundEffects(), Error -2147483648 while loading samples
05-03 00:38:35.324   634   634 W ConnectivityExtension: ConnectivityExt jar file not present
05-03 00:38:35.330   304   304 E SELinux : avc:  denied  { find } for service=profile pid=745 uid=10027 scontext=u:r:platform_app:s0:c512,c768 tcontext=u:object_r:default_android_service:s0 tclass=service_manager permissive=1
05-03 00:38:35.340   318   381 I MediaPlayerService: MediaPlayerService::getOMX
05-03 00:38:35.346   634   827 I OMXClient: MuxOMX ctor
05-03 00:38:35.346   634   827 E ACodec  : Unable to instantiate a decoder for type 'audio/vorbis' with err 0xfffffffe.
05-03 00:38:35.346   634   827 E ACodec  : signalError(omxError 0xfffffffe, internalError -2)
05-03 00:38:35.346   634   827 E MediaCodec: Codec reported err 0xfffffffe, actionCode 0, while in state 1
05-03 00:38:35.347   634   773 E SoundPool: Unable to load sample
05-03 00:38:35.369   745   745 V MediaRouter: Adding route: RouteInfo{ name=Tablet, description=null, status=null, category=RouteCategory{ name=null types=ROUTE_TYPE_LIVE_AUDIO ROUTE_TYPE_LIVE_VIDEO  groupable=false }, supportedTypes=ROUTE_TYPE_LIVE_AUDIO ROUTE_TYPE_LIVE_VIDEO , presentationDisplay=null }
05-03 00:38:35.378   634   644 I art     : Background sticky concurrent mark sweep GC freed 24653(1163KB) AllocSpace objects, 0(0B) LOS objects, 19% free, 6MB/7MB, paused 3.868ms total 100.697ms
05-03 00:38:35.381   745   745 V MediaRouter: Updating audio routes: AudioRoutesInfo{ type=SPEAKER }
05-03 00:38:35.385   745   745 V MediaRouter: Selecting route: RouteInfo{ name=Tablet, description=null, status=null, category=RouteCategory{ name=null types=ROUTE_TYPE_LIVE_AUDIO ROUTE_TYPE_LIVE_VIDEO  groupable=false }, supportedTypes=ROUTE_TYPE_LIVE_AUDIO ROUTE_TYPE_LIVE_VIDEO , presentationDisplay=null }
05-03 00:38:35.438   734   734 I LatinIME: Hardware accelerated drawing: true
05-03 00:38:35.471   745   745 V FingerprintManager: FingerprintManagerService was null
05-03 00:38:35.481   745   745 W FingerprintManager: isFingerprintHardwareDetected(): Service not connected!
05-03 00:38:35.482   745   745 W FingerprintManager: addLockoutResetCallback(): Service not connected!
05-03 00:38:35.514   634   634 D NetworkPolicy: setRestrictBackgroundUL(): false
05-03 00:38:35.524   634   634 W NetworkManagement: setDataSaverMode(): already false
05-03 00:38:35.536   277   281 I e2fsck  : /dev/block/dm-0: clean, 1743/7806976 files, 791167/31212795 blocks
05-03 00:38:35.546   277   281 D vold    : private:179_130 passed filesystem check
