05-03 00:38:35.559   277   281 V vold    : Starting restorecon of /mnt/expand/ccb8cd26-397e-4043-9e2c-fe9b89f2def0
05-03 00:38:35.680   745   841 E WVMExtractor: Failed to open libwvm.so: dlopen failed: library "libwvm.so" not found
05-03 00:38:35.711   318   381 I MediaPlayerService: MediaPlayerService::getOMX
05-03 00:38:35.716   745   844 I OMXClient: MuxOMX ctor
05-03 00:38:35.717   745   844 E ACodec  : Unable to instantiate a decoder for type 'audio/vorbis' with err 0xfffffffe.
05-03 00:38:35.717   745   844 E ACodec  : signalError(omxError 0xfffffffe, internalError -2)
05-03 00:38:35.717   745   844 E MediaCodec: Codec reported err 0xfffffffe, actionCode 0, while in state 1
05-03 00:38:35.718   745   841 E SoundPool: Unable to load sample
05-03 00:38:35.734   318   318 I MediaPlayerService: MediaPlayerService::getOMX
05-03 00:38:35.737   745   845 I OMXClient: MuxOMX ctor
05-03 00:38:35.740   745   845 E ACodec  : Unable to instantiate a decoder for type 'audio/vorbis' with err 0xfffffffe.
05-03 00:38:35.740   745   845 E ACodec  : signalError(omxError 0xfffffffe, internalError -2)
05-03 00:38:35.740   745   845 E MediaCodec: Codec reported err 0xfffffffe, actionCode 0, while in state 1
05-03 00:38:35.742   745   841 E SoundPool: Unable to load sample
05-03 00:38:35.766   318   817 I MediaPlayerService: MediaPlayerService::getOMX
05-03 00:38:35.770   745   849 I OMXClient: MuxOMX ctor
05-03 00:38:35.771   745   849 E ACodec  : Unable to instantiate a decoder for type 'audio/vorbis' with err 0xfffffffe.
05-03 00:38:35.771   745   849 E ACodec  : signalError(omxError 0xfffffffe, internalError -2)
05-03 00:38:35.772   745   849 E MediaCodec: Codec reported err 0xfffffffe, actionCode 0, while in state 1
05-03 00:38:35.773   745   841 E SoundPool: Unable to load sample
05-03 00:38:35.780   497   497 I mali-hist-dump: type=1400 audit(0.0:52): avc: denied { ioctl } for path="/dev/mali0" dev="tmpfs" ino=8699 ioctlcmd=821b scontext=u:r:bootanim:s0 tcontext=u:object_r:device:s0 tclass=chr_file permissive=1
05-03 00:38:35.889   277   281 V vold    : Finished restorecon of /mnt/expand/ccb8cd26-397e-4043-9e2c-fe9b89f2def0
05-03 00:38:35.891   634   686 D VoldConnector: RCV <- {650 emulated:179_130 2 "" ""}
05-03 00:38:35.894   634   686 D VoldConnector: RCV <- {654 emulated:179_130 ccb8cd26-397e-4043-9e2c-fe9b89f2def0}
05-03 00:38:35.900   634   686 D VoldConnector: RCV <- {651 emulated:179_130 0}
05-03 00:38:35.904   634   686 D VoldConnector: RCV <- {651 private:179_130 2}
05-03 00:38:35.908   634   655 V MountService: Found primary storage at VolumeInfo{emulated:179_130}:
05-03 00:38:35.908   634   655 V MountService:     type=EMULATED diskId=null partGuid=null mountFlags=0 mountUserId=-1
05-03 00:38:35.908   634   655 V MountService:     state=UNMOUNTED
05-03 00:38:35.908   634   655 V MountService:     fsType=null fsUuid=null fsLabel=null
05-03 00:38:35.908   634   655 V MountService:     path=null internalPath=null
05-03 00:38:35.915   634   686 D VoldConnector: RCV <- {200 5 Command succeeded}
05-03 00:38:35.922   634   685 E VoldConnector: NDC Command {5 volume mount private:179_130 0 -1} took too long (999ms)
05-03 00:38:35.927   634   685 D VoldConnector: SND -> {6 volume mount emulated:179_130 3 -1}
05-03 00:38:35.935   277   281 V vold    : Waiting for FUSE to spin up...
05-03 00:38:35.937   634   686 D VoldConnector: RCV <- {651 emulated:179_130 1}
05-03 00:38:35.941   634   686 D VoldConnector: RCV <- {656 emulated:179_130 /mnt/expand/ccb8cd26-397e-4043-9e2c-fe9b89f2def0/media}
05-03 00:38:35.944   634   686 D VoldConnector: RCV <- {655 emulated:179_130 /storage/emulated}
05-03 00:38:35.985   277   281 V vold    : Waiting for FUSE to spin up...
05-03 00:38:35.985   850   850 W sdcard  : Device explicitly enabled sdcardfs
05-03 00:38:36.036   634   686 D VoldConnector: RCV <- {651 emulated:179_130 2}
05-03 00:38:36.039   634   686 D VoldConnector: RCV <- {200 6 Command succeeded}
05-03 00:38:36.100   634   644 I art     : Background partial concurrent mark sweep GC freed 26961(1513KB) AllocSpace objects, 7(132KB) LOS objects, 33% free, 6MB/9MB, paused 2.157ms total 114.655ms
05-03 00:38:36.135   745   745 I vol.Events: writeEvent collection_started
05-03 00:38:36.158   634   693 I Process : Sending signal. PID: 634 SIG: 9
05-03 00:38:36.277   313   313 E         : eof
05-03 00:38:36.277   313   313 E         : failed to read size
05-03 00:38:36.277   313   313 I         : closing connection
05-03 00:38:36.277   304   304 I ServiceManager: service 'contexthub_service' died
05-03 00:38:36.277   304   304 I ServiceManager: service 'serial' died
05-03 00:38:36.277   304   304 I ServiceManager: service 'hardware_properties' died
05-03 00:38:36.277   304   304 I ServiceManager: service 'jobscheduler' died
05-03 00:38:36.277   304   304 I ServiceManager: service 'soundtrigger' died
05-03 00:38:36.277   304   304 I ServiceManager: service 'backup' died
05-03 00:38:36.277   304   304 I ServiceManager: service 'appwidget' died
05-03 00:38:36.277   304   304 I ServiceManager: service 'voiceinteraction' died
05-03 00:38:36.277   745   761 W Sensors : sensorservice died [0xeb1c1c40]
05-03 00:38:36.277   304   304 I ServiceManager: service 'diskstats' died
05-03 00:38:36.277   304   304 I ServiceManager: service 'samplingprofiler' died
05-03 00:38:36.277   304   304 I ServiceManager: service 'network_time_update_service' died
05-03 00:38:36.277   304   304 I ServiceManager: service 'commontime_management' died
05-03 00:38:36.277   304   304 I ServiceManager: service 'dreams' died
05-03 00:38:36.277   304   304 I ServiceManager: service 'assetatlas' died
05-03 00:38:36.277   304   304 I ServiceManager: service 'graphicsstats' died
05-03 00:38:36.277   304   304 I ServiceManager: service 'print' died
05-03 00:38:36.277   304   304 I ServiceManager: service 'restrictions' died
05-03 00:38:36.277   304   304 I ServiceManager: service 'media_session' died
05-03 00:38:36.277   304   304 I ServiceManager: service 'media_router' died
05-03 00:38:36.277   304   304 I ServiceManager: service 'trust' died
05-03 00:38:36.277   304   304 I ServiceManager: service 'launcherapps' died
05-03 00:38:36.277   304   304 I ServiceManager: service 'shortcut' died
05-03 00:38:36.277   304   304 I ServiceManager: service 'media_projection' died
05-03 00:38:36.277   304   304 I ServiceManager: service 'imms' died
05-03 00:38:36.277   304   304 I ServiceManager: service 'cmstatusbar' died
05-03 00:38:36.277   304   304 I ServiceManager: service 'profile' died
05-03 00:38:36.277   304   304 I ServiceManager: service 'cmtelephonymanager' died
05-03 00:38:36.277   304   304 I ServiceManager: service 'cmhardware' died
05-03 00:38:36.277   304   304 I ServiceManager: service 'cmperformance' died
05-03 00:38:36.277   304   304 I ServiceManager: service 'cmweather' died
05-03 00:38:36.277   304   304 I ServiceManager: service 'cmlivedisplay' died
05-03 00:38:36.277   304   304 I ServiceManager: service 'bluetooth_manager' died
05-03 00:38:36.277   304   304 I ServiceManager: service 'connectivity_metrics_logger' died
05-03 00:38:36.278   304   304 I ServiceManager: service 'connmetrics' died
05-03 00:38:36.278   304   304 I ServiceManager: service 'netd_listener' died
05-03 00:38:36.278   304   304 I ServiceManager: service 'netpolicy' died
05-03 00:38:36.278   304   304 I ServiceManager: service 'wifip2p' died
05-03 00:38:36.278   304   304 I ServiceManager: service 'wifi' died
05-03 00:38:36.278   304   304 I ServiceManager: service 'wifiscanner' died
05-03 00:38:36.278   304   304 I ServiceManager: service 'rttmanager' died
05-03 00:38:36.278   303   303 I lowmemorykiller: ActivityManager disconnected
05-03 00:38:36.278   304   304 I ServiceManager: service 'ethernet' died
05-03 00:38:36.278   304   304 I ServiceManager: service 'connectivity' died
05-03 00:38:36.278   303   303 I lowmemorykiller: Closing Activity Manager data connection
05-03 00:38:36.278   304   304 I ServiceManager: service 'servicediscovery' died
05-03 00:38:36.278   304   304 I ServiceManager: service 'updatelock' died
05-03 00:38:36.278   304   304 I ServiceManager: service 'recovery' died
05-03 00:38:36.278   304   304 I ServiceManager: service 'notification' died
05-03 00:38:36.278   304   304 I ServiceManager: service 'devicestoragemonitor' died
05-03 00:38:36.278   304   304 I ServiceManager: service 'location' died
05-03 00:38:36.278   304   304 I ServiceManager: service 'country_detector' died
05-03 00:38:36.278   304   304 I ServiceManager: service 'search' died
05-03 00:38:36.278   304   304 I ServiceManager: service 'dropbox' died
05-03 00:38:36.278   304   304 I ServiceManager: service 'wallpaper' died
05-03 00:38:36.278   304   304 I ServiceManager: service 'audio' died
05-03 00:38:36.278   304   304 I ServiceManager: service 'DockObserver' died
05-03 00:38:36.278   304   304 I ServiceManager: service 'usb' died
05-03 00:38:36.278   304   304 I ServiceManager: service 'package' died
05-03 00:38:36.278   304   304 I ServiceManager: service 'otadexopt' died
05-03 00:38:36.278   304   304 I ServiceManager: service 'user' died
05-03 00:38:36.278   304   304 I ServiceManager: service 'activity' died
05-03 00:38:36.278   304   304 I ServiceManager: service 'procstats' died
05-03 00:38:36.278   304   304 I ServiceManager: service 'meminfo' died
05-03 00:38:36.278   304   304 I ServiceManager: service 'gfxinfo' died
05-03 00:38:36.278   304   304 I ServiceManager: service 'dbinfo' died
05-03 00:38:36.278   304   304 I ServiceManager: service 'cpuinfo' died
05-03 00:38:36.278   304   304 I ServiceManager: service 'permission' died
05-03 00:38:36.278   304   304 I ServiceManager: service 'processinfo' died
05-03 00:38:36.278   304   304 I ServiceManager: service 'sensorservice' died
05-03 00:38:36.278   304   304 I ServiceManager: service 'battery' died
05-03 00:38:36.278   304   304 I ServiceManager: service 'vrmanager' died
05-03 00:38:36.278   304   304 I ServiceManager: service 'usagestats' died
05-03 00:38:36.278   304   304 I ServiceManager: service 'webviewupdate' died
05-03 00:38:36.278   304   304 I ServiceManager: service 'scheduling_policy' died
05-03 00:38:36.278   304   304 I ServiceManager: service 'telephony.registry' died
05-03 00:38:36.278   304   304 I ServiceManager: service 'media.camera.proxy' died
05-03 00:38:36.278   304   304 I ServiceManager: service 'account' died
05-03 00:38:36.278   304   304 I ServiceManager: service 'content' died
05-03 00:38:36.278   304   304 I ServiceManager: service 'vibrator' died
05-03 00:38:36.279   304   304 I ServiceManager: service 'consumer_ir' died
05-03 00:38:36.279   304   304 I ServiceManager: service 'batterystats' died
05-03 00:38:36.279   304   304 I ServiceManager: service 'appops' died
05-03 00:38:36.279   304   304 I ServiceManager: service 'power' died
05-03 00:38:36.279   304   304 I ServiceManager: service 'display' died
05-03 00:38:36.279   304   304 I ServiceManager: service 'alarm' died
05-03 00:38:36.279   304   304 I ServiceManager: service 'deviceidle' died
05-03 00:38:36.279   304   304 I ServiceManager: service 'pinner' died
05-03 00:38:36.279   304   304 I ServiceManager: service 'device_policy' died
05-03 00:38:36.279   304   304 I ServiceManager: service 'window' died
05-03 00:38:36.279   304   304 I ServiceManager: service 'input' died
05-03 00:38:36.279   304   304 I ServiceManager: service 'input_method' died
05-03 00:38:36.279   304   304 I ServiceManager: service 'accessibility' died
05-03 00:38:36.279   304   304 I ServiceManager: service 'mount' died
05-03 00:38:36.279   304   304 I ServiceManager: service 'uimode' died
05-03 00:38:36.279   304   304 I ServiceManager: service 'lock_settings' died
05-03 00:38:36.279   304   304 I ServiceManager: service 'statusbar' died
05-03 00:38:36.279   304   304 I ServiceManager: service 'clipboard' died
05-03 00:38:36.279   304   304 I ServiceManager: service 'network_management' died
05-03 00:38:36.279   304   304 I ServiceManager: service 'textservices' died
05-03 00:38:36.279   304   304 I ServiceManager: service 'network_score' died
05-03 00:38:36.279   304   304 I ServiceManager: service 'netstats' died